==================== [n3 fno_mean] UniJDOT ====================
[curriculum] scenario=UniDA  strategy=hard  n_unknown=3  rank_variant=fno_mean
[curriculum] source mapping (7 classes): {'lying': 'lying', 'sitting': 'sitting', 'walking': 'walking', 'running': 'running', 'other (transient activities)': 'other (transient activities)', 'descending stairs': 'descending stairs', 'ascending stairs': 'ascending stairs'}
[curriculum] target mapping (7 classes): {'Lying down': 'lying', 'Sitting and relaxing': 'sitting', 'Walking': 'walking', 'Running': 'running', 'Climbing stairs': 'Climbing stairs', 'Frontal elevation of arms': 'Frontal elevation of arms', 'Jogging': 'Jogging'}
[curriculum] unknowns added (in hard order): src=[other (transient activities),descending stairs,ascending stairs] | trg=[Climbing stairs,Frontal elevation of arms,Jogging]
[scenario] UniJDOT -> UniDA (uniDA=True)
Unlabeled data shape:  (2835, 150, 18)
Unlabelled Combined shape: (4888, 150, 18)

--- Dataloader Size Check ---
Source Train batches:   257
Target Train batches:   88
-------------------------------

Private classes:  tensor([7., 8., 9.])
=============================================
Dataset: Pamap2 to MHEALTH_UniDA_hard_n3_fno_mean
Method:  UniJDOT
=============================================
Source: Pamap2 ---> Target: MHEALTH
Run ID: 0
=============================================
[Pr Epoch : 1/20]
Pr_Src_cls_loss	: 0.5210
-------------------------------------
[Pr Epoch : 2/20]
Pr_Src_cls_loss	: 0.4179
-------------------------------------
[Pr Epoch : 3/20]
Pr_Src_cls_loss	: 0.3578
-------------------------------------
[Pr Epoch : 4/20]
Pr_Src_cls_loss	: 0.3189
-------------------------------------
[Pr Epoch : 5/20]
Pr_Src_cls_loss	: 0.2886
-------------------------------------
[Pr Epoch : 6/20]
Pr_Src_cls_loss	: 0.2669
-------------------------------------
[Pr Epoch : 7/20]
Pr_Src_cls_loss	: 0.2496
-------------------------------------
[Pr Epoch : 8/20]
Pr_Src_cls_loss	: 0.2352
-------------------------------------
[Pr Epoch : 9/20]
Pr_Src_cls_loss	: 0.2221
-------------------------------------
[Pr Epoch : 10/20]
Pr_Src_cls_loss	: 0.2114
-------------------------------------
[Pr Epoch : 11/20]
Pr_Src_cls_loss	: 0.2016
-------------------------------------
[Pr Epoch : 12/20]
Pr_Src_cls_loss	: 0.1925
-------------------------------------
[Pr Epoch : 13/20]
Pr_Src_cls_loss	: 0.1851
-------------------------------------
[Pr Epoch : 14/20]
Pr_Src_cls_loss	: 0.1782
-------------------------------------
[Pr Epoch : 15/20]
Pr_Src_cls_loss	: 0.1718
-------------------------------------
[Pr Epoch : 16/20]
Pr_Src_cls_loss	: 0.1661
-------------------------------------
[Pr Epoch : 17/20]
Pr_Src_cls_loss	: 0.1603
-------------------------------------
[Pr Epoch : 18/20]
Pr_Src_cls_loss	: 0.1559
-------------------------------------
[Pr Epoch : 19/20]
Pr_Src_cls_loss	: 0.1512
-------------------------------------
[Pr Epoch : 20/20]
Pr_Src_cls_loss	: 0.1474
-------------------------------------
/mnt/data/home/tp2474/OpenSet-AdaTime/algorithms/algorithms.py:1865: UserWarning: Implicit dimension choice for softmax has been deprecated. Change the call to include dim=X as an argument.
  trg_soft_cen = torch.nn.functional.softmax(after_lincls_cen).double()
[Epoch : 1/20]
Pr_Src_cls_loss	: 0.1474
Total_loss	: 0.0981
loss_cls	: 0.0367
loss_align	: 0.0614
-------------------------------------
[Epoch : 2/20]
Pr_Src_cls_loss	: 0.1474
Total_loss	: 0.0872
loss_cls	: 0.0347
loss_align	: 0.0525
-------------------------------------
[Epoch : 3/20]
Pr_Src_cls_loss	: 0.1474
Total_loss	: 0.0822
loss_cls	: 0.0356
loss_align	: 0.0466
-------------------------------------
[Epoch : 4/20]
Pr_Src_cls_loss	: 0.1474
Total_loss	: 0.0771
loss_cls	: 0.0347
loss_align	: 0.0424
-------------------------------------
[Epoch : 5/20]
Pr_Src_cls_loss	: 0.1474
Total_loss	: 0.0747
loss_cls	: 0.0356
loss_align	: 0.0391
-------------------------------------
[Epoch : 6/20]
Pr_Src_cls_loss	: 0.1474
Total_loss	: 0.0729
loss_cls	: 0.0362
loss_align	: 0.0366
-------------------------------------
[Epoch : 7/20]
Pr_Src_cls_loss	: 0.1474
Total_loss	: 0.0698
loss_cls	: 0.0354
loss_align	: 0.0344
-------------------------------------
[Epoch : 8/20]
Pr_Src_cls_loss	: 0.1474
Total_loss	: 0.0664
loss_cls	: 0.0341
loss_align	: 0.0324
-------------------------------------
[Epoch : 9/20]
Pr_Src_cls_loss	: 0.1474
Total_loss	: 0.0643
loss_cls	: 0.0335
loss_align	: 0.0308
Src_cls_loss	: 0.0000
-------------------------------------
[Epoch : 10/20]
Pr_Src_cls_loss	: 0.1474
Total_loss	: 0.0623
loss_cls	: 0.0329
loss_align	: 0.0295
Src_cls_loss	: 0.0000
-------------------------------------
[Epoch : 11/20]
Pr_Src_cls_loss	: 0.1474
Total_loss	: 0.0601
loss_cls	: 0.0319
loss_align	: 0.0282
Src_cls_loss	: 0.0000
-------------------------------------
[Epoch : 12/20]
Pr_Src_cls_loss	: 0.1474
Total_loss	: 0.0590
loss_cls	: 0.0317
loss_align	: 0.0272
Src_cls_loss	: 0.0000
-------------------------------------
[Epoch : 13/20]
Pr_Src_cls_loss	: 0.1474
Total_loss	: 0.0575
loss_cls	: 0.0312
loss_align	: 0.0263
Src_cls_loss	: 0.0000
-------------------------------------
[Epoch : 14/20]
Pr_Src_cls_loss	: 0.1474
Total_loss	: 0.0562
loss_cls	: 0.0309
loss_align	: 0.0254
Src_cls_loss	: 0.0000
-------------------------------------
[Epoch : 15/20]
Pr_Src_cls_loss	: 0.1474
Total_loss	: 0.0557
loss_cls	: 0.0309
loss_align	: 0.0247
Src_cls_loss	: 0.0000
-------------------------------------
[Epoch : 16/20]
Pr_Src_cls_loss	: 0.1474
Total_loss	: 0.0549
loss_cls	: 0.0307
loss_align	: 0.0242
Src_cls_loss	: 0.0000
-------------------------------------
[Epoch : 17/20]
Pr_Src_cls_loss	: 0.1474
Total_loss	: 0.0542
loss_cls	: 0.0306
loss_align	: 0.0236
Src_cls_loss	: 0.0000
-------------------------------------
[Epoch : 18/20]
Pr_Src_cls_loss	: 0.1474
Total_loss	: 0.0533
loss_cls	: 0.0303
loss_align	: 0.0230
Src_cls_loss	: 0.0000
-------------------------------------
[Epoch : 19/20]
Pr_Src_cls_loss	: 0.1474
Total_loss	: 0.0526
loss_cls	: 0.0301
loss_align	: 0.0225
Src_cls_loss	: 0.0000
-------------------------------------
[Epoch : 20/20]
Pr_Src_cls_loss	: 0.1474
Total_loss	: 0.0517
loss_cls	: 0.0296
loss_align	: 0.0220
Src_cls_loss	: 0.0000
-------------------------------------
/mnt/data/home/tp2474/OpenSet-AdaTime/trainers/abstract_trainer.py:331: FutureWarning: The behavior of DataFrame concatenation with empty or all-NA entries is deprecated. In a future version, this will no longer exclude empty or all-NA columns when determining the result dtypes. To retain the old behavior, exclude the relevant entries before the concat operation.
  table = pd.concat([table, results_df], ignore_index=True)

[UniJDOT Debug] final_threshold = 0.5120 conf mean=0.5062 std=0.0867 reject=40.62%
[UniJDOT Eval ALL] n=2835 threshold=0.5120
[UniJDOT Eval ALL] conf: min=0.2004 max=0.5906 mean=0.5070 std=0.0800
[UniJDOT Eval ALL] rejected: 43.74%
[UniJDOT Eval ALL] pred class dist (pre-reject): [137, 378, 0, 606, 0, 1070, 644]
[UniJDOT Eval ALL] true label dist: [0, 0, 409, 0, 405, 405, 410, 1206] (last bin = unknown)
H_score: 0.2171, OS* (acc_c): 0.1492, UNK (acc_p): 0.3988, acc_mix: 0.2554, F1: 0.2180
[UniJDOT Eval ALL] n=2835 threshold=0.5120
[UniJDOT Eval ALL] conf: min=0.2004 max=0.5906 mean=0.5070 std=0.0800
[UniJDOT Eval ALL] rejected: 43.74%
[UniJDOT Eval ALL] pred class dist (pre-reject): [137, 378, 0, 606, 0, 1070, 644]
[UniJDOT Eval ALL] true label dist: [0, 0, 409, 0, 405, 405, 410, 1206] (last bin = unknown)
Uploading logs from: /mnt/data/home/tp2474/OpenSet-AdaTime/experiments_logs/curriculum/Pamap2 to MHEALTH_UniDA_hard_n3_fno_mean/UniJDOT_UniDA_hard_n3_fno_mean/Pamap2_to_MHEALTH_run_0
🏃 View run UniJDOT_run_0 at: http://127.0.0.1:5001/#/experiments/831616982840413454/runs/6b196bfe58a5443884b72e55ef1b3d94
🧪 View experiment at: http://127.0.0.1:5001/#/experiments/831616982840413454
=============================================
Dataset: Pamap2 to MHEALTH_UniDA_hard_n3_fno_mean
Method:  UniJDOT
=============================================
Source: Pamap2 ---> Target: MHEALTH
Run ID: 1
=============================================
[Pr Epoch : 1/20]
Pr_Src_cls_loss	: 0.5550
-------------------------------------
[Pr Epoch : 2/20]
Pr_Src_cls_loss	: 0.4358
-------------------------------------
[Pr Epoch : 3/20]
Pr_Src_cls_loss	: 0.3761
-------------------------------------
[Pr Epoch : 4/20]
Pr_Src_cls_loss	: 0.3289
-------------------------------------
[Pr Epoch : 5/20]
Pr_Src_cls_loss	: 0.2991
-------------------------------------
[Pr Epoch : 6/20]
Pr_Src_cls_loss	: 0.2762
-------------------------------------
[Pr Epoch : 7/20]
Pr_Src_cls_loss	: 0.2580
-------------------------------------
[Pr Epoch : 8/20]
Pr_Src_cls_loss	: 0.2398
-------------------------------------
[Pr Epoch : 9/20]
Pr_Src_cls_loss	: 0.2264
-------------------------------------
[Pr Epoch : 10/20]
Pr_Src_cls_loss	: 0.2144
-------------------------------------
[Pr Epoch : 11/20]
Pr_Src_cls_loss	: 0.2031
-------------------------------------
[Pr Epoch : 12/20]
Pr_Src_cls_loss	: 0.1938
-------------------------------------
[Pr Epoch : 13/20]
Pr_Src_cls_loss	: 0.1862
-------------------------------------
[Pr Epoch : 14/20]
Pr_Src_cls_loss	: 0.1785
-------------------------------------
[Pr Epoch : 15/20]
Pr_Src_cls_loss	: 0.1717
-------------------------------------
[Pr Epoch : 16/20]
Pr_Src_cls_loss	: 0.1658
-------------------------------------
[Pr Epoch : 17/20]
Pr_Src_cls_loss	: 0.1604
-------------------------------------
[Pr Epoch : 18/20]
Pr_Src_cls_loss	: 0.1557
-------------------------------------
[Pr Epoch : 19/20]
Pr_Src_cls_loss	: 0.1513
-------------------------------------
[Pr Epoch : 20/20]
Pr_Src_cls_loss	: 0.1473
-------------------------------------
/mnt/data/home/tp2474/OpenSet-AdaTime/algorithms/algorithms.py:1865: UserWarning: Implicit dimension choice for softmax has been deprecated. Change the call to include dim=X as an argument.
  trg_soft_cen = torch.nn.functional.softmax(after_lincls_cen).double()
[Epoch : 1/20]
Pr_Src_cls_loss	: 0.1473
Total_loss	: 0.0976
loss_cls	: 0.0366
loss_align	: 0.0610
-------------------------------------
[Epoch : 2/20]
Pr_Src_cls_loss	: 0.1473
Total_loss	: 0.0864
loss_cls	: 0.0342
loss_align	: 0.0522
-------------------------------------
[Epoch : 3/20]
Pr_Src_cls_loss	: 0.1473
Total_loss	: 0.0806
loss_cls	: 0.0346
loss_align	: 0.0460
-------------------------------------
[Epoch : 4/20]
Pr_Src_cls_loss	: 0.1473
Total_loss	: 0.0765
loss_cls	: 0.0340
loss_align	: 0.0425
-------------------------------------
[Epoch : 5/20]
Pr_Src_cls_loss	: 0.1473
Total_loss	: 0.0774
loss_cls	: 0.0332
loss_align	: 0.0442
-------------------------------------
[Epoch : 6/20]
Pr_Src_cls_loss	: 0.1473
Total_loss	: 0.0813
loss_cls	: 0.0332
loss_align	: 0.0482
-------------------------------------
[Epoch : 7/20]
Pr_Src_cls_loss	: 0.1473
Total_loss	: 0.0826
loss_cls	: 0.0323
loss_align	: 0.0503
-------------------------------------
[Epoch : 8/20]
Pr_Src_cls_loss	: 0.1473
Total_loss	: 0.0832
loss_cls	: 0.0316
loss_align	: 0.0516
-------------------------------------
[Epoch : 9/20]
Pr_Src_cls_loss	: 0.1473
Total_loss	: 0.0836
loss_cls	: 0.0310
loss_align	: 0.0526
Src_cls_loss	: 0.0000
-------------------------------------
[Epoch : 10/20]
Pr_Src_cls_loss	: 0.1473
Total_loss	: 0.0842
loss_cls	: 0.0308
loss_align	: 0.0534
Src_cls_loss	: 0.0000
-------------------------------------
[Epoch : 11/20]
Pr_Src_cls_loss	: 0.1473
Total_loss	: 0.0845
loss_cls	: 0.0302
loss_align	: 0.0543
Src_cls_loss	: 0.0000
-------------------------------------
[Epoch : 12/20]
Pr_Src_cls_loss	: 0.1473
Total_loss	: 0.0852
loss_cls	: 0.0301
loss_align	: 0.0551
Src_cls_loss	: 0.0000
-------------------------------------
[Epoch : 13/20]
Pr_Src_cls_loss	: 0.1473
Total_loss	: 0.0854
loss_cls	: 0.0298
loss_align	: 0.0556
Src_cls_loss	: 0.0000
-------------------------------------
[Epoch : 14/20]
Pr_Src_cls_loss	: 0.1473
Total_loss	: 0.0851
loss_cls	: 0.0293
loss_align	: 0.0558
Src_cls_loss	: 0.0000
-------------------------------------
[Epoch : 15/20]
Pr_Src_cls_loss	: 0.1473
Total_loss	: 0.0848
loss_cls	: 0.0290
loss_align	: 0.0557
Src_cls_loss	: 0.0000
-------------------------------------
[Epoch : 16/20]
Pr_Src_cls_loss	: 0.1473
Total_loss	: 0.0840
loss_cls	: 0.0286
loss_align	: 0.0555
Src_cls_loss	: 0.0000
-------------------------------------
[Epoch : 17/20]
Pr_Src_cls_loss	: 0.1473
Total_loss	: 0.0838
loss_cls	: 0.0287
loss_align	: 0.0551
Src_cls_loss	: 0.0000
-------------------------------------
[Epoch : 18/20]
Pr_Src_cls_loss	: 0.1473
Total_loss	: 0.0830
loss_cls	: 0.0281
loss_align	: 0.0548
Src_cls_loss	: 0.0000
-------------------------------------
[Epoch : 19/20]
Pr_Src_cls_loss	: 0.1473
Total_loss	: 0.0826
loss_cls	: 0.0279
loss_align	: 0.0547
Src_cls_loss	: 0.0000
-------------------------------------
[Epoch : 20/20]
Pr_Src_cls_loss	: 0.1473
Total_loss	: 0.0822
loss_cls	: 0.0277
loss_align	: 0.0546
Src_cls_loss	: 0.0000
-------------------------------------

[UniJDOT Debug] final_threshold = 0.4156 conf mean=0.3001 std=0.1628 reject=65.62%
[UniJDOT Eval ALL] n=2835 threshold=0.4156
[UniJDOT Eval ALL] conf: min=0.1438 max=0.6075 mean=0.2996 std=0.1655
[UniJDOT Eval ALL] rejected: 61.52%
[UniJDOT Eval ALL] pred class dist (pre-reject): [44, 1133, 334, 769, 2, 161, 392]
[UniJDOT Eval ALL] true label dist: [0, 0, 409, 0, 405, 405, 410, 1206] (last bin = unknown)
H_score: 0.4998, OS* (acc_c): 0.3696, UNK (acc_p): 0.7720, acc_mix: 0.5407, F1: 0.4991
[UniJDOT Eval ALL] n=2835 threshold=0.4156
[UniJDOT Eval ALL] conf: min=0.1438 max=0.6075 mean=0.2996 std=0.1655
[UniJDOT Eval ALL] rejected: 61.52%
[UniJDOT Eval ALL] pred class dist (pre-reject): [44, 1133, 334, 769, 2, 161, 392]
[UniJDOT Eval ALL] true label dist: [0, 0, 409, 0, 405, 405, 410, 1206] (last bin = unknown)
Uploading logs from: /mnt/data/home/tp2474/OpenSet-AdaTime/experiments_logs/curriculum/Pamap2 to MHEALTH_UniDA_hard_n3_fno_mean/UniJDOT_UniDA_hard_n3_fno_mean/Pamap2_to_MHEALTH_run_1
🏃 View run UniJDOT_run_1 at: http://127.0.0.1:5001/#/experiments/831616982840413454/runs/90cbdc466cf5464aa91713c80b33c22b
🧪 View experiment at: http://127.0.0.1:5001/#/experiments/831616982840413454
=============================================
Dataset: Pamap2 to MHEALTH_UniDA_hard_n3_fno_mean
Method:  UniJDOT
=============================================
Source: Pamap2 ---> Target: MHEALTH
Run ID: 2
=============================================
[Pr Epoch : 1/20]
Pr_Src_cls_loss	: 0.6412
-------------------------------------
[Pr Epoch : 2/20]
Pr_Src_cls_loss	: 0.4914
-------------------------------------
[Pr Epoch : 3/20]
Pr_Src_cls_loss	: 0.4157
-------------------------------------
[Pr Epoch : 4/20]
Pr_Src_cls_loss	: 0.3651
-------------------------------------
[Pr Epoch : 5/20]
Pr_Src_cls_loss	: 0.3276
-------------------------------------
[Pr Epoch : 6/20]
Pr_Src_cls_loss	: 0.2985
-------------------------------------
[Pr Epoch : 7/20]
Pr_Src_cls_loss	: 0.2760
-------------------------------------
[Pr Epoch : 8/20]
Pr_Src_cls_loss	: 0.2564
-------------------------------------
[Pr Epoch : 9/20]
Pr_Src_cls_loss	: 0.2404
-------------------------------------
[Pr Epoch : 10/20]
Pr_Src_cls_loss	: 0.2273
-------------------------------------
[Pr Epoch : 11/20]
Pr_Src_cls_loss	: 0.2161
-------------------------------------
[Pr Epoch : 12/20]
Pr_Src_cls_loss	: 0.2058
-------------------------------------
[Pr Epoch : 13/20]
Pr_Src_cls_loss	: 0.1965
-------------------------------------
[Pr Epoch : 14/20]
Pr_Src_cls_loss	: 0.1884
-------------------------------------
[Pr Epoch : 15/20]
Pr_Src_cls_loss	: 0.1819
-------------------------------------
[Pr Epoch : 16/20]
Pr_Src_cls_loss	: 0.1750
-------------------------------------
[Pr Epoch : 17/20]
Pr_Src_cls_loss	: 0.1687
-------------------------------------
[Pr Epoch : 18/20]
Pr_Src_cls_loss	: 0.1634
-------------------------------------
[Pr Epoch : 19/20]
Pr_Src_cls_loss	: 0.1581
-------------------------------------
[Pr Epoch : 20/20]
Pr_Src_cls_loss	: 0.1536
-------------------------------------
/mnt/data/home/tp2474/OpenSet-AdaTime/algorithms/algorithms.py:1865: UserWarning: Implicit dimension choice for softmax has been deprecated. Change the call to include dim=X as an argument.
  trg_soft_cen = torch.nn.functional.softmax(after_lincls_cen).double()
[Epoch : 1/20]
Pr_Src_cls_loss	: 0.1536
Total_loss	: 0.1014
loss_cls	: 0.0383
loss_align	: 0.0631
-------------------------------------
[Epoch : 2/20]
Pr_Src_cls_loss	: 0.1536
Total_loss	: 0.0949
loss_cls	: 0.0353
loss_align	: 0.0596
-------------------------------------
[Epoch : 3/20]
Pr_Src_cls_loss	: 0.1536
Total_loss	: 0.0899
loss_cls	: 0.0334
loss_align	: 0.0565
-------------------------------------
[Epoch : 4/20]
Pr_Src_cls_loss	: 0.1536
Total_loss	: 0.0864
loss_cls	: 0.0325
loss_align	: 0.0539
-------------------------------------
[Epoch : 5/20]
Pr_Src_cls_loss	: 0.1536
Total_loss	: 0.0830
loss_cls	: 0.0316
loss_align	: 0.0514
-------------------------------------
[Epoch : 6/20]
Pr_Src_cls_loss	: 0.1536
Total_loss	: 0.0810
loss_cls	: 0.0317
loss_align	: 0.0493
-------------------------------------
[Epoch : 7/20]
Pr_Src_cls_loss	: 0.1536
Total_loss	: 0.0787
loss_cls	: 0.0310
loss_align	: 0.0477
-------------------------------------
[Epoch : 8/20]
Pr_Src_cls_loss	: 0.1536
Total_loss	: 0.0765
loss_cls	: 0.0301
loss_align	: 0.0464
-------------------------------------
[Epoch : 9/20]
Pr_Src_cls_loss	: 0.1536
Total_loss	: 0.0748
loss_cls	: 0.0297
loss_align	: 0.0451
Src_cls_loss	: 0.0000
-------------------------------------
[Epoch : 10/20]
Pr_Src_cls_loss	: 0.1536
Total_loss	: 0.0736
loss_cls	: 0.0296
loss_align	: 0.0441
Src_cls_loss	: 0.0000
-------------------------------------
[Epoch : 11/20]
Pr_Src_cls_loss	: 0.1536
Total_loss	: 0.0720
loss_cls	: 0.0289
loss_align	: 0.0430
Src_cls_loss	: 0.0000
-------------------------------------
[Epoch : 12/20]
Pr_Src_cls_loss	: 0.1536
Total_loss	: 0.0704
loss_cls	: 0.0282
loss_align	: 0.0422
Src_cls_loss	: 0.0000
-------------------------------------
[Epoch : 13/20]
Pr_Src_cls_loss	: 0.1536
Total_loss	: 0.0694
loss_cls	: 0.0279
loss_align	: 0.0415
Src_cls_loss	: 0.0000
-------------------------------------
[Epoch : 14/20]
Pr_Src_cls_loss	: 0.1536
Total_loss	: 0.0685
loss_cls	: 0.0275
loss_align	: 0.0410
Src_cls_loss	: 0.0000
-------------------------------------
[Epoch : 15/20]
Pr_Src_cls_loss	: 0.1536
Total_loss	: 0.0678
loss_cls	: 0.0274
loss_align	: 0.0404
Src_cls_loss	: 0.0000
-------------------------------------
[Epoch : 16/20]
Pr_Src_cls_loss	: 0.1536
Total_loss	: 0.0671
loss_cls	: 0.0272
loss_align	: 0.0399
Src_cls_loss	: 0.0000
-------------------------------------
[Epoch : 17/20]
Pr_Src_cls_loss	: 0.1536
Total_loss	: 0.0664
loss_cls	: 0.0269
loss_align	: 0.0394
Src_cls_loss	: 0.0000
-------------------------------------
[Epoch : 18/20]
Pr_Src_cls_loss	: 0.1536
Total_loss	: 0.0658
loss_cls	: 0.0267
loss_align	: 0.0391
Src_cls_loss	: 0.0000
-------------------------------------
[Epoch : 19/20]
Pr_Src_cls_loss	: 0.1536
Total_loss	: 0.0653
loss_cls	: 0.0266
loss_align	: 0.0387
Src_cls_loss	: 0.0000
-------------------------------------
[Epoch : 20/20]
Pr_Src_cls_loss	: 0.1536
Total_loss	: 0.0645
loss_cls	: 0.0262
loss_align	: 0.0382
Src_cls_loss	: 0.0000
-------------------------------------

[UniJDOT Debug] final_threshold = 0.4253 conf mean=0.2917 std=0.1720 reject=64.06%
[UniJDOT Eval ALL] n=2835 threshold=0.4253
[UniJDOT Eval ALL] conf: min=0.1449 max=0.5676 mean=0.3186 std=0.1745
[UniJDOT Eval ALL] rejected: 62.15%
[UniJDOT Eval ALL] pred class dist (pre-reject): [408, 1282, 0, 530, 245, 352, 18]
[UniJDOT Eval ALL] true label dist: [0, 0, 409, 0, 405, 405, 410, 1206] (last bin = unknown)
H_score: 0.0012, OS* (acc_c): 0.0006, UNK (acc_p): 0.7239, acc_mix: 0.3083, F1: 0.2506
[UniJDOT Eval ALL] n=2835 threshold=0.4253
[UniJDOT Eval ALL] conf: min=0.1449 max=0.5676 mean=0.3186 std=0.1745
[UniJDOT Eval ALL] rejected: 62.15%
[UniJDOT Eval ALL] pred class dist (pre-reject): [408, 1282, 0, 530, 245, 352, 18]
[UniJDOT Eval ALL] true label dist: [0, 0, 409, 0, 405, 405, 410, 1206] (last bin = unknown)
Uploading logs from: /mnt/data/home/tp2474/OpenSet-AdaTime/experiments_logs/curriculum/Pamap2 to MHEALTH_UniDA_hard_n3_fno_mean/UniJDOT_UniDA_hard_n3_fno_mean/Pamap2_to_MHEALTH_run_2
🏃 View run UniJDOT_run_2 at: http://127.0.0.1:5001/#/experiments/831616982840413454/runs/7fba2b160aca406a9d0072063fc7fafa
🧪 View experiment at: http://127.0.0.1:5001/#/experiments/831616982840413454
=============================================
Dataset: Pamap2 to MHEALTH_UniDA_hard_n3_fno_mean
Method:  UniJDOT
=============================================
Source: Pamap2 ---> Target: MHEALTH
Run ID: 3
=============================================
[Pr Epoch : 1/20]
Pr_Src_cls_loss	: 0.5315
-------------------------------------
[Pr Epoch : 2/20]
Pr_Src_cls_loss	: 0.4124
-------------------------------------
[Pr Epoch : 3/20]
Pr_Src_cls_loss	: 0.3554
-------------------------------------
[Pr Epoch : 4/20]
Pr_Src_cls_loss	: 0.3134
-------------------------------------
[Pr Epoch : 5/20]
Pr_Src_cls_loss	: 0.2843
-------------------------------------
[Pr Epoch : 6/20]
Pr_Src_cls_loss	: 0.2621
-------------------------------------
[Pr Epoch : 7/20]
Pr_Src_cls_loss	: 0.2442
-------------------------------------
[Pr Epoch : 8/20]
Pr_Src_cls_loss	: 0.2268
-------------------------------------
[Pr Epoch : 9/20]
Pr_Src_cls_loss	: 0.2161
-------------------------------------
[Pr Epoch : 10/20]
Pr_Src_cls_loss	: 0.2051
-------------------------------------
[Pr Epoch : 11/20]
Pr_Src_cls_loss	: 0.1942
-------------------------------------
[Pr Epoch : 12/20]
Pr_Src_cls_loss	: 0.1865
-------------------------------------
[Pr Epoch : 13/20]
Pr_Src_cls_loss	: 0.1791
-------------------------------------
[Pr Epoch : 14/20]
Pr_Src_cls_loss	: 0.1726
-------------------------------------
[Pr Epoch : 15/20]
Pr_Src_cls_loss	: 0.1663
-------------------------------------
[Pr Epoch : 16/20]
Pr_Src_cls_loss	: 0.1612
-------------------------------------
[Pr Epoch : 17/20]
Pr_Src_cls_loss	: 0.1566
-------------------------------------
[Pr Epoch : 18/20]
Pr_Src_cls_loss	: 0.1520
-------------------------------------
[Pr Epoch : 19/20]
Pr_Src_cls_loss	: 0.1476
-------------------------------------
[Pr Epoch : 20/20]
Pr_Src_cls_loss	: 0.1437
-------------------------------------
/mnt/data/home/tp2474/OpenSet-AdaTime/algorithms/algorithms.py:1865: UserWarning: Implicit dimension choice for softmax has been deprecated. Change the call to include dim=X as an argument.
  trg_soft_cen = torch.nn.functional.softmax(after_lincls_cen).double()
[Epoch : 1/20]
Pr_Src_cls_loss	: 0.1437
Total_loss	: 0.0921
loss_cls	: 0.0337
loss_align	: 0.0585
-------------------------------------
[Epoch : 2/20]
Pr_Src_cls_loss	: 0.1437
Total_loss	: 0.0894
loss_cls	: 0.0355
loss_align	: 0.0539
-------------------------------------
[Epoch : 3/20]
Pr_Src_cls_loss	: 0.1437
Total_loss	: 0.0876
loss_cls	: 0.0352
loss_align	: 0.0524
-------------------------------------
[Epoch : 4/20]
Pr_Src_cls_loss	: 0.1437
Total_loss	: 0.0855
loss_cls	: 0.0352
loss_align	: 0.0503
-------------------------------------
[Epoch : 5/20]
Pr_Src_cls_loss	: 0.1437
Total_loss	: 0.0845
loss_cls	: 0.0361
loss_align	: 0.0483
-------------------------------------
[Epoch : 6/20]
Pr_Src_cls_loss	: 0.1437
Total_loss	: 0.0819
loss_cls	: 0.0355
loss_align	: 0.0464
-------------------------------------
[Epoch : 7/20]
Pr_Src_cls_loss	: 0.1437
Total_loss	: 0.0809
loss_cls	: 0.0358
loss_align	: 0.0451
-------------------------------------
[Epoch : 8/20]
Pr_Src_cls_loss	: 0.1437
Total_loss	: 0.0787
loss_cls	: 0.0350
loss_align	: 0.0437
-------------------------------------
[Epoch : 9/20]
Pr_Src_cls_loss	: 0.1437
Total_loss	: 0.0765
loss_cls	: 0.0341
loss_align	: 0.0424
Src_cls_loss	: 0.0000
-------------------------------------
[Epoch : 10/20]
Pr_Src_cls_loss	: 0.1437
Total_loss	: 0.0752
loss_cls	: 0.0338
loss_align	: 0.0415
Src_cls_loss	: 0.0000
-------------------------------------
[Epoch : 11/20]
Pr_Src_cls_loss	: 0.1437
Total_loss	: 0.0740
loss_cls	: 0.0334
loss_align	: 0.0406
Src_cls_loss	: 0.0000
-------------------------------------
[Epoch : 12/20]
Pr_Src_cls_loss	: 0.1437
Total_loss	: 0.0729
loss_cls	: 0.0330
loss_align	: 0.0398
Src_cls_loss	: 0.0000
-------------------------------------
[Epoch : 13/20]
Pr_Src_cls_loss	: 0.1437
Total_loss	: 0.0724
loss_cls	: 0.0332
loss_align	: 0.0392
Src_cls_loss	: 0.0000
-------------------------------------
[Epoch : 14/20]
Pr_Src_cls_loss	: 0.1437
Total_loss	: 0.0711
loss_cls	: 0.0326
loss_align	: 0.0385
Src_cls_loss	: 0.0000
-------------------------------------
[Epoch : 15/20]
Pr_Src_cls_loss	: 0.1437
Total_loss	: 0.0699
loss_cls	: 0.0320
loss_align	: 0.0379
Src_cls_loss	: 0.0000
-------------------------------------
[Epoch : 16/20]
Pr_Src_cls_loss	: 0.1437
Total_loss	: 0.0690
loss_cls	: 0.0317
loss_align	: 0.0373
Src_cls_loss	: 0.0000
-------------------------------------
[Epoch : 17/20]
Pr_Src_cls_loss	: 0.1437
Total_loss	: 0.0682
loss_cls	: 0.0313
loss_align	: 0.0369
Src_cls_loss	: 0.0000
-------------------------------------
[Epoch : 18/20]
Pr_Src_cls_loss	: 0.1437
Total_loss	: 0.0676
loss_cls	: 0.0311
loss_align	: 0.0365
Src_cls_loss	: 0.0000
-------------------------------------
[Epoch : 19/20]
Pr_Src_cls_loss	: 0.1437
Total_loss	: 0.0669
loss_cls	: 0.0308
loss_align	: 0.0362
Src_cls_loss	: 0.0000
-------------------------------------
[Epoch : 20/20]
Pr_Src_cls_loss	: 0.1437
Total_loss	: 0.0661
loss_cls	: 0.0304
loss_align	: 0.0358
Src_cls_loss	: 0.0000
-------------------------------------

[UniJDOT Debug] final_threshold = 0.1730 conf mean=0.2584 std=0.1444 reject=59.38%
[UniJDOT Eval ALL] n=2835 threshold=0.1730
[UniJDOT Eval ALL] conf: min=0.1449 max=0.5905 mean=0.2753 std=0.1488
[UniJDOT Eval ALL] rejected: 55.03%
[UniJDOT Eval ALL] pred class dist (pre-reject): [4, 1500, 2, 841, 5, 437, 46]
[UniJDOT Eval ALL] true label dist: [0, 0, 409, 0, 405, 405, 410, 1206] (last bin = unknown)
H_score: 0.0012, OS* (acc_c): 0.0006, UNK (acc_p): 0.5058, acc_mix: 0.2155, F1: 0.1880
[UniJDOT Eval ALL] n=2835 threshold=0.1730
[UniJDOT Eval ALL] conf: min=0.1449 max=0.5905 mean=0.2753 std=0.1488
[UniJDOT Eval ALL] rejected: 55.03%
[UniJDOT Eval ALL] pred class dist (pre-reject): [4, 1500, 2, 841, 5, 437, 46]
[UniJDOT Eval ALL] true label dist: [0, 0, 409, 0, 405, 405, 410, 1206] (last bin = unknown)
Uploading logs from: /mnt/data/home/tp2474/OpenSet-AdaTime/experiments_logs/curriculum/Pamap2 to MHEALTH_UniDA_hard_n3_fno_mean/UniJDOT_UniDA_hard_n3_fno_mean/Pamap2_to_MHEALTH_run_3
🏃 View run UniJDOT_run_3 at: http://127.0.0.1:5001/#/experiments/831616982840413454/runs/1a0ce25670f14f558d9358dd3a3aba56
🧪 View experiment at: http://127.0.0.1:5001/#/experiments/831616982840413454
=============================================
Dataset: Pamap2 to MHEALTH_UniDA_hard_n3_fno_mean
Method:  UniJDOT
=============================================
Source: Pamap2 ---> Target: MHEALTH
Run ID: 4
=============================================
[Pr Epoch : 1/20]
Pr_Src_cls_loss	: 0.5812
-------------------------------------
[Pr Epoch : 2/20]
Pr_Src_cls_loss	: 0.4607
-------------------------------------
[Pr Epoch : 3/20]
Pr_Src_cls_loss	: 0.3934
-------------------------------------
[Pr Epoch : 4/20]
Pr_Src_cls_loss	: 0.3458
-------------------------------------
[Pr Epoch : 5/20]
Pr_Src_cls_loss	: 0.3115
-------------------------------------
[Pr Epoch : 6/20]
Pr_Src_cls_loss	: 0.2851
-------------------------------------
[Pr Epoch : 7/20]
Pr_Src_cls_loss	: 0.2646
-------------------------------------
[Pr Epoch : 8/20]
Pr_Src_cls_loss	: 0.2473
-------------------------------------
[Pr Epoch : 9/20]
Pr_Src_cls_loss	: 0.2322
-------------------------------------
[Pr Epoch : 10/20]
Pr_Src_cls_loss	: 0.2193
-------------------------------------
[Pr Epoch : 11/20]
Pr_Src_cls_loss	: 0.2085
-------------------------------------
[Pr Epoch : 12/20]
Pr_Src_cls_loss	: 0.2000
-------------------------------------
[Pr Epoch : 13/20]
Pr_Src_cls_loss	: 0.1911
-------------------------------------
[Pr Epoch : 14/20]
Pr_Src_cls_loss	: 0.1836
-------------------------------------
[Pr Epoch : 15/20]
Pr_Src_cls_loss	: 0.1770
-------------------------------------
[Pr Epoch : 16/20]
Pr_Src_cls_loss	: 0.1707
-------------------------------------
[Pr Epoch : 17/20]
Pr_Src_cls_loss	: 0.1655
-------------------------------------
[Pr Epoch : 18/20]
Pr_Src_cls_loss	: 0.1609
-------------------------------------
[Pr Epoch : 19/20]
Pr_Src_cls_loss	: 0.1557
-------------------------------------
[Pr Epoch : 20/20]
Pr_Src_cls_loss	: 0.1515
-------------------------------------
/mnt/data/home/tp2474/OpenSet-AdaTime/algorithms/algorithms.py:1865: UserWarning: Implicit dimension choice for softmax has been deprecated. Change the call to include dim=X as an argument.
  trg_soft_cen = torch.nn.functional.softmax(after_lincls_cen).double()
[Epoch : 1/20]
Pr_Src_cls_loss	: 0.1515
Total_loss	: 0.0938
loss_cls	: 0.0348
loss_align	: 0.0590
-------------------------------------
[Epoch : 2/20]
Pr_Src_cls_loss	: 0.1515
Total_loss	: 0.0886
loss_cls	: 0.0355
loss_align	: 0.0531
-------------------------------------
[Epoch : 3/20]
Pr_Src_cls_loss	: 0.1515
Total_loss	: 0.0867
loss_cls	: 0.0339
loss_align	: 0.0528
-------------------------------------
[Epoch : 4/20]
Pr_Src_cls_loss	: 0.1515
Total_loss	: 0.0891
loss_cls	: 0.0335
loss_align	: 0.0555
-------------------------------------
[Epoch : 5/20]
Pr_Src_cls_loss	: 0.1515
Total_loss	: 0.0925
loss_cls	: 0.0330
loss_align	: 0.0595
-------------------------------------
[Epoch : 6/20]
Pr_Src_cls_loss	: 0.1515
Total_loss	: 0.0946
loss_cls	: 0.0334
loss_align	: 0.0612
-------------------------------------
[Epoch : 7/20]
Pr_Src_cls_loss	: 0.1515
Total_loss	: 0.0953
loss_cls	: 0.0331
loss_align	: 0.0623
-------------------------------------
[Epoch : 8/20]
Pr_Src_cls_loss	: 0.1515
Total_loss	: 0.0949
loss_cls	: 0.0325
loss_align	: 0.0624
-------------------------------------
[Epoch : 9/20]
Pr_Src_cls_loss	: 0.1515
Total_loss	: 0.0937
loss_cls	: 0.0318
loss_align	: 0.0619
Src_cls_loss	: 0.0000
-------------------------------------
[Epoch : 10/20]
Pr_Src_cls_loss	: 0.1515
Total_loss	: 0.0926
loss_cls	: 0.0312
loss_align	: 0.0614
Src_cls_loss	: 0.0000
-------------------------------------
[Epoch : 11/20]
Pr_Src_cls_loss	: 0.1515
Total_loss	: 0.0913
loss_cls	: 0.0307
loss_align	: 0.0606
Src_cls_loss	: 0.0000
-------------------------------------
[Epoch : 12/20]
Pr_Src_cls_loss	: 0.1515
Total_loss	: 0.0905
loss_cls	: 0.0305
loss_align	: 0.0600
Src_cls_loss	: 0.0000
-------------------------------------
[Epoch : 13/20]
Pr_Src_cls_loss	: 0.1515
Total_loss	: 0.0893
loss_cls	: 0.0302
loss_align	: 0.0591
Src_cls_loss	: 0.0000
-------------------------------------
[Epoch : 14/20]
Pr_Src_cls_loss	: 0.1515
Total_loss	: 0.0881
loss_cls	: 0.0297
loss_align	: 0.0584
Src_cls_loss	: 0.0000
-------------------------------------
[Epoch : 15/20]
Pr_Src_cls_loss	: 0.1515
Total_loss	: 0.0867
loss_cls	: 0.0291
loss_align	: 0.0576
Src_cls_loss	: 0.0000
-------------------------------------
[Epoch : 16/20]
Pr_Src_cls_loss	: 0.1515
Total_loss	: 0.0857
loss_cls	: 0.0288
loss_align	: 0.0568
Src_cls_loss	: 0.0000
-------------------------------------
[Epoch : 17/20]
Pr_Src_cls_loss	: 0.1515
Total_loss	: 0.0844
loss_cls	: 0.0283
loss_align	: 0.0561
Src_cls_loss	: 0.0000
-------------------------------------
[Epoch : 18/20]
Pr_Src_cls_loss	: 0.1515
Total_loss	: 0.0830
loss_cls	: 0.0277
loss_align	: 0.0553
Src_cls_loss	: 0.0000
-------------------------------------
[Epoch : 19/20]
Pr_Src_cls_loss	: 0.1515
Total_loss	: 0.0819
loss_cls	: 0.0273
loss_align	: 0.0546
Src_cls_loss	: 0.0000
-------------------------------------
[Epoch : 20/20]
Pr_Src_cls_loss	: 0.1515
Total_loss	: 0.0811
loss_cls	: 0.0273
loss_align	: 0.0539
Src_cls_loss	: 0.0000
-------------------------------------

[UniJDOT Debug] final_threshold = 0.4555 conf mean=0.3280 std=0.1579 reject=67.19%
[UniJDOT Eval ALL] n=2835 threshold=0.4555
[UniJDOT Eval ALL] conf: min=0.1432 max=0.5470 mean=0.3099 std=0.1625
[UniJDOT Eval ALL] rejected: 69.24%
[UniJDOT Eval ALL] pred class dist (pre-reject): [307, 4, 949, 763, 85, 434, 293]
[UniJDOT Eval ALL] true label dist: [0, 0, 409, 0, 405, 405, 410, 1206] (last bin = unknown)
H_score: 0.2858, OS* (acc_c): 0.1682, UNK (acc_p): 0.9494, acc_mix: 0.5005, F1: 0.4233
[UniJDOT Eval ALL] n=2835 threshold=0.4555
[UniJDOT Eval ALL] conf: min=0.1432 max=0.5470 mean=0.3099 std=0.1625
[UniJDOT Eval ALL] rejected: 69.24%
[UniJDOT Eval ALL] pred class dist (pre-reject): [307, 4, 949, 763, 85, 434, 293]
[UniJDOT Eval ALL] true label dist: [0, 0, 409, 0, 405, 405, 410, 1206] (last bin = unknown)
Uploading logs from: /mnt/data/home/tp2474/OpenSet-AdaTime/experiments_logs/curriculum/Pamap2 to MHEALTH_UniDA_hard_n3_fno_mean/UniJDOT_UniDA_hard_n3_fno_mean/Pamap2_to_MHEALTH_run_4
🏃 View run UniJDOT_run_4 at: http://127.0.0.1:5001/#/experiments/831616982840413454/runs/d223d944e70b4824a37fa894479a4afc
🧪 View experiment at: http://127.0.0.1:5001/#/experiments/831616982840413454
==================== [n3 fno_mean] done ====================
==================== ALL n done ====================
