[I 2026-04-29 15:16:35,379] A new study created in memory with name: PPOT_CNN_RealWorld_male_to_RealWorld_female
[scenario] PPOT -> UniDA (uniDA=True)
Unlabeled data shape:  (17913, 150, 18)
Unlabelled Combined shape: (29204, 150, 18)

--- Dataloader Size Check ---
Source Train batches:   179
Target Train batches:   279
-------------------------------

Private classes:  tensor([6., 7.])
>>> [trial 0] PPOT starting
=============================================
Dataset: RealWorld_male to RealWorld_female_sweep_complete
Method:  PPOT
=============================================
Source: RealWorld_male ---> Target: RealWorld_female
Run ID: 0
=============================================
[Pr Epoch : 1/10]
Pr_Src_cls_loss	: 0.2693
-------------------------------------
[Pr Epoch : 2/10]
Pr_Src_cls_loss	: 0.2045
-------------------------------------
[Pr Epoch : 3/10]
Pr_Src_cls_loss	: 0.1711
-------------------------------------
[Pr Epoch : 4/10]
Pr_Src_cls_loss	: 0.1502
-------------------------------------
[Pr Epoch : 5/10]
Pr_Src_cls_loss	: 0.1359
-------------------------------------
[Pr Epoch : 6/10]
Pr_Src_cls_loss	: 0.1240
-------------------------------------
[Pr Epoch : 7/10]
Pr_Src_cls_loss	: 0.1158
-------------------------------------
[Pr Epoch : 8/10]
Pr_Src_cls_loss	: 0.1078
-------------------------------------
[Pr Epoch : 9/10]
Pr_Src_cls_loss	: 0.1021
-------------------------------------
[Pr Epoch : 10/10]
Pr_Src_cls_loss	: 0.0978
-------------------------------------
[Epoch : 1/10]
Pr_Src_cls_loss	: 0.0978
Total_loss	: 0.5194
OT Loss	: 0.3094
Entropic Loss	: -0.2361
Src_cls_loss	: 0.2759
-------------------------------------
[Epoch : 2/10]
Pr_Src_cls_loss	: 0.0978
Total_loss	: 0.5202
OT Loss	: 0.2845
Entropic Loss	: -0.1128
Src_cls_loss	: 0.1920
-------------------------------------
[Epoch : 3/10]
Pr_Src_cls_loss	: 0.0978
Total_loss	: 0.5352
OT Loss	: 0.2766
Entropic Loss	: -0.0710
Src_cls_loss	: 0.1775
-------------------------------------
[Epoch : 4/10]
Pr_Src_cls_loss	: 0.0978
Total_loss	: 0.5492
OT Loss	: 0.2872
Entropic Loss	: -0.0508
Src_cls_loss	: 0.1548
-------------------------------------
[Epoch : 5/10]
Pr_Src_cls_loss	: 0.0978
Total_loss	: 0.5679
OT Loss	: 0.2875
Entropic Loss	: -0.0443
Src_cls_loss	: 0.1665
-------------------------------------
[Epoch : 6/10]
Pr_Src_cls_loss	: 0.0978
Total_loss	: 0.5705
OT Loss	: 0.2815
Entropic Loss	: -0.0355
Src_cls_loss	: 0.1697
-------------------------------------
[Epoch : 7/10]
Pr_Src_cls_loss	: 0.0978
Total_loss	: 0.5757
OT Loss	: 0.2807
Entropic Loss	: -0.0300
Src_cls_loss	: 0.1706
-------------------------------------
[Epoch : 8/10]
Pr_Src_cls_loss	: 0.0978
Total_loss	: 0.5601
OT Loss	: 0.2743
Entropic Loss	: -0.0271
Src_cls_loss	: 0.1620
-------------------------------------
[Epoch : 9/10]
Pr_Src_cls_loss	: 0.0978
Total_loss	: 0.5484
OT Loss	: 0.2688
Entropic Loss	: -0.0249
Src_cls_loss	: 0.1566
-------------------------------------
[Epoch : 10/10]
Pr_Src_cls_loss	: 0.0978
Total_loss	: 0.5350
OT Loss	: 0.2640
Entropic Loss	: -0.0215
Src_cls_loss	: 0.1474
-------------------------------------
/mnt/data/home/tp2474/OpenSet-AdaTime/trainers/abstract_trainer.py:296: FutureWarning: The behavior of DataFrame concatenation with empty or all-NA entries is deprecated. In a future version, this will no longer exclude empty or all-NA columns when determining the result dtypes. To retain the old behavior, exclude the relevant entries before the concat operation.
  table = pd.concat([table, results_df], ignore_index=True)
H_score: 0.1242, OS* (acc_c): 0.4450, UNK (acc_p): 0.0722, acc_mix: 0.3219, F1: 0.3620
=============================================
Dataset: RealWorld_male to RealWorld_female_sweep_complete
Method:  PPOT
=============================================
Source: RealWorld_male ---> Target: RealWorld_female
Run ID: 1
=============================================
[Pr Epoch : 1/10]
Pr_Src_cls_loss	: 0.2710
-------------------------------------
[Pr Epoch : 2/10]
Pr_Src_cls_loss	: 0.2033
-------------------------------------
[Pr Epoch : 3/10]
Pr_Src_cls_loss	: 0.1703
-------------------------------------
[Pr Epoch : 4/10]
Pr_Src_cls_loss	: 0.1505
-------------------------------------
[Pr Epoch : 5/10]
Pr_Src_cls_loss	: 0.1384
-------------------------------------
[Pr Epoch : 6/10]
Pr_Src_cls_loss	: 0.1266
-------------------------------------
[Pr Epoch : 7/10]
Pr_Src_cls_loss	: 0.1162
-------------------------------------
[Pr Epoch : 8/10]
Pr_Src_cls_loss	: 0.1118
-------------------------------------
[Pr Epoch : 9/10]
Pr_Src_cls_loss	: 0.1052
-------------------------------------
[Pr Epoch : 10/10]
Pr_Src_cls_loss	: 0.0999
-------------------------------------
[Epoch : 1/10]
Pr_Src_cls_loss	: 0.0999
Total_loss	: 0.5349
OT Loss	: 0.2502
Entropic Loss	: -0.1425
Src_cls_loss	: 0.2896
-------------------------------------
[Epoch : 2/10]
Pr_Src_cls_loss	: 0.0999
Total_loss	: 0.5239
OT Loss	: 0.2536
Entropic Loss	: -0.0865
Src_cls_loss	: 0.2173
-------------------------------------
[Epoch : 3/10]
Pr_Src_cls_loss	: 0.0999
Total_loss	: 0.5258
OT Loss	: 0.2412
Entropic Loss	: -0.0597
Src_cls_loss	: 0.2116
-------------------------------------
[Epoch : 4/10]
Pr_Src_cls_loss	: 0.0999
Total_loss	: 0.5390
OT Loss	: 0.2524
Entropic Loss	: -0.0526
Src_cls_loss	: 0.2005
-------------------------------------
[Epoch : 5/10]
Pr_Src_cls_loss	: 0.0999
Total_loss	: 0.5192
OT Loss	: 0.2473
Entropic Loss	: -0.0432
Src_cls_loss	: 0.1791
-------------------------------------
[Epoch : 6/10]
Pr_Src_cls_loss	: 0.0999
Total_loss	: 0.5090
OT Loss	: 0.2408
Entropic Loss	: -0.0366
Src_cls_loss	: 0.1723
-------------------------------------
[Epoch : 7/10]
Pr_Src_cls_loss	: 0.0999
Total_loss	: 0.5111
OT Loss	: 0.2454
Entropic Loss	: -0.0311
Src_cls_loss	: 0.1619
-------------------------------------
[Epoch : 8/10]
Pr_Src_cls_loss	: 0.0999
Total_loss	: 0.5282
OT Loss	: 0.2535
Entropic Loss	: -0.0264
Src_cls_loss	: 0.1617
-------------------------------------
[Epoch : 9/10]
Pr_Src_cls_loss	: 0.0999
Total_loss	: 0.5612
OT Loss	: 0.2671
Entropic Loss	: -0.0224
Src_cls_loss	: 0.1695
-------------------------------------
[Epoch : 10/10]
Pr_Src_cls_loss	: 0.0999
Total_loss	: 0.5380
OT Loss	: 0.2583
Entropic Loss	: -0.0201
Src_cls_loss	: 0.1577
-------------------------------------
H_score: 0.0479, OS* (acc_c): 0.5693, UNK (acc_p): 0.0250, acc_mix: 0.3895, F1: 0.4155
=============================================
Dataset: RealWorld_male to RealWorld_female_sweep_complete
Method:  PPOT
=============================================
Source: RealWorld_male ---> Target: RealWorld_female
Run ID: 2
=============================================
[Pr Epoch : 1/10]
Pr_Src_cls_loss	: 0.2538
-------------------------------------
[Pr Epoch : 2/10]
Pr_Src_cls_loss	: 0.1956
-------------------------------------
[Pr Epoch : 3/10]
Pr_Src_cls_loss	: 0.1659
-------------------------------------
[Pr Epoch : 4/10]
Pr_Src_cls_loss	: 0.1456
-------------------------------------
[Pr Epoch : 5/10]
Pr_Src_cls_loss	: 0.1336
-------------------------------------
[Pr Epoch : 6/10]
Pr_Src_cls_loss	: 0.1233
-------------------------------------
[Pr Epoch : 7/10]
Pr_Src_cls_loss	: 0.1137
-------------------------------------
[Pr Epoch : 8/10]
Pr_Src_cls_loss	: 0.1076
-------------------------------------
[Pr Epoch : 9/10]
Pr_Src_cls_loss	: 0.1016
-------------------------------------
[Pr Epoch : 10/10]
Pr_Src_cls_loss	: 0.0974
-------------------------------------
[Epoch : 1/10]
Pr_Src_cls_loss	: 0.0974
Total_loss	: 0.5199
OT Loss	: 0.2515
Entropic Loss	: -0.1371
Src_cls_loss	: 0.2673
-------------------------------------
[Epoch : 2/10]
Pr_Src_cls_loss	: 0.0974
Total_loss	: 0.5680
OT Loss	: 0.2602
Entropic Loss	: -0.0777
Src_cls_loss	: 0.2424
-------------------------------------
[Epoch : 3/10]
Pr_Src_cls_loss	: 0.0974
Total_loss	: 0.5816
OT Loss	: 0.2617
Entropic Loss	: -0.0512
Src_cls_loss	: 0.2272
-------------------------------------
[Epoch : 4/10]
Pr_Src_cls_loss	: 0.0974
Total_loss	: 0.6259
OT Loss	: 0.2907
Entropic Loss	: -0.0351
Src_cls_loss	: 0.2104
-------------------------------------
[Epoch : 5/10]
Pr_Src_cls_loss	: 0.0974
Total_loss	: 0.5965
OT Loss	: 0.2768
Entropic Loss	: -0.0291
Src_cls_loss	: 0.1966
-------------------------------------
[Epoch : 6/10]
Pr_Src_cls_loss	: 0.0974
Total_loss	: 0.5734
OT Loss	: 0.2670
Entropic Loss	: -0.0283
Src_cls_loss	: 0.1879
-------------------------------------
[Epoch : 7/10]
Pr_Src_cls_loss	: 0.0974
Total_loss	: 0.5651
OT Loss	: 0.2557
Entropic Loss	: -0.0234
Src_cls_loss	: 0.1921
-------------------------------------
[Epoch : 8/10]
Pr_Src_cls_loss	: 0.0974
Total_loss	: 0.5664
OT Loss	: 0.2552
Entropic Loss	: -0.0232
Src_cls_loss	: 0.1940
-------------------------------------
[Epoch : 9/10]
Pr_Src_cls_loss	: 0.0974
Total_loss	: 0.5467
OT Loss	: 0.2501
Entropic Loss	: -0.0226
Src_cls_loss	: 0.1817
-------------------------------------
[Epoch : 10/10]
Pr_Src_cls_loss	: 0.0974
Total_loss	: 0.5518
OT Loss	: 0.2482
Entropic Loss	: -0.0204
Src_cls_loss	: 0.1876
-------------------------------------
H_score: 0.0338, OS* (acc_c): 0.8304, UNK (acc_p): 0.0172, acc_mix: 0.5619, F1: 0.5048
🏃 View run PPOT_trial_0 at: http://127.0.0.1:5001/#/experiments/342449952985435634/runs/dbd851bde574449292beb8fbe39e781e
🧪 View experiment at: http://127.0.0.1:5001/#/experiments/342449952985435634
>>> [trial 0] PPOT done in 236.8s
[I 2026-04-29 15:20:32,221] Trial 0 finished with value: -0.06864940871795018 and parameters: {'num_epochs': 10, 'num_epochs_pr': 10, 'batch_size': 64, 'weight_decay': 0.0001, 'learning_rate': 0.01, 'tau': 0.65, 'tau1': 0.8, 'tau2': 0.8500000000000001, 'alpha': 0.001, 'beta': 0.01, 'reg': 0.1, 'ot': 1.55, 'p_entropy': 0.265, 'n_entropy': 1.3000000000000003, 'neg': 0.25, 'thresh': 0.55}. Best is trial 0 with value: -0.06864940871795018.
>>> [trial 1] PPOT starting
>>> [trial 1] reloading data (batch_size 64 -> 32)
Unlabeled data shape:  (17913, 150, 18)
Unlabelled Combined shape: (29204, 150, 18)

--- Dataloader Size Check ---
Source Train batches:   359
Target Train batches:   559
-------------------------------

Private classes:  tensor([6., 7.])
=============================================
Dataset: RealWorld_male to RealWorld_female_sweep_complete
Method:  PPOT
=============================================
Source: RealWorld_male ---> Target: RealWorld_female
Run ID: 0
=============================================
[Pr Epoch : 1/10]
Pr_Src_cls_loss	: 0.2707
-------------------------------------
[Pr Epoch : 2/10]
Pr_Src_cls_loss	: 0.2111
-------------------------------------
[Pr Epoch : 3/10]
Pr_Src_cls_loss	: 0.1812
-------------------------------------
[Pr Epoch : 4/10]
Pr_Src_cls_loss	: 0.1626
-------------------------------------
[Pr Epoch : 5/10]
Pr_Src_cls_loss	: 0.1478
-------------------------------------
[Pr Epoch : 6/10]
Pr_Src_cls_loss	: 0.1360
-------------------------------------
[Pr Epoch : 7/10]
Pr_Src_cls_loss	: 0.1283
-------------------------------------
[Pr Epoch : 8/10]
Pr_Src_cls_loss	: 0.1212
-------------------------------------
[Pr Epoch : 9/10]
Pr_Src_cls_loss	: 0.1143
-------------------------------------
[Pr Epoch : 10/10]
Pr_Src_cls_loss	: 0.1091
-------------------------------------
[Epoch : 1/10]
Pr_Src_cls_loss	: 0.1091
Total_loss	: -0.5058
OT Loss	: 0.1056
Entropic Loss	: -0.8911
Src_cls_loss	: 0.1214
-------------------------------------
[Epoch : 2/10]
Pr_Src_cls_loss	: 0.1091
Total_loss	: -0.6326
OT Loss	: 0.0910
Entropic Loss	: -0.9416
Src_cls_loss	: 0.0813
-------------------------------------
[Epoch : 3/10]
Pr_Src_cls_loss	: 0.1091
Total_loss	: -0.5771
OT Loss	: 0.1055
Entropic Loss	: -0.9211
Src_cls_loss	: 0.0802
-------------------------------------
[Epoch : 4/10]
Pr_Src_cls_loss	: 0.1091
Total_loss	: -0.6299
OT Loss	: 0.1050
Entropic Loss	: -0.9739
Src_cls_loss	: 0.0816
-------------------------------------
[Epoch : 5/10]
Pr_Src_cls_loss	: 0.1091
Total_loss	: -0.6342
OT Loss	: 0.1051
Entropic Loss	: -1.0057
Src_cls_loss	: 0.1088
-------------------------------------
[Epoch : 6/10]
Pr_Src_cls_loss	: 0.1091
Total_loss	: -0.6967
OT Loss	: 0.0989
Entropic Loss	: -1.0435
Src_cls_loss	: 0.0994
-------------------------------------
[Epoch : 7/10]
Pr_Src_cls_loss	: 0.1091
Total_loss	: -0.6970
OT Loss	: 0.0956
Entropic Loss	: -1.0608
Src_cls_loss	: 0.1247
-------------------------------------
[Epoch : 8/10]
Pr_Src_cls_loss	: 0.1091
Total_loss	: -0.7465
OT Loss	: 0.0900
Entropic Loss	: -1.0829
Src_cls_loss	: 0.1113
-------------------------------------
[Epoch : 9/10]
Pr_Src_cls_loss	: 0.1091
Total_loss	: -0.7546
OT Loss	: 0.0892
Entropic Loss	: -1.0926
Src_cls_loss	: 0.1149
-------------------------------------
[Epoch : 10/10]
Pr_Src_cls_loss	: 0.1091
Total_loss	: -0.7815
OT Loss	: 0.0856
Entropic Loss	: -1.1017
Src_cls_loss	: 0.1062
-------------------------------------
/mnt/data/home/tp2474/OpenSet-AdaTime/trainers/abstract_trainer.py:296: FutureWarning: The behavior of DataFrame concatenation with empty or all-NA entries is deprecated. In a future version, this will no longer exclude empty or all-NA columns when determining the result dtypes. To retain the old behavior, exclude the relevant entries before the concat operation.
  table = pd.concat([table, results_df], ignore_index=True)
H_score: 0.5184, OS* (acc_c): 0.4457, UNK (acc_p): 0.6194, acc_mix: 0.5030, F1: 0.4898
=============================================
Dataset: RealWorld_male to RealWorld_female_sweep_complete
Method:  PPOT
=============================================
Source: RealWorld_male ---> Target: RealWorld_female
Run ID: 1
=============================================
[Pr Epoch : 1/10]
Pr_Src_cls_loss	: 0.2668
-------------------------------------
[Pr Epoch : 2/10]
Pr_Src_cls_loss	: 0.2100
-------------------------------------
[Pr Epoch : 3/10]
Pr_Src_cls_loss	: 0.1806
-------------------------------------
[Pr Epoch : 4/10]
Pr_Src_cls_loss	: 0.1633
-------------------------------------
[Pr Epoch : 5/10]
Pr_Src_cls_loss	: 0.1495
-------------------------------------
[Pr Epoch : 6/10]
Pr_Src_cls_loss	: 0.1404
-------------------------------------
[Pr Epoch : 7/10]
Pr_Src_cls_loss	: 0.1308
-------------------------------------
[Pr Epoch : 8/10]
Pr_Src_cls_loss	: 0.1247
-------------------------------------
[Pr Epoch : 9/10]
Pr_Src_cls_loss	: 0.1185
-------------------------------------
[Pr Epoch : 10/10]
Pr_Src_cls_loss	: 0.1125
-------------------------------------
[Epoch : 1/10]
Pr_Src_cls_loss	: 0.1125
Total_loss	: -0.4417
OT Loss	: 0.1137
Entropic Loss	: -0.9486
Src_cls_loss	: 0.2226
-------------------------------------
[Epoch : 2/10]
Pr_Src_cls_loss	: 0.1125
Total_loss	: -0.5416
OT Loss	: 0.0954
Entropic Loss	: -0.9972
Src_cls_loss	: 0.2170
-------------------------------------
[Epoch : 3/10]
Pr_Src_cls_loss	: 0.1125
Total_loss	: -0.5907
OT Loss	: 0.0839
Entropic Loss	: -0.9683
Src_cls_loss	: 0.1678
-------------------------------------
[Epoch : 4/10]
Pr_Src_cls_loss	: 0.1125
Total_loss	: -0.6499
OT Loss	: 0.0794
Entropic Loss	: -1.0162
Src_cls_loss	: 0.1676
-------------------------------------
[Epoch : 5/10]
Pr_Src_cls_loss	: 0.1125
Total_loss	: -0.7065
OT Loss	: 0.0836
Entropic Loss	: -1.0596
Src_cls_loss	: 0.1441
-------------------------------------
[Epoch : 6/10]
Pr_Src_cls_loss	: 0.1125
Total_loss	: -0.7231
OT Loss	: 0.0813
Entropic Loss	: -1.0594
Src_cls_loss	: 0.1331
-------------------------------------
[Epoch : 7/10]
Pr_Src_cls_loss	: 0.1125
Total_loss	: -0.7239
OT Loss	: 0.0871
Entropic Loss	: -1.0827
Src_cls_loss	: 0.1410
-------------------------------------
[Epoch : 8/10]
Pr_Src_cls_loss	: 0.1125
Total_loss	: -0.7657
OT Loss	: 0.0840
Entropic Loss	: -1.1001
Src_cls_loss	: 0.1244
-------------------------------------
[Epoch : 9/10]
Pr_Src_cls_loss	: 0.1125
Total_loss	: -0.7656
OT Loss	: 0.0817
Entropic Loss	: -1.1005
Src_cls_loss	: 0.1305
-------------------------------------
[Epoch : 10/10]
Pr_Src_cls_loss	: 0.1125
Total_loss	: -0.7890
OT Loss	: 0.0809
Entropic Loss	: -1.1095
Src_cls_loss	: 0.1183
-------------------------------------
H_score: 0.4892, OS* (acc_c): 0.4511, UNK (acc_p): 0.5344, acc_mix: 0.4786, F1: 0.5374
=============================================
Dataset: RealWorld_male to RealWorld_female_sweep_complete
Method:  PPOT
=============================================
Source: RealWorld_male ---> Target: RealWorld_female
Run ID: 2
=============================================
[Pr Epoch : 1/10]
Pr_Src_cls_loss	: 0.2711
-------------------------------------
[Pr Epoch : 2/10]
Pr_Src_cls_loss	: 0.2141
-------------------------------------
[Pr Epoch : 3/10]
Pr_Src_cls_loss	: 0.1812
-------------------------------------
[Pr Epoch : 4/10]
Pr_Src_cls_loss	: 0.1616
-------------------------------------
[Pr Epoch : 5/10]
Pr_Src_cls_loss	: 0.1478
-------------------------------------
[Pr Epoch : 6/10]
Pr_Src_cls_loss	: 0.1360
-------------------------------------
[Pr Epoch : 7/10]
Pr_Src_cls_loss	: 0.1280
-------------------------------------
[Pr Epoch : 8/10]
Pr_Src_cls_loss	: 0.1207
-------------------------------------
[Pr Epoch : 9/10]
Pr_Src_cls_loss	: 0.1149
-------------------------------------
[Pr Epoch : 10/10]
Pr_Src_cls_loss	: 0.1106
-------------------------------------
[Epoch : 1/10]
Pr_Src_cls_loss	: 0.1106
Total_loss	: -0.1259
OT Loss	: 0.1581
Entropic Loss	: -0.8543
Src_cls_loss	: 0.3332
-------------------------------------
[Epoch : 2/10]
Pr_Src_cls_loss	: 0.1106
Total_loss	: -0.4795
OT Loss	: 0.1159
Entropic Loss	: -0.9806
Src_cls_loss	: 0.2114
-------------------------------------
[Epoch : 3/10]
Pr_Src_cls_loss	: 0.1106
Total_loss	: -0.4903
OT Loss	: 0.1045
Entropic Loss	: -1.0032
Src_cls_loss	: 0.2517
-------------------------------------
[Epoch : 4/10]
Pr_Src_cls_loss	: 0.1106
Total_loss	: -0.6095
OT Loss	: 0.0890
Entropic Loss	: -1.0262
Src_cls_loss	: 0.1941
-------------------------------------
[Epoch : 5/10]
Pr_Src_cls_loss	: 0.1106
Total_loss	: -0.5740
OT Loss	: 0.0812
Entropic Loss	: -0.9660
Src_cls_loss	: 0.1889
-------------------------------------
[Epoch : 6/10]
Pr_Src_cls_loss	: 0.1106
Total_loss	: -0.5902
OT Loss	: 0.0750
Entropic Loss	: -0.9595
Src_cls_loss	: 0.1818
-------------------------------------
/home/tp2474/miniconda3/envs/myenv/lib/python3.9/site-packages/ot/partial/partial_solvers.py:554: RuntimeWarning: invalid value encountered in divide
  q1 = q1 * Kprev / K1
/home/tp2474/miniconda3/envs/myenv/lib/python3.9/site-packages/ot/partial/partial_solvers.py:558: RuntimeWarning: invalid value encountered in divide
  q2 = q2 * K1prev / K2
/home/tp2474/miniconda3/envs/myenv/lib/python3.9/site-packages/ot/partial/partial_solvers.py:562: RuntimeWarning: invalid value encountered in divide
  q3 = q3 * K2prev / K
[W 2026-04-29 15:24:17,453] Trial 1 failed with parameters: {'num_epochs': 10, 'num_epochs_pr': 10, 'batch_size': 32, 'weight_decay': 0.0005, 'learning_rate': 0.001, 'tau': 0.3, 'tau1': 0.95, 'tau2': 1.0, 'alpha': 0.01, 'beta': 0.001, 'reg': 0.01, 'ot': 2.5, 'p_entropy': 0.02, 'n_entropy': 2.8000000000000003, 'neg': 0.25, 'thresh': 0.4} because of the following error: AssertionError().
Traceback (most recent call last):
  File "/home/tp2474/miniconda3/envs/myenv/lib/python3.9/site-packages/optuna/study/_optimize.py", line 206, in _run_trial
    value_or_values = func(trial)
  File "/mnt/data/home/tp2474/OpenSet-AdaTime/trainers/sweep.py", line 182, in _objective
    self.last_model, self.best_model = self.algorithm.update(
  File "/mnt/data/home/tp2474/OpenSet-AdaTime/algorithms/algorithms.py", line 1026, in update
    self.training_epoch(src_loader, trg_loader, avg_meter, epoch)
  File "/mnt/data/home/tp2474/OpenSet-AdaTime/algorithms/algorithms.py", line 1095, in training_epoch
    assert not torch.isnan(pi).any()
AssertionError
[W 2026-04-29 15:24:17,455] Trial 1 failed with value None.
Warning: numerical errors at iteration 1
🏃 View run PPOT_trial_1 at: http://127.0.0.1:5001/#/experiments/342449952985435634/runs/96cbe7b1c8cb499ab67a5bbcfe2060e0
🧪 View experiment at: http://127.0.0.1:5001/#/experiments/342449952985435634
Traceback (most recent call last):
  File "/mnt/data/home/tp2474/OpenSet-AdaTime/main_sweep.py", line 73, in <module>
    trainer.sweep()
  File "/mnt/data/home/tp2474/OpenSet-AdaTime/trainers/sweep.py", line 88, in sweep
    study.optimize(self._objective, n_trials=self.num_sweeps)
  File "/home/tp2474/miniconda3/envs/myenv/lib/python3.9/site-packages/optuna/study/study.py", line 490, in optimize
    _optimize(
  File "/home/tp2474/miniconda3/envs/myenv/lib/python3.9/site-packages/optuna/study/_optimize.py", line 68, in _optimize
    _optimize_sequential(
  File "/home/tp2474/miniconda3/envs/myenv/lib/python3.9/site-packages/optuna/study/_optimize.py", line 165, in _optimize_sequential
    frozen_trial_id = _run_trial(study, func, catch)
  File "/home/tp2474/miniconda3/envs/myenv/lib/python3.9/site-packages/optuna/study/_optimize.py", line 263, in _run_trial
    raise func_err
  File "/home/tp2474/miniconda3/envs/myenv/lib/python3.9/site-packages/optuna/study/_optimize.py", line 206, in _run_trial
    value_or_values = func(trial)
  File "/mnt/data/home/tp2474/OpenSet-AdaTime/trainers/sweep.py", line 182, in _objective
    self.last_model, self.best_model = self.algorithm.update(
  File "/mnt/data/home/tp2474/OpenSet-AdaTime/algorithms/algorithms.py", line 1026, in update
    self.training_epoch(src_loader, trg_loader, avg_meter, epoch)
  File "/mnt/data/home/tp2474/OpenSet-AdaTime/algorithms/algorithms.py", line 1095, in training_epoch
    assert not torch.isnan(pi).any()
AssertionError
