[scenario] TSFA -> OSDA (uniDA=True)
Unlabeled data shape:  (1620, 150, 18)
Unlabelled Combined shape: (2786, 150, 18)

--- Dataloader Size Check ---
Source Train batches:   592
Target Train batches:   50
-------------------------------

Private classes:  tensor([])
=============================================
Dataset: RealWorld to mhealth_closed_set
Method:  TSFA
=============================================
Source: RealWorld ---> Target: mhealth
Run ID: 0
=============================================
[Pr Epoch : 1/20]
Pr_Src_cls_loss	: 0.2042
-------------------------------------
[Pr Epoch : 2/20]
Pr_Src_cls_loss	: 0.1438
-------------------------------------
[Pr Epoch : 3/20]
Pr_Src_cls_loss	: 0.1176
-------------------------------------
[Pr Epoch : 4/20]
Pr_Src_cls_loss	: 0.1023
-------------------------------------
[Pr Epoch : 5/20]
Pr_Src_cls_loss	: 0.0926
-------------------------------------
[Pr Epoch : 6/20]
Pr_Src_cls_loss	: 0.0845
-------------------------------------
[Pr Epoch : 7/20]
Pr_Src_cls_loss	: 0.0790
-------------------------------------
[Pr Epoch : 8/20]
Pr_Src_cls_loss	: 0.0746
-------------------------------------
[Pr Epoch : 9/20]
Pr_Src_cls_loss	: 0.0718
-------------------------------------
[Pr Epoch : 10/20]
Pr_Src_cls_loss	: 0.0682
-------------------------------------
[Pr Epoch : 11/20]
Pr_Src_cls_loss	: 0.0655
-------------------------------------
[Pr Epoch : 12/20]
Pr_Src_cls_loss	: 0.0628
-------------------------------------
[Pr Epoch : 13/20]
Pr_Src_cls_loss	: 0.0602
-------------------------------------
[Pr Epoch : 14/20]
Pr_Src_cls_loss	: 0.0581
-------------------------------------
[Pr Epoch : 15/20]
Pr_Src_cls_loss	: 0.0561
-------------------------------------
[Pr Epoch : 16/20]
Pr_Src_cls_loss	: 0.0545
-------------------------------------
[Pr Epoch : 17/20]
Pr_Src_cls_loss	: 0.0529
-------------------------------------
[Pr Epoch : 18/20]
Pr_Src_cls_loss	: 0.0514
-------------------------------------
[Pr Epoch : 19/20]
Pr_Src_cls_loss	: 0.0500
-------------------------------------
[Pr Epoch : 20/20]
Pr_Src_cls_loss	: 0.0487
-------------------------------------
[Epoch : 1/30]
Pr_Src_cls_loss	: 0.0487
Src_cls_loss	: 0.0589
SDE_loss	: 0.0053
OSAM_loss	: 0.7860
Total_loss	: 0.3108
-------------------------------------
[Epoch : 2/30]
Pr_Src_cls_loss	: 0.0487
Src_cls_loss	: 0.0493
SDE_loss	: 0.0031
OSAM_loss	: 0.5701
Total_loss	: 0.2297
-------------------------------------
[Epoch : 3/30]
Pr_Src_cls_loss	: 0.0487
Src_cls_loss	: 0.0453
SDE_loss	: 0.0024
OSAM_loss	: 0.4722
Total_loss	: 0.1941
-------------------------------------
[Epoch : 4/30]
Pr_Src_cls_loss	: 0.0487
Src_cls_loss	: 0.0421
SDE_loss	: 0.0020
OSAM_loss	: 0.4130
Total_loss	: 0.1719
-------------------------------------
[Epoch : 5/30]
Pr_Src_cls_loss	: 0.0487
Src_cls_loss	: 0.0399
SDE_loss	: 0.0017
OSAM_loss	: 0.3719
Total_loss	: 0.1566
-------------------------------------
[Epoch : 6/30]
Pr_Src_cls_loss	: 0.0487
Src_cls_loss	: 0.0383
SDE_loss	: 0.0015
OSAM_loss	: 0.3410
Total_loss	: 0.1451
-------------------------------------
[Epoch : 7/30]
Pr_Src_cls_loss	: 0.0487
Src_cls_loss	: 0.0372
SDE_loss	: 0.0014
OSAM_loss	: 0.3166
Total_loss	: 0.1363
-------------------------------------
[Epoch : 8/30]
Pr_Src_cls_loss	: 0.0487
Src_cls_loss	: 0.0361
SDE_loss	: 0.0012
OSAM_loss	: 0.2963
Total_loss	: 0.1288
-------------------------------------
[Epoch : 9/30]
Pr_Src_cls_loss	: 0.0487
Src_cls_loss	: 0.0352
SDE_loss	: 0.0012
OSAM_loss	: 0.2798
Total_loss	: 0.1226
-------------------------------------
[Epoch : 10/30]
Pr_Src_cls_loss	: 0.0487
Src_cls_loss	: 0.0343
SDE_loss	: 0.0011
OSAM_loss	: 0.2651
Total_loss	: 0.1170
-------------------------------------
[Epoch : 11/30]
Pr_Src_cls_loss	: 0.0487
Src_cls_loss	: 0.0337
SDE_loss	: 0.0010
OSAM_loss	: 0.2526
Total_loss	: 0.1126
-------------------------------------
[Epoch : 12/30]
Pr_Src_cls_loss	: 0.0487
Src_cls_loss	: 0.0329
SDE_loss	: 0.0010
OSAM_loss	: 0.2417
Total_loss	: 0.1083
-------------------------------------
[Epoch : 13/30]
Pr_Src_cls_loss	: 0.0487
Src_cls_loss	: 0.0322
SDE_loss	: 0.0009
OSAM_loss	: 0.2317
Total_loss	: 0.1045
-------------------------------------
[Epoch : 14/30]
Pr_Src_cls_loss	: 0.0487
Src_cls_loss	: 0.0317
SDE_loss	: 0.0009
OSAM_loss	: 0.2227
Total_loss	: 0.1011
-------------------------------------
[Epoch : 15/30]
Pr_Src_cls_loss	: 0.0487
Src_cls_loss	: 0.0310
SDE_loss	: 0.0008
OSAM_loss	: 0.2147
Total_loss	: 0.0979
-------------------------------------
[Epoch : 16/30]
Pr_Src_cls_loss	: 0.0487
Src_cls_loss	: 0.0303
SDE_loss	: 0.0008
OSAM_loss	: 0.2072
Total_loss	: 0.0948
-------------------------------------
[Epoch : 17/30]
Pr_Src_cls_loss	: 0.0487
Src_cls_loss	: 0.0297
SDE_loss	: 0.0008
OSAM_loss	: 0.2004
Total_loss	: 0.0921
-------------------------------------
[Epoch : 18/30]
Pr_Src_cls_loss	: 0.0487
Src_cls_loss	: 0.0294
SDE_loss	: 0.0007
OSAM_loss	: 0.1941
Total_loss	: 0.0898
-------------------------------------
[Epoch : 19/30]
Pr_Src_cls_loss	: 0.0487
Src_cls_loss	: 0.0289
SDE_loss	: 0.0007
OSAM_loss	: 0.1885
Total_loss	: 0.0876
-------------------------------------
[Epoch : 20/30]
Pr_Src_cls_loss	: 0.0487
Src_cls_loss	: 0.0284
SDE_loss	: 0.0007
OSAM_loss	: 0.1833
Total_loss	: 0.0855
-------------------------------------
[Epoch : 21/30]
Pr_Src_cls_loss	: 0.0487
Src_cls_loss	: 0.0281
SDE_loss	: 0.0007
OSAM_loss	: 0.1786
Total_loss	: 0.0838
-------------------------------------
[Epoch : 22/30]
Pr_Src_cls_loss	: 0.0487
Src_cls_loss	: 0.0277
SDE_loss	: 0.0007
OSAM_loss	: 0.1740
Total_loss	: 0.0819
-------------------------------------
[Epoch : 23/30]
Pr_Src_cls_loss	: 0.0487
Src_cls_loss	: 0.0274
SDE_loss	: 0.0007
OSAM_loss	: 0.1700
Total_loss	: 0.0804
-------------------------------------
[Epoch : 24/30]
Pr_Src_cls_loss	: 0.0487
Src_cls_loss	: 0.0271
SDE_loss	: 0.0006
OSAM_loss	: 0.1662
Total_loss	: 0.0788
-------------------------------------
[Epoch : 25/30]
Pr_Src_cls_loss	: 0.0487
Src_cls_loss	: nan
SDE_loss	: nan
OSAM_loss	: 0.1616
Total_loss	: nan
-------------------------------------
[Epoch : 26/30]
Pr_Src_cls_loss	: 0.0487
Src_cls_loss	: nan
SDE_loss	: nan
OSAM_loss	: 0.1554
Total_loss	: nan
-------------------------------------
[Epoch : 27/30]
Pr_Src_cls_loss	: 0.0487
Src_cls_loss	: nan
SDE_loss	: nan
OSAM_loss	: 0.1496
Total_loss	: nan
-------------------------------------
[Epoch : 28/30]
Pr_Src_cls_loss	: 0.0487
Src_cls_loss	: nan
SDE_loss	: nan
OSAM_loss	: 0.1443
Total_loss	: nan
-------------------------------------
[Epoch : 29/30]
Pr_Src_cls_loss	: 0.0487
Src_cls_loss	: nan
SDE_loss	: nan
OSAM_loss	: 0.1393
Total_loss	: nan
-------------------------------------
[Epoch : 30/30]
Pr_Src_cls_loss	: 0.0487
Src_cls_loss	: nan
SDE_loss	: nan
OSAM_loss	: 0.1347
Total_loss	: nan
-------------------------------------
/mnt/data/home/tp2474/OpenSet-AdaTime/trainers/abstract_trainer.py:296: FutureWarning: The behavior of DataFrame concatenation with empty or all-NA entries is deprecated. In a future version, this will no longer exclude empty or all-NA columns when determining the result dtypes. To retain the old behavior, exclude the relevant entries before the concat operation.
  table = pd.concat([table, results_df], ignore_index=True)
[TSFA-debug] best_model captured at epoch 19 (src_cls_loss=0.0289)
[TSFA-debug] final-epoch losses: {'Src_cls_loss': 'nan', 'SDE_loss': 'nan', 'OSAM_loss': '0.1347', 'Total_loss': 'nan'}
[TSFA-debug] loaded best_model into algorithm for eval
[TSFA-debug] OSAM-reject OT-OK: Nt=1620 nb_dummies=1 mass mean=4.9383e-04 std=2.4699e-04 thr=2.4691e-04 unknown=324 (20.0%)
H_score: 0.0000, OS* (acc_c): 0.7994, UNK (acc_p): 0.0000, acc_mix: 0.7994, F1: 0.8736
[TSFA-debug] OSAM-reject OT-OK: Nt=1620 nb_dummies=1 mass mean=4.9383e-04 std=2.4699e-04 thr=2.4691e-04 unknown=324 (20.0%)
Uploading logs from: /mnt/data/home/tp2474/OpenSet-AdaTime/experiments_logs/RealWorld to mhealth_closed_set/TSFA_closed_set/RealWorld_to_mhealth_run_0
🏃 View run TSFA_run_0 at: http://127.0.0.1:5001/#/experiments/773515370876137118/runs/06ae5232730d4f3e9d1ad7faca452fec
🧪 View experiment at: http://127.0.0.1:5001/#/experiments/773515370876137118
=============================================
Dataset: RealWorld to mhealth_closed_set
Method:  TSFA
=============================================
Source: RealWorld ---> Target: mhealth
Run ID: 1
=============================================
[Pr Epoch : 1/20]
Pr_Src_cls_loss	: 0.2012
-------------------------------------
[Pr Epoch : 2/20]
Pr_Src_cls_loss	: 0.1451
-------------------------------------
[Pr Epoch : 3/20]
Pr_Src_cls_loss	: 0.1184
-------------------------------------
[Pr Epoch : 4/20]
Pr_Src_cls_loss	: 0.1032
-------------------------------------
[Pr Epoch : 5/20]
Pr_Src_cls_loss	: 0.0949
-------------------------------------
[Pr Epoch : 6/20]
Pr_Src_cls_loss	: 0.0871
-------------------------------------
[Pr Epoch : 7/20]
Pr_Src_cls_loss	: 0.0804
-------------------------------------
[Pr Epoch : 8/20]
Pr_Src_cls_loss	: 0.0757
-------------------------------------
[Pr Epoch : 9/20]
Pr_Src_cls_loss	: 0.0718
-------------------------------------
[Pr Epoch : 10/20]
Pr_Src_cls_loss	: 0.0681
-------------------------------------
[Pr Epoch : 11/20]
Pr_Src_cls_loss	: 0.0657
-------------------------------------
[Pr Epoch : 12/20]
Pr_Src_cls_loss	: 0.0629
-------------------------------------
[Pr Epoch : 13/20]
Pr_Src_cls_loss	: 0.0608
-------------------------------------
[Pr Epoch : 14/20]
Pr_Src_cls_loss	: 0.0590
-------------------------------------
[Pr Epoch : 15/20]
Pr_Src_cls_loss	: 0.0569
-------------------------------------
[Pr Epoch : 16/20]
Pr_Src_cls_loss	: 0.0551
-------------------------------------
[Pr Epoch : 17/20]
Pr_Src_cls_loss	: 0.0535
-------------------------------------
[Pr Epoch : 18/20]
Pr_Src_cls_loss	: 0.0520
-------------------------------------
[Pr Epoch : 19/20]
Pr_Src_cls_loss	: 0.0505
-------------------------------------
[Pr Epoch : 20/20]
Pr_Src_cls_loss	: 0.0492
-------------------------------------
[Epoch : 1/30]
Pr_Src_cls_loss	: 0.0492
Src_cls_loss	: 0.0602
SDE_loss	: 0.0035
OSAM_loss	: 0.8779
Total_loss	: 0.3341
-------------------------------------
[Epoch : 2/30]
Pr_Src_cls_loss	: 0.0492
Src_cls_loss	: 0.0483
SDE_loss	: 0.0022
OSAM_loss	: 0.6142
Total_loss	: 0.2390
-------------------------------------
[Epoch : 3/30]
Pr_Src_cls_loss	: 0.0492
Src_cls_loss	: 0.0432
SDE_loss	: 0.0016
OSAM_loss	: 0.4971
Total_loss	: 0.1973
-------------------------------------
[Epoch : 4/30]
Pr_Src_cls_loss	: 0.0492
Src_cls_loss	: 0.0407
SDE_loss	: 0.0014
OSAM_loss	: 0.4285
Total_loss	: 0.1733
-------------------------------------
[Epoch : 5/30]
Pr_Src_cls_loss	: 0.0492
Src_cls_loss	: 0.0392
SDE_loss	: 0.0012
OSAM_loss	: 0.3836
Total_loss	: 0.1579
-------------------------------------
[Epoch : 6/30]
Pr_Src_cls_loss	: 0.0492
Src_cls_loss	: 0.0376
SDE_loss	: 0.0011
OSAM_loss	: 0.3491
Total_loss	: 0.1454
-------------------------------------
[Epoch : 7/30]
Pr_Src_cls_loss	: 0.0492
Src_cls_loss	: 0.0361
SDE_loss	: 0.0010
OSAM_loss	: 0.3216
Total_loss	: 0.1355
-------------------------------------
[Epoch : 8/30]
Pr_Src_cls_loss	: 0.0492
Src_cls_loss	: 0.0347
SDE_loss	: 0.0009
OSAM_loss	: 0.3003
Total_loss	: 0.1274
-------------------------------------
[Epoch : 9/30]
Pr_Src_cls_loss	: 0.0492
Src_cls_loss	: 0.0341
SDE_loss	: 0.0008
OSAM_loss	: 0.2850
Total_loss	: 0.1222
-------------------------------------
[Epoch : 10/30]
Pr_Src_cls_loss	: 0.0492
Src_cls_loss	: 0.0332
SDE_loss	: 0.0008
OSAM_loss	: 0.2703
Total_loss	: 0.1167
-------------------------------------
[Epoch : 11/30]
Pr_Src_cls_loss	: 0.0492
Src_cls_loss	: 0.0323
SDE_loss	: 0.0007
OSAM_loss	: 0.2578
Total_loss	: 0.1119
-------------------------------------
[Epoch : 12/30]
Pr_Src_cls_loss	: 0.0492
Src_cls_loss	: 0.0313
SDE_loss	: 0.0007
OSAM_loss	: 0.2465
Total_loss	: 0.1074
-------------------------------------
[Epoch : 13/30]
Pr_Src_cls_loss	: 0.0492
Src_cls_loss	: 0.0304
SDE_loss	: 0.0007
OSAM_loss	: 0.2364
Total_loss	: 0.1034
-------------------------------------
[Epoch : 14/30]
Pr_Src_cls_loss	: 0.0492
Src_cls_loss	: 0.0299
SDE_loss	: 0.0007
OSAM_loss	: 0.2281
Total_loss	: 0.1003
-------------------------------------
[Epoch : 15/30]
Pr_Src_cls_loss	: 0.0492
Src_cls_loss	: 0.0295
SDE_loss	: 0.0006
OSAM_loss	: 0.2203
Total_loss	: 0.0974
-------------------------------------
[Epoch : 16/30]
Pr_Src_cls_loss	: 0.0492
Src_cls_loss	: 0.0290
SDE_loss	: 0.0006
OSAM_loss	: 0.2134
Total_loss	: 0.0949
-------------------------------------
[Epoch : 17/30]
Pr_Src_cls_loss	: 0.0492
Src_cls_loss	: 0.0284
SDE_loss	: 0.0006
OSAM_loss	: 0.2070
Total_loss	: 0.0923
-------------------------------------
[Epoch : 18/30]
Pr_Src_cls_loss	: 0.0492
Src_cls_loss	: 0.0279
SDE_loss	: 0.0006
OSAM_loss	: 0.2012
Total_loss	: 0.0900
-------------------------------------
[Epoch : 19/30]
Pr_Src_cls_loss	: 0.0492
Src_cls_loss	: 0.0275
SDE_loss	: 0.0006
OSAM_loss	: 0.1957
Total_loss	: 0.0879
-------------------------------------
[Epoch : 20/30]
Pr_Src_cls_loss	: 0.0492
Src_cls_loss	: 0.0268
SDE_loss	: 0.0006
OSAM_loss	: 0.1906
Total_loss	: 0.0856
-------------------------------------
[Epoch : 21/30]
Pr_Src_cls_loss	: 0.0492
Src_cls_loss	: 0.0264
SDE_loss	: 0.0005
OSAM_loss	: 0.1860
Total_loss	: 0.0838
-------------------------------------
[Epoch : 22/30]
Pr_Src_cls_loss	: 0.0492
Src_cls_loss	: 0.0261
SDE_loss	: 0.0005
OSAM_loss	: 0.1819
Total_loss	: 0.0822
-------------------------------------
[Epoch : 23/30]
Pr_Src_cls_loss	: 0.0492
Src_cls_loss	: 0.0256
SDE_loss	: 0.0005
OSAM_loss	: 0.1780
Total_loss	: 0.0806
-------------------------------------
[Epoch : 24/30]
Pr_Src_cls_loss	: 0.0492
Src_cls_loss	: 0.0253
SDE_loss	: 0.0005
OSAM_loss	: 0.1744
Total_loss	: 0.0791
-------------------------------------
[Epoch : 25/30]
Pr_Src_cls_loss	: 0.0492
Src_cls_loss	: 0.0250
SDE_loss	: 0.0005
OSAM_loss	: 0.1710
Total_loss	: 0.0779
-------------------------------------
[Epoch : 26/30]
Pr_Src_cls_loss	: 0.0492
Src_cls_loss	: 0.0246
SDE_loss	: 0.0005
OSAM_loss	: 0.1677
Total_loss	: 0.0764
-------------------------------------
[Epoch : 27/30]
Pr_Src_cls_loss	: 0.0492
Src_cls_loss	: nan
SDE_loss	: nan
OSAM_loss	: 0.1631
Total_loss	: nan
-------------------------------------
[Epoch : 28/30]
Pr_Src_cls_loss	: 0.0492
Src_cls_loss	: nan
SDE_loss	: nan
OSAM_loss	: 0.1573
Total_loss	: nan
-------------------------------------
[Epoch : 29/30]
Pr_Src_cls_loss	: 0.0492
Src_cls_loss	: nan
SDE_loss	: nan
OSAM_loss	: 0.1518
Total_loss	: nan
-------------------------------------
[Epoch : 30/30]
Pr_Src_cls_loss	: 0.0492
Src_cls_loss	: nan
SDE_loss	: nan
OSAM_loss	: 0.1468
Total_loss	: nan
-------------------------------------
[TSFA-debug] best_model captured at epoch 19 (src_cls_loss=0.0275)
[TSFA-debug] final-epoch losses: {'Src_cls_loss': 'nan', 'SDE_loss': 'nan', 'OSAM_loss': '0.1468', 'Total_loss': 'nan'}
[TSFA-debug] loaded best_model into algorithm for eval
[TSFA-debug] OSAM-reject OT-OK: Nt=1620 nb_dummies=1 mass mean=4.9383e-04 std=2.4699e-04 thr=2.4691e-04 unknown=324 (20.0%)
H_score: 0.0000, OS* (acc_c): 0.3895, UNK (acc_p): 0.0000, acc_mix: 0.3895, F1: 0.3908
[TSFA-debug] OSAM-reject OT-OK: Nt=1620 nb_dummies=1 mass mean=4.9383e-04 std=2.4699e-04 thr=2.4691e-04 unknown=324 (20.0%)
Uploading logs from: /mnt/data/home/tp2474/OpenSet-AdaTime/experiments_logs/RealWorld to mhealth_closed_set/TSFA_closed_set/RealWorld_to_mhealth_run_1
🏃 View run TSFA_run_1 at: http://127.0.0.1:5001/#/experiments/773515370876137118/runs/235ce1b68b5e40669abf6944af0cd002
🧪 View experiment at: http://127.0.0.1:5001/#/experiments/773515370876137118
=============================================
Dataset: RealWorld to mhealth_closed_set
Method:  TSFA
=============================================
Source: RealWorld ---> Target: mhealth
Run ID: 2
=============================================
[Pr Epoch : 1/20]
Pr_Src_cls_loss	: 0.2024
-------------------------------------
[Pr Epoch : 2/20]
Pr_Src_cls_loss	: 0.1446
-------------------------------------
[Pr Epoch : 3/20]
Pr_Src_cls_loss	: 0.1176
-------------------------------------
[Pr Epoch : 4/20]
Pr_Src_cls_loss	: 0.1025
-------------------------------------
[Pr Epoch : 5/20]
Pr_Src_cls_loss	: 0.0928
-------------------------------------
[Pr Epoch : 6/20]
Pr_Src_cls_loss	: 0.0845
-------------------------------------
[Pr Epoch : 7/20]
Pr_Src_cls_loss	: 0.0786
-------------------------------------
[Pr Epoch : 8/20]
Pr_Src_cls_loss	: 0.0743
-------------------------------------
[Pr Epoch : 9/20]
Pr_Src_cls_loss	: 0.0704
-------------------------------------
[Pr Epoch : 10/20]
Pr_Src_cls_loss	: 0.0673
-------------------------------------
[Pr Epoch : 11/20]
Pr_Src_cls_loss	: 0.0648
-------------------------------------
[Pr Epoch : 12/20]
Pr_Src_cls_loss	: 0.0621
-------------------------------------
[Pr Epoch : 13/20]
Pr_Src_cls_loss	: 0.0598
-------------------------------------
[Pr Epoch : 14/20]
Pr_Src_cls_loss	: 0.0576
-------------------------------------
[Pr Epoch : 15/20]
Pr_Src_cls_loss	: 0.0556
-------------------------------------
[Pr Epoch : 16/20]
Pr_Src_cls_loss	: 0.0539
-------------------------------------
[Pr Epoch : 17/20]
Pr_Src_cls_loss	: 0.0524
-------------------------------------
[Pr Epoch : 18/20]
Pr_Src_cls_loss	: 0.0509
-------------------------------------
[Pr Epoch : 19/20]
Pr_Src_cls_loss	: 0.0495
-------------------------------------
[Pr Epoch : 20/20]
Pr_Src_cls_loss	: 0.0485
-------------------------------------
[Epoch : 1/30]
Pr_Src_cls_loss	: 0.0485
Src_cls_loss	: 0.0645
SDE_loss	: 0.0056
OSAM_loss	: 0.8809
Total_loss	: 0.3457
-------------------------------------
[Epoch : 2/30]
Pr_Src_cls_loss	: 0.0485
Src_cls_loss	: 0.0524
SDE_loss	: 0.0033
OSAM_loss	: 0.6282
Total_loss	: 0.2509
-------------------------------------
[Epoch : 3/30]
Pr_Src_cls_loss	: 0.0485
Src_cls_loss	: 0.0475
SDE_loss	: 0.0025
OSAM_loss	: 0.5154
Total_loss	: 0.2096
-------------------------------------
[Epoch : 4/30]
Pr_Src_cls_loss	: 0.0485
Src_cls_loss	: 0.0439
SDE_loss	: 0.0020
OSAM_loss	: 0.4475
Total_loss	: 0.1842
-------------------------------------
[Epoch : 5/30]
Pr_Src_cls_loss	: 0.0485
Src_cls_loss	: 0.0417
SDE_loss	: 0.0018
OSAM_loss	: 0.4006
Total_loss	: 0.1672
-------------------------------------
[Epoch : 6/30]
Pr_Src_cls_loss	: 0.0485
Src_cls_loss	: 0.0398
SDE_loss	: 0.0015
OSAM_loss	: 0.3654
Total_loss	: 0.1540
-------------------------------------
[Epoch : 7/30]
Pr_Src_cls_loss	: 0.0485
Src_cls_loss	: 0.0386
SDE_loss	: 0.0014
OSAM_loss	: 0.3387
Total_loss	: 0.1444
-------------------------------------
[Epoch : 8/30]
Pr_Src_cls_loss	: 0.0485
Src_cls_loss	: 0.0375
SDE_loss	: 0.0013
OSAM_loss	: 0.3169
Total_loss	: 0.1363
-------------------------------------
[Epoch : 9/30]
Pr_Src_cls_loss	: 0.0485
Src_cls_loss	: 0.0363
SDE_loss	: 0.0012
OSAM_loss	: 0.2988
Total_loss	: 0.1295
-------------------------------------
[Epoch : 10/30]
Pr_Src_cls_loss	: 0.0485
Src_cls_loss	: 0.0353
SDE_loss	: 0.0011
OSAM_loss	: 0.2830
Total_loss	: 0.1235
-------------------------------------
[Epoch : 11/30]
Pr_Src_cls_loss	: 0.0485
Src_cls_loss	: 0.0341
SDE_loss	: 0.0010
OSAM_loss	: 0.2692
Total_loss	: 0.1180
-------------------------------------
[Epoch : 12/30]
Pr_Src_cls_loss	: 0.0485
Src_cls_loss	: 0.0333
SDE_loss	: 0.0010
OSAM_loss	: 0.2576
Total_loss	: 0.1135
-------------------------------------
[Epoch : 13/30]
Pr_Src_cls_loss	: 0.0485
Src_cls_loss	: 0.0325
SDE_loss	: 0.0009
OSAM_loss	: 0.2474
Total_loss	: 0.1095
-------------------------------------
[Epoch : 14/30]
Pr_Src_cls_loss	: 0.0485
Src_cls_loss	: 0.0317
SDE_loss	: 0.0009
OSAM_loss	: 0.2379
Total_loss	: 0.1058
-------------------------------------
[Epoch : 15/30]
Pr_Src_cls_loss	: 0.0485
Src_cls_loss	: 0.0311
SDE_loss	: 0.0009
OSAM_loss	: 0.2297
Total_loss	: 0.1026
-------------------------------------
[Epoch : 16/30]
Pr_Src_cls_loss	: 0.0485
Src_cls_loss	: 0.0303
SDE_loss	: 0.0008
OSAM_loss	: 0.2217
Total_loss	: 0.0993
-------------------------------------
[Epoch : 17/30]
Pr_Src_cls_loss	: 0.0485
Src_cls_loss	: 0.0298
SDE_loss	: 0.0008
OSAM_loss	: 0.2148
Total_loss	: 0.0967
-------------------------------------
[Epoch : 18/30]
Pr_Src_cls_loss	: 0.0485
Src_cls_loss	: 0.0292
SDE_loss	: 0.0008
OSAM_loss	: 0.2082
Total_loss	: 0.0940
-------------------------------------
[Epoch : 19/30]
Pr_Src_cls_loss	: 0.0485
Src_cls_loss	: 0.0285
SDE_loss	: 0.0008
OSAM_loss	: 0.2022
Total_loss	: 0.0915
-------------------------------------
[Epoch : 20/30]
Pr_Src_cls_loss	: 0.0485
Src_cls_loss	: 0.0280
SDE_loss	: 0.0007
OSAM_loss	: 0.1968
Total_loss	: 0.0893
-------------------------------------
[Epoch : 21/30]
Pr_Src_cls_loss	: 0.0485
Src_cls_loss	: 0.0277
SDE_loss	: 0.0007
OSAM_loss	: 0.1917
Total_loss	: 0.0874
-------------------------------------
[Epoch : 22/30]
Pr_Src_cls_loss	: 0.0485
Src_cls_loss	: 0.0273
SDE_loss	: 0.0007
OSAM_loss	: 0.1871
Total_loss	: 0.0855
-------------------------------------
[Epoch : 23/30]
Pr_Src_cls_loss	: 0.0485
Src_cls_loss	: 0.0269
SDE_loss	: 0.0007
OSAM_loss	: 0.1827
Total_loss	: 0.0837
-------------------------------------
[Epoch : 24/30]
Pr_Src_cls_loss	: 0.0485
Src_cls_loss	: 0.0267
SDE_loss	: 0.0007
OSAM_loss	: 0.1787
Total_loss	: 0.0823
-------------------------------------
[Epoch : 25/30]
Pr_Src_cls_loss	: 0.0485
Src_cls_loss	: 0.0263
SDE_loss	: 0.0007
OSAM_loss	: 0.1748
Total_loss	: 0.0807
-------------------------------------
[Epoch : 26/30]
Pr_Src_cls_loss	: 0.0485
Src_cls_loss	: 0.0260
SDE_loss	: 0.0006
OSAM_loss	: 0.1712
Total_loss	: 0.0793
-------------------------------------
[Epoch : 27/30]
Pr_Src_cls_loss	: 0.0485
Src_cls_loss	: 0.0256
SDE_loss	: 0.0006
OSAM_loss	: 0.1678
Total_loss	: 0.0779
-------------------------------------
[Epoch : 28/30]
Pr_Src_cls_loss	: 0.0485
Src_cls_loss	: 0.0253
SDE_loss	: 0.0006
OSAM_loss	: 0.1646
Total_loss	: 0.0765
-------------------------------------
[Epoch : 29/30]
Pr_Src_cls_loss	: 0.0485
Src_cls_loss	: 0.0249
SDE_loss	: 0.0006
OSAM_loss	: 0.1616
Total_loss	: 0.0752
-------------------------------------
[Epoch : 30/30]
Pr_Src_cls_loss	: 0.0485
Src_cls_loss	: 0.0247
SDE_loss	: 0.0006
OSAM_loss	: 0.1587
Total_loss	: 0.0741
-------------------------------------
[TSFA-debug] best_model captured at epoch 29 (src_cls_loss=0.0249)
[TSFA-debug] final-epoch losses: {'Src_cls_loss': '0.0247', 'SDE_loss': '0.0006', 'OSAM_loss': '0.1587', 'Total_loss': '0.0741'}
[TSFA-debug] loaded best_model into algorithm for eval
[TSFA-debug] OSAM-reject OT-OK: Nt=1620 nb_dummies=1 mass mean=4.9383e-04 std=2.4699e-04 thr=2.4691e-04 unknown=324 (20.0%)
H_score: 0.0000, OS* (acc_c): 0.7722, UNK (acc_p): 0.0000, acc_mix: 0.7722, F1: 0.8361
[TSFA-debug] OSAM-reject OT-OK: Nt=1620 nb_dummies=1 mass mean=4.9383e-04 std=2.4699e-04 thr=2.4691e-04 unknown=324 (20.0%)
Uploading logs from: /mnt/data/home/tp2474/OpenSet-AdaTime/experiments_logs/RealWorld to mhealth_closed_set/TSFA_closed_set/RealWorld_to_mhealth_run_2
🏃 View run TSFA_run_2 at: http://127.0.0.1:5001/#/experiments/773515370876137118/runs/1b03447103ac4adbb0f7be0a62ee005a
🧪 View experiment at: http://127.0.0.1:5001/#/experiments/773515370876137118
=============================================
Dataset: RealWorld to mhealth_closed_set
Method:  TSFA
=============================================
Source: RealWorld ---> Target: mhealth
Run ID: 3
=============================================
[Pr Epoch : 1/20]
Pr_Src_cls_loss	: 0.2048
-------------------------------------
[Pr Epoch : 2/20]
Pr_Src_cls_loss	: 0.1435
-------------------------------------
[Pr Epoch : 3/20]
Pr_Src_cls_loss	: 0.1179
-------------------------------------
[Pr Epoch : 4/20]
Pr_Src_cls_loss	: 0.1023
-------------------------------------
[Pr Epoch : 5/20]
Pr_Src_cls_loss	: 0.0914
-------------------------------------
[Pr Epoch : 6/20]
Pr_Src_cls_loss	: 0.0843
-------------------------------------
[Pr Epoch : 7/20]
Pr_Src_cls_loss	: 0.0780
-------------------------------------
[Pr Epoch : 8/20]
Pr_Src_cls_loss	: 0.0742
-------------------------------------
[Pr Epoch : 9/20]
Pr_Src_cls_loss	: 0.0704
-------------------------------------
[Pr Epoch : 10/20]
Pr_Src_cls_loss	: 0.0671
-------------------------------------
[Pr Epoch : 11/20]
Pr_Src_cls_loss	: 0.0643
-------------------------------------
[Pr Epoch : 12/20]
Pr_Src_cls_loss	: 0.0615
-------------------------------------
[Pr Epoch : 13/20]
Pr_Src_cls_loss	: 0.0591
-------------------------------------
[Pr Epoch : 14/20]
Pr_Src_cls_loss	: 0.0571
-------------------------------------
[Pr Epoch : 15/20]
Pr_Src_cls_loss	: 0.0554
-------------------------------------
[Pr Epoch : 16/20]
Pr_Src_cls_loss	: 0.0536
-------------------------------------
[Pr Epoch : 17/20]
Pr_Src_cls_loss	: 0.0520
-------------------------------------
[Pr Epoch : 18/20]
Pr_Src_cls_loss	: 0.0508
-------------------------------------
[Pr Epoch : 19/20]
Pr_Src_cls_loss	: 0.0494
-------------------------------------
[Pr Epoch : 20/20]
Pr_Src_cls_loss	: 0.0480
-------------------------------------
[Epoch : 1/30]
Pr_Src_cls_loss	: 0.0480
Src_cls_loss	: 0.0619
SDE_loss	: 0.0028
OSAM_loss	: 0.7863
Total_loss	: 0.3062
-------------------------------------
[Epoch : 2/30]
Pr_Src_cls_loss	: 0.0480
Src_cls_loss	: 0.0527
SDE_loss	: 0.0019
OSAM_loss	: 0.5709
Total_loss	: 0.2297
-------------------------------------
[Epoch : 3/30]
Pr_Src_cls_loss	: 0.0480
Src_cls_loss	: 0.0480
SDE_loss	: 0.0015
OSAM_loss	: 0.4727
Total_loss	: 0.1944
-------------------------------------
[Epoch : 4/30]
Pr_Src_cls_loss	: 0.0480
Src_cls_loss	: 0.0460
SDE_loss	: 0.0013
OSAM_loss	: 0.4126
Total_loss	: 0.1737
-------------------------------------
[Epoch : 5/30]
Pr_Src_cls_loss	: 0.0480
Src_cls_loss	: 0.0433
SDE_loss	: 0.0012
OSAM_loss	: 0.3714
Total_loss	: 0.1582
-------------------------------------
[Epoch : 6/30]
Pr_Src_cls_loss	: 0.0480
Src_cls_loss	: 0.0413
SDE_loss	: 0.0011
OSAM_loss	: 0.3391
Total_loss	: 0.1462
-------------------------------------
[Epoch : 7/30]
Pr_Src_cls_loss	: 0.0480
Src_cls_loss	: 0.0394
SDE_loss	: 0.0010
OSAM_loss	: 0.3144
Total_loss	: 0.1366
-------------------------------------
[Epoch : 8/30]
Pr_Src_cls_loss	: 0.0480
Src_cls_loss	: 0.0385
SDE_loss	: 0.0009
OSAM_loss	: 0.2945
Total_loss	: 0.1295
-------------------------------------
[Epoch : 9/30]
Pr_Src_cls_loss	: 0.0480
Src_cls_loss	: 0.0376
SDE_loss	: 0.0008
OSAM_loss	: 0.2777
Total_loss	: 0.1234
-------------------------------------
[Epoch : 10/30]
Pr_Src_cls_loss	: 0.0480
Src_cls_loss	: 0.0362
SDE_loss	: 0.0008
OSAM_loss	: 0.2624
Total_loss	: 0.1173
-------------------------------------
[Epoch : 11/30]
Pr_Src_cls_loss	: 0.0480
Src_cls_loss	: 0.0352
SDE_loss	: 0.0008
OSAM_loss	: 0.2492
Total_loss	: 0.1122
-------------------------------------
[Epoch : 12/30]
Pr_Src_cls_loss	: 0.0480
Src_cls_loss	: 0.0346
SDE_loss	: 0.0007
OSAM_loss	: 0.2383
Total_loss	: 0.1082
-------------------------------------
[Epoch : 13/30]
Pr_Src_cls_loss	: 0.0480
Src_cls_loss	: 0.0338
SDE_loss	: 0.0007
OSAM_loss	: 0.2284
Total_loss	: 0.1043
-------------------------------------
[Epoch : 14/30]
Pr_Src_cls_loss	: 0.0480
Src_cls_loss	: 0.0335
SDE_loss	: 0.0007
OSAM_loss	: 0.2203
Total_loss	: 0.1015
-------------------------------------
[Epoch : 15/30]
Pr_Src_cls_loss	: 0.0480
Src_cls_loss	: 0.0328
SDE_loss	: 0.0006
OSAM_loss	: 0.2127
Total_loss	: 0.0985
-------------------------------------
[Epoch : 16/30]
Pr_Src_cls_loss	: 0.0480
Src_cls_loss	: 0.0325
SDE_loss	: 0.0006
OSAM_loss	: 0.2060
Total_loss	: 0.0961
-------------------------------------
[Epoch : 17/30]
Pr_Src_cls_loss	: 0.0480
Src_cls_loss	: 0.0322
SDE_loss	: 0.0006
OSAM_loss	: 0.2000
Total_loss	: 0.0940
-------------------------------------
[Epoch : 18/30]
Pr_Src_cls_loss	: 0.0480
Src_cls_loss	: 0.0315
SDE_loss	: 0.0006
OSAM_loss	: 0.1939
Total_loss	: 0.0913
-------------------------------------
[Epoch : 19/30]
Pr_Src_cls_loss	: 0.0480
Src_cls_loss	: 0.0312
SDE_loss	: 0.0006
OSAM_loss	: 0.1886
Total_loss	: 0.0894
-------------------------------------
[Epoch : 20/30]
Pr_Src_cls_loss	: 0.0480
Src_cls_loss	: 0.0308
SDE_loss	: 0.0005
OSAM_loss	: 0.1837
Total_loss	: 0.0875
-------------------------------------
[Epoch : 21/30]
Pr_Src_cls_loss	: 0.0480
Src_cls_loss	: 0.0302
SDE_loss	: 0.0005
OSAM_loss	: 0.1790
Total_loss	: 0.0855
-------------------------------------
[Epoch : 22/30]
Pr_Src_cls_loss	: 0.0480
Src_cls_loss	: 0.0298
SDE_loss	: 0.0005
OSAM_loss	: 0.1746
Total_loss	: 0.0837
-------------------------------------
[Epoch : 23/30]
Pr_Src_cls_loss	: 0.0480
Src_cls_loss	: 0.0296
SDE_loss	: 0.0005
OSAM_loss	: 0.1708
Total_loss	: 0.0823
-------------------------------------
[Epoch : 24/30]
Pr_Src_cls_loss	: 0.0480
Src_cls_loss	: 0.0292
SDE_loss	: 0.0005
OSAM_loss	: 0.1671
Total_loss	: 0.0808
-------------------------------------
[Epoch : 25/30]
Pr_Src_cls_loss	: 0.0480
Src_cls_loss	: 0.0288
SDE_loss	: 0.0005
OSAM_loss	: 0.1635
Total_loss	: 0.0794
-------------------------------------
[Epoch : 26/30]
Pr_Src_cls_loss	: 0.0480
Src_cls_loss	: 0.0285
SDE_loss	: 0.0005
OSAM_loss	: 0.1603
Total_loss	: 0.0780
-------------------------------------
[Epoch : 27/30]
Pr_Src_cls_loss	: 0.0480
Src_cls_loss	: 0.0282
SDE_loss	: 0.0005
OSAM_loss	: 0.1575
Total_loss	: 0.0769
-------------------------------------
[Epoch : 28/30]
Pr_Src_cls_loss	: 0.0480
Src_cls_loss	: 0.0279
SDE_loss	: 0.0005
OSAM_loss	: 0.1545
Total_loss	: 0.0757
-------------------------------------
[Epoch : 29/30]
Pr_Src_cls_loss	: 0.0480
Src_cls_loss	: 0.0276
SDE_loss	: 0.0005
OSAM_loss	: 0.1517
Total_loss	: 0.0745
-------------------------------------
[Epoch : 30/30]
Pr_Src_cls_loss	: 0.0480
Src_cls_loss	: 0.0274
SDE_loss	: 0.0005
OSAM_loss	: 0.1491
Total_loss	: 0.0734
-------------------------------------
[TSFA-debug] best_model captured at epoch 29 (src_cls_loss=0.0276)
[TSFA-debug] final-epoch losses: {'Src_cls_loss': '0.0274', 'SDE_loss': '0.0005', 'OSAM_loss': '0.1491', 'Total_loss': '0.0734'}
[TSFA-debug] loaded best_model into algorithm for eval
[TSFA-debug] OSAM-reject OT-OK: Nt=1620 nb_dummies=1 mass mean=4.9383e-04 std=2.4699e-04 thr=2.4691e-04 unknown=324 (20.0%)
H_score: 0.0000, OS* (acc_c): 0.3210, UNK (acc_p): 0.0000, acc_mix: 0.3210, F1: 0.3592
[TSFA-debug] OSAM-reject OT-OK: Nt=1620 nb_dummies=1 mass mean=4.9383e-04 std=2.4699e-04 thr=2.4691e-04 unknown=324 (20.0%)
Uploading logs from: /mnt/data/home/tp2474/OpenSet-AdaTime/experiments_logs/RealWorld to mhealth_closed_set/TSFA_closed_set/RealWorld_to_mhealth_run_3
🏃 View run TSFA_run_3 at: http://127.0.0.1:5001/#/experiments/773515370876137118/runs/e70227e8d40f450ca5ec4496ef2fc5eb
🧪 View experiment at: http://127.0.0.1:5001/#/experiments/773515370876137118
=============================================
Dataset: RealWorld to mhealth_closed_set
Method:  TSFA
=============================================
Source: RealWorld ---> Target: mhealth
Run ID: 4
=============================================
[Pr Epoch : 1/20]
Pr_Src_cls_loss	: 0.1940
-------------------------------------
[Pr Epoch : 2/20]
Pr_Src_cls_loss	: 0.1400
-------------------------------------
[Pr Epoch : 3/20]
Pr_Src_cls_loss	: 0.1149
-------------------------------------
[Pr Epoch : 4/20]
Pr_Src_cls_loss	: 0.1008
-------------------------------------
[Pr Epoch : 5/20]
Pr_Src_cls_loss	: 0.0908
-------------------------------------
[Pr Epoch : 6/20]
Pr_Src_cls_loss	: 0.0837
-------------------------------------
[Pr Epoch : 7/20]
Pr_Src_cls_loss	: 0.0797
-------------------------------------
[Pr Epoch : 8/20]
Pr_Src_cls_loss	: 0.0752
-------------------------------------
[Pr Epoch : 9/20]
Pr_Src_cls_loss	: 0.0708
-------------------------------------
[Pr Epoch : 10/20]
Pr_Src_cls_loss	: 0.0676
-------------------------------------
[Pr Epoch : 11/20]
Pr_Src_cls_loss	: 0.0648
-------------------------------------
[Pr Epoch : 12/20]
Pr_Src_cls_loss	: 0.0622
-------------------------------------
[Pr Epoch : 13/20]
Pr_Src_cls_loss	: 0.0600
-------------------------------------
[Pr Epoch : 14/20]
Pr_Src_cls_loss	: 0.0579
-------------------------------------
[Pr Epoch : 15/20]
Pr_Src_cls_loss	: 0.0562
-------------------------------------
[Pr Epoch : 16/20]
Pr_Src_cls_loss	: 0.0544
-------------------------------------
[Pr Epoch : 17/20]
Pr_Src_cls_loss	: 0.0528
-------------------------------------
[Pr Epoch : 18/20]
Pr_Src_cls_loss	: 0.0515
-------------------------------------
[Pr Epoch : 19/20]
Pr_Src_cls_loss	: 0.0500
-------------------------------------
[Pr Epoch : 20/20]
Pr_Src_cls_loss	: 0.0486
-------------------------------------
[Epoch : 1/30]
Pr_Src_cls_loss	: 0.0486
Src_cls_loss	: 0.0599
SDE_loss	: 0.0037
OSAM_loss	: 0.8275
Total_loss	: 0.3191
-------------------------------------
[Epoch : 2/30]
Pr_Src_cls_loss	: 0.0486
Src_cls_loss	: 0.0513
SDE_loss	: 0.0022
OSAM_loss	: 0.5909
Total_loss	: 0.2353
-------------------------------------
[Epoch : 3/30]
Pr_Src_cls_loss	: 0.0486
Src_cls_loss	: 0.0473
SDE_loss	: 0.0017
OSAM_loss	: 0.4838
Total_loss	: 0.1975
-------------------------------------
[Epoch : 4/30]
Pr_Src_cls_loss	: 0.0486
Src_cls_loss	: 0.0442
SDE_loss	: 0.0014
OSAM_loss	: 0.4197
Total_loss	: 0.1744
-------------------------------------
[Epoch : 5/30]
Pr_Src_cls_loss	: 0.0486
Src_cls_loss	: 0.0417
SDE_loss	: 0.0012
OSAM_loss	: 0.3757
Total_loss	: 0.1581
-------------------------------------
[Epoch : 6/30]
Pr_Src_cls_loss	: 0.0486
Src_cls_loss	: 0.0399
SDE_loss	: 0.0011
OSAM_loss	: 0.3430
Total_loss	: 0.1461
-------------------------------------
[Epoch : 7/30]
Pr_Src_cls_loss	: 0.0486
Src_cls_loss	: 0.0384
SDE_loss	: 0.0010
OSAM_loss	: 0.3178
Total_loss	: 0.1368
-------------------------------------
[Epoch : 8/30]
Pr_Src_cls_loss	: 0.0486
Src_cls_loss	: 0.0371
SDE_loss	: 0.0009
OSAM_loss	: 0.2969
Total_loss	: 0.1289
-------------------------------------
[Epoch : 9/30]
Pr_Src_cls_loss	: 0.0486
Src_cls_loss	: 0.0361
SDE_loss	: 0.0009
OSAM_loss	: 0.2794
Total_loss	: 0.1225
-------------------------------------
[Epoch : 10/30]
Pr_Src_cls_loss	: 0.0486
Src_cls_loss	: 0.0350
SDE_loss	: 0.0008
OSAM_loss	: 0.2647
Total_loss	: 0.1169
-------------------------------------
[Epoch : 11/30]
Pr_Src_cls_loss	: 0.0486
Src_cls_loss	: 0.0341
SDE_loss	: 0.0008
OSAM_loss	: 0.2518
Total_loss	: 0.1120
-------------------------------------
[Epoch : 12/30]
Pr_Src_cls_loss	: 0.0486
Src_cls_loss	: 0.0332
SDE_loss	: 0.0007
OSAM_loss	: 0.2405
Total_loss	: 0.1075
-------------------------------------
[Epoch : 13/30]
Pr_Src_cls_loss	: 0.0486
Src_cls_loss	: 0.0324
SDE_loss	: 0.0007
OSAM_loss	: 0.2304
Total_loss	: 0.1036
-------------------------------------
[Epoch : 14/30]
Pr_Src_cls_loss	: 0.0486
Src_cls_loss	: 0.0317
SDE_loss	: 0.0007
OSAM_loss	: 0.2214
Total_loss	: 0.1002
-------------------------------------
[Epoch : 15/30]
Pr_Src_cls_loss	: 0.0486
Src_cls_loss	: 0.0314
SDE_loss	: 0.0006
OSAM_loss	: 0.2139
Total_loss	: 0.0976
-------------------------------------
[Epoch : 16/30]
Pr_Src_cls_loss	: 0.0486
Src_cls_loss	: 0.0307
SDE_loss	: 0.0006
OSAM_loss	: 0.2064
Total_loss	: 0.0945
-------------------------------------
[Epoch : 17/30]
Pr_Src_cls_loss	: 0.0486
Src_cls_loss	: 0.0302
SDE_loss	: 0.0006
OSAM_loss	: 0.1999
Total_loss	: 0.0920
-------------------------------------
[Epoch : 18/30]
Pr_Src_cls_loss	: 0.0486
Src_cls_loss	: 0.0297
SDE_loss	: 0.0006
OSAM_loss	: 0.1937
Total_loss	: 0.0895
-------------------------------------
[Epoch : 19/30]
Pr_Src_cls_loss	: 0.0486
Src_cls_loss	: 0.0291
SDE_loss	: 0.0006
OSAM_loss	: 0.1880
Total_loss	: 0.0873
-------------------------------------
[Epoch : 20/30]
Pr_Src_cls_loss	: 0.0486
Src_cls_loss	: 0.0288
SDE_loss	: 0.0006
OSAM_loss	: 0.1830
Total_loss	: 0.0854
-------------------------------------
[Epoch : 21/30]
Pr_Src_cls_loss	: 0.0486
Src_cls_loss	: 0.0285
SDE_loss	: 0.0006
OSAM_loss	: 0.1785
Total_loss	: 0.0838
-------------------------------------
[Epoch : 22/30]
Pr_Src_cls_loss	: 0.0486
Src_cls_loss	: 0.0281
SDE_loss	: 0.0005
OSAM_loss	: 0.1743
Total_loss	: 0.0820
-------------------------------------
[Epoch : 23/30]
Pr_Src_cls_loss	: 0.0486
Src_cls_loss	: 0.0278
SDE_loss	: 0.0005
OSAM_loss	: 0.1702
Total_loss	: 0.0804
-------------------------------------
[Epoch : 24/30]
Pr_Src_cls_loss	: 0.0486
Src_cls_loss	: 0.0274
SDE_loss	: 0.0005
OSAM_loss	: 0.1664
Total_loss	: 0.0789
-------------------------------------
[Epoch : 25/30]
Pr_Src_cls_loss	: 0.0486
Src_cls_loss	: 0.0272
SDE_loss	: 0.0005
OSAM_loss	: 0.1629
Total_loss	: 0.0776
-------------------------------------
[Epoch : 26/30]
Pr_Src_cls_loss	: 0.0486
Src_cls_loss	: 0.0268
SDE_loss	: 0.0005
OSAM_loss	: 0.1594
Total_loss	: 0.0761
-------------------------------------
[Epoch : 27/30]
Pr_Src_cls_loss	: 0.0486
Src_cls_loss	: 0.0265
SDE_loss	: 0.0005
OSAM_loss	: 0.1561
Total_loss	: 0.0748
-------------------------------------
[Epoch : 28/30]
Pr_Src_cls_loss	: 0.0486
Src_cls_loss	: 0.0262
SDE_loss	: 0.0005
OSAM_loss	: 0.1531
Total_loss	: 0.0736
-------------------------------------
[Epoch : 29/30]
Pr_Src_cls_loss	: 0.0486
Src_cls_loss	: 0.0259
SDE_loss	: 0.0005
OSAM_loss	: 0.1501
Total_loss	: 0.0723
-------------------------------------
[Epoch : 30/30]
Pr_Src_cls_loss	: 0.0486
Src_cls_loss	: 0.0255
SDE_loss	: 0.0005
OSAM_loss	: 0.1473
Total_loss	: 0.0711
-------------------------------------
[TSFA-debug] best_model captured at epoch 29 (src_cls_loss=0.0259)
[TSFA-debug] final-epoch losses: {'Src_cls_loss': '0.0255', 'SDE_loss': '0.0005', 'OSAM_loss': '0.1473', 'Total_loss': '0.0711'}
[TSFA-debug] loaded best_model into algorithm for eval
[TSFA-debug] OSAM-reject OT-OK: Nt=1620 nb_dummies=1 mass mean=4.9383e-04 std=2.4699e-04 thr=2.4691e-04 unknown=324 (20.0%)
H_score: 0.0000, OS* (acc_c): 0.7852, UNK (acc_p): 0.0000, acc_mix: 0.7852, F1: 0.8404
[TSFA-debug] OSAM-reject OT-OK: Nt=1620 nb_dummies=1 mass mean=4.9383e-04 std=2.4699e-04 thr=2.4691e-04 unknown=324 (20.0%)
Uploading logs from: /mnt/data/home/tp2474/OpenSet-AdaTime/experiments_logs/RealWorld to mhealth_closed_set/TSFA_closed_set/RealWorld_to_mhealth_run_4
🏃 View run TSFA_run_4 at: http://127.0.0.1:5001/#/experiments/773515370876137118/runs/7d85758b89e84420bbbba73acd69482d
🧪 View experiment at: http://127.0.0.1:5001/#/experiments/773515370876137118
