[scenario] OSBP -> OSDA (uniDA=True)
Unlabeled data shape:  (1620, 150, 18)
Unlabelled Combined shape: (2786, 150, 18)

--- Dataloader Size Check ---
Source Train batches:   296
Target Train batches:   25
-------------------------------

Private classes:  tensor([])
=============================================
Dataset: RealWorld to mhealth_closed_set
Method:  OSBP
=============================================
Source: RealWorld ---> Target: mhealth
Run ID: 0
=============================================
[Pr Epoch : 1/20]
Pr_Src_cls_loss	: 0.3639
-------------------------------------
[Pr Epoch : 2/20]
Pr_Src_cls_loss	: 0.2436
-------------------------------------
[Pr Epoch : 3/20]
Pr_Src_cls_loss	: 0.1936
-------------------------------------
[Pr Epoch : 4/20]
Pr_Src_cls_loss	: 0.1661
-------------------------------------
[Pr Epoch : 5/20]
Pr_Src_cls_loss	: 0.1470
-------------------------------------
[Pr Epoch : 6/20]
Pr_Src_cls_loss	: 0.1329
-------------------------------------
[Pr Epoch : 7/20]
Pr_Src_cls_loss	: 0.1223
-------------------------------------
[Pr Epoch : 8/20]
Pr_Src_cls_loss	: 0.1138
-------------------------------------
[Pr Epoch : 9/20]
Pr_Src_cls_loss	: 0.1065
-------------------------------------
[Pr Epoch : 10/20]
Pr_Src_cls_loss	: 0.1006
-------------------------------------
[Pr Epoch : 11/20]
Pr_Src_cls_loss	: 0.0955
-------------------------------------
[Pr Epoch : 12/20]
Pr_Src_cls_loss	: 0.0911
-------------------------------------
[Pr Epoch : 13/20]
Pr_Src_cls_loss	: 0.0870
-------------------------------------
[Pr Epoch : 14/20]
Pr_Src_cls_loss	: 0.0835
-------------------------------------
[Pr Epoch : 15/20]
Pr_Src_cls_loss	: 0.0803
-------------------------------------
[Pr Epoch : 16/20]
Pr_Src_cls_loss	: 0.0772
-------------------------------------
[Pr Epoch : 17/20]
Pr_Src_cls_loss	: 0.0744
-------------------------------------
[Pr Epoch : 18/20]
Pr_Src_cls_loss	: 0.0720
-------------------------------------
[Pr Epoch : 19/20]
Pr_Src_cls_loss	: 0.0698
-------------------------------------
[Pr Epoch : 20/20]
Pr_Src_cls_loss	: 0.0678
-------------------------------------
[Epoch : 1/30]
Pr_Src_cls_loss	: 0.0678
Src_cls_loss	: 0.3304
Trg_adv_loss	: 1.4312
Total_loss	: 1.7616
-------------------------------------
[Epoch : 2/30]
Pr_Src_cls_loss	: 0.0678
Src_cls_loss	: 0.3420
Trg_adv_loss	: 1.1459
Total_loss	: 1.4880
-------------------------------------
[Epoch : 3/30]
Pr_Src_cls_loss	: 0.0678
Src_cls_loss	: 0.3407
Trg_adv_loss	: 1.0563
Total_loss	: 1.3971
-------------------------------------
[Epoch : 4/30]
Pr_Src_cls_loss	: 0.0678
Src_cls_loss	: 0.3355
Trg_adv_loss	: 1.0262
Total_loss	: 1.3617
-------------------------------------
[Epoch : 5/30]
Pr_Src_cls_loss	: 0.0678
Src_cls_loss	: 0.3310
Trg_adv_loss	: 1.0126
Total_loss	: 1.3436
-------------------------------------
[Epoch : 6/30]
Pr_Src_cls_loss	: 0.0678
Src_cls_loss	: 0.3304
Trg_adv_loss	: 1.0062
Total_loss	: 1.3365
-------------------------------------
[Epoch : 7/30]
Pr_Src_cls_loss	: 0.0678
Src_cls_loss	: 0.3323
Trg_adv_loss	: 1.0017
Total_loss	: 1.3340
-------------------------------------
[Epoch : 8/30]
Pr_Src_cls_loss	: 0.0678
Src_cls_loss	: 0.3339
Trg_adv_loss	: 1.0038
Total_loss	: 1.3377
-------------------------------------
[Epoch : 9/30]
Pr_Src_cls_loss	: 0.0678
Src_cls_loss	: 0.3350
Trg_adv_loss	: 1.0046
Total_loss	: 1.3396
-------------------------------------
[Epoch : 10/30]
Pr_Src_cls_loss	: 0.0678
Src_cls_loss	: 0.3371
Trg_adv_loss	: 1.0038
Total_loss	: 1.3409
-------------------------------------
[Epoch : 11/30]
Pr_Src_cls_loss	: 0.0678
Src_cls_loss	: 0.3386
Trg_adv_loss	: 1.0032
Total_loss	: 1.3418
-------------------------------------
[Epoch : 12/30]
Pr_Src_cls_loss	: 0.0678
Src_cls_loss	: 0.3393
Trg_adv_loss	: 1.0031
Total_loss	: 1.3424
-------------------------------------
[Epoch : 13/30]
Pr_Src_cls_loss	: 0.0678
Src_cls_loss	: 0.3402
Trg_adv_loss	: 1.0029
Total_loss	: 1.3430
-------------------------------------
[Epoch : 14/30]
Pr_Src_cls_loss	: 0.0678
Src_cls_loss	: 0.3408
Trg_adv_loss	: 1.0025
Total_loss	: 1.3433
-------------------------------------
[Epoch : 15/30]
Pr_Src_cls_loss	: 0.0678
Src_cls_loss	: 0.3412
Trg_adv_loss	: 1.0021
Total_loss	: 1.3433
-------------------------------------
[Epoch : 16/30]
Pr_Src_cls_loss	: 0.0678
Src_cls_loss	: 0.3414
Trg_adv_loss	: 1.0022
Total_loss	: 1.3436
-------------------------------------
[Epoch : 17/30]
Pr_Src_cls_loss	: 0.0678
Src_cls_loss	: 0.3415
Trg_adv_loss	: 1.0023
Total_loss	: 1.3438
-------------------------------------
[Epoch : 18/30]
Pr_Src_cls_loss	: 0.0678
Src_cls_loss	: 0.3415
Trg_adv_loss	: 1.0025
Total_loss	: 1.3441
-------------------------------------
[Epoch : 19/30]
Pr_Src_cls_loss	: 0.0678
Src_cls_loss	: 0.3416
Trg_adv_loss	: 1.0026
Total_loss	: 1.3442
-------------------------------------
[Epoch : 20/30]
Pr_Src_cls_loss	: 0.0678
Src_cls_loss	: 0.3416
Trg_adv_loss	: 1.0027
Total_loss	: 1.3442
-------------------------------------
[Epoch : 21/30]
Pr_Src_cls_loss	: 0.0678
Src_cls_loss	: 0.3416
Trg_adv_loss	: 1.0029
Total_loss	: 1.3444
-------------------------------------
[Epoch : 22/30]
Pr_Src_cls_loss	: 0.0678
Src_cls_loss	: 0.3414
Trg_adv_loss	: 1.0031
Total_loss	: 1.3445
-------------------------------------
[Epoch : 23/30]
Pr_Src_cls_loss	: 0.0678
Src_cls_loss	: 0.3414
Trg_adv_loss	: 1.0032
Total_loss	: 1.3447
-------------------------------------
[Epoch : 24/30]
Pr_Src_cls_loss	: 0.0678
Src_cls_loss	: 0.3413
Trg_adv_loss	: 1.0033
Total_loss	: 1.3446
-------------------------------------
[Epoch : 25/30]
Pr_Src_cls_loss	: 0.0678
Src_cls_loss	: 0.3412
Trg_adv_loss	: 1.0034
Total_loss	: 1.3446
-------------------------------------
[Epoch : 26/30]
Pr_Src_cls_loss	: 0.0678
Src_cls_loss	: 0.3413
Trg_adv_loss	: 1.0036
Total_loss	: 1.3448
-------------------------------------
[Epoch : 27/30]
Pr_Src_cls_loss	: 0.0678
Src_cls_loss	: 0.3412
Trg_adv_loss	: 1.0038
Total_loss	: 1.3450
-------------------------------------
[Epoch : 28/30]
Pr_Src_cls_loss	: 0.0678
Src_cls_loss	: 0.3410
Trg_adv_loss	: 1.0039
Total_loss	: 1.3449
-------------------------------------
[Epoch : 29/30]
Pr_Src_cls_loss	: 0.0678
Src_cls_loss	: 0.3408
Trg_adv_loss	: 1.0040
Total_loss	: 1.3448
-------------------------------------
[Epoch : 30/30]
Pr_Src_cls_loss	: 0.0678
Src_cls_loss	: 0.3406
Trg_adv_loss	: 1.0041
Total_loss	: 1.3448
-------------------------------------
/mnt/data/home/tp2474/OpenSet-AdaTime/trainers/abstract_trainer.py:285: FutureWarning: The behavior of DataFrame concatenation with empty or all-NA entries is deprecated. In a future version, this will no longer exclude empty or all-NA columns when determining the result dtypes. To retain the old behavior, exclude the relevant entries before the concat operation.
  table = pd.concat([table, results_df], ignore_index=True)
H_score: 0.0000, OS* (acc_c): 0.2494, UNK (acc_p): 0.0000, acc_mix: 0.2494
Uploading logs from: /mnt/data/home/tp2474/OpenSet-AdaTime/experiments_logs/RealWorld to mhealth_closed_set/OSBP_closed_set/RealWorld_to_mhealth_run_0
🏃 View run OSBP_run_0 at: http://127.0.0.1:5001/#/experiments/773515370876137118/runs/9cd6c50939de4e1c86371068721f38ee
🧪 View experiment at: http://127.0.0.1:5001/#/experiments/773515370876137118
=============================================
Dataset: RealWorld to mhealth_closed_set
Method:  OSBP
=============================================
Source: RealWorld ---> Target: mhealth
Run ID: 1
=============================================
[Pr Epoch : 1/20]
Pr_Src_cls_loss	: 0.3833
-------------------------------------
[Pr Epoch : 2/20]
Pr_Src_cls_loss	: 0.2529
-------------------------------------
[Pr Epoch : 3/20]
Pr_Src_cls_loss	: 0.1991
-------------------------------------
[Pr Epoch : 4/20]
Pr_Src_cls_loss	: 0.1680
-------------------------------------
[Pr Epoch : 5/20]
Pr_Src_cls_loss	: 0.1474
-------------------------------------
[Pr Epoch : 6/20]
Pr_Src_cls_loss	: 0.1324
-------------------------------------
[Pr Epoch : 7/20]
Pr_Src_cls_loss	: 0.1213
-------------------------------------
[Pr Epoch : 8/20]
Pr_Src_cls_loss	: 0.1126
-------------------------------------
[Pr Epoch : 9/20]
Pr_Src_cls_loss	: 0.1051
-------------------------------------
[Pr Epoch : 10/20]
Pr_Src_cls_loss	: 0.0987
-------------------------------------
[Pr Epoch : 11/20]
Pr_Src_cls_loss	: 0.0935
-------------------------------------
[Pr Epoch : 12/20]
Pr_Src_cls_loss	: 0.0890
-------------------------------------
[Pr Epoch : 13/20]
Pr_Src_cls_loss	: 0.0849
-------------------------------------
[Pr Epoch : 14/20]
Pr_Src_cls_loss	: 0.0812
-------------------------------------
[Pr Epoch : 15/20]
Pr_Src_cls_loss	: 0.0779
-------------------------------------
[Pr Epoch : 16/20]
Pr_Src_cls_loss	: 0.0749
-------------------------------------
[Pr Epoch : 17/20]
Pr_Src_cls_loss	: 0.0723
-------------------------------------
[Pr Epoch : 18/20]
Pr_Src_cls_loss	: 0.0697
-------------------------------------
[Pr Epoch : 19/20]
Pr_Src_cls_loss	: 0.0674
-------------------------------------
[Pr Epoch : 20/20]
Pr_Src_cls_loss	: 0.0654
-------------------------------------
[Epoch : 1/30]
Pr_Src_cls_loss	: 0.0654
Src_cls_loss	: 0.3354
Trg_adv_loss	: 1.4288
Total_loss	: 1.7641
-------------------------------------
[Epoch : 2/30]
Pr_Src_cls_loss	: 0.0654
Src_cls_loss	: 0.3463
Trg_adv_loss	: 1.1435
Total_loss	: 1.4899
-------------------------------------
[Epoch : 3/30]
Pr_Src_cls_loss	: 0.0654
Src_cls_loss	: 0.3475
Trg_adv_loss	: 1.0503
Total_loss	: 1.3978
-------------------------------------
[Epoch : 4/30]
Pr_Src_cls_loss	: 0.0654
Src_cls_loss	: 0.3445
Trg_adv_loss	: 1.0093
Total_loss	: 1.3538
-------------------------------------
[Epoch : 5/30]
Pr_Src_cls_loss	: 0.0654
Src_cls_loss	: 0.3397
Trg_adv_loss	: 0.9961
Total_loss	: 1.3359
-------------------------------------
[Epoch : 6/30]
Pr_Src_cls_loss	: 0.0654
Src_cls_loss	: 0.3360
Trg_adv_loss	: 0.9944
Total_loss	: 1.3304
-------------------------------------
[Epoch : 7/30]
Pr_Src_cls_loss	: 0.0654
Src_cls_loss	: 0.3355
Trg_adv_loss	: 0.9914
Total_loss	: 1.3269
-------------------------------------
[Epoch : 8/30]
Pr_Src_cls_loss	: 0.0654
Src_cls_loss	: 0.3373
Trg_adv_loss	: 0.9895
Total_loss	: 1.3268
-------------------------------------
[Epoch : 9/30]
Pr_Src_cls_loss	: 0.0654
Src_cls_loss	: 0.3382
Trg_adv_loss	: 0.9933
Total_loss	: 1.3315
-------------------------------------
[Epoch : 10/30]
Pr_Src_cls_loss	: 0.0654
Src_cls_loss	: 0.3391
Trg_adv_loss	: 0.9952
Total_loss	: 1.3343
-------------------------------------
[Epoch : 11/30]
Pr_Src_cls_loss	: 0.0654
Src_cls_loss	: 0.3408
Trg_adv_loss	: 0.9956
Total_loss	: 1.3363
-------------------------------------
[Epoch : 12/30]
Pr_Src_cls_loss	: 0.0654
Src_cls_loss	: 0.3415
Trg_adv_loss	: 0.9962
Total_loss	: 1.3377
-------------------------------------
[Epoch : 13/30]
Pr_Src_cls_loss	: 0.0654
Src_cls_loss	: 0.3422
Trg_adv_loss	: 0.9968
Total_loss	: 1.3390
-------------------------------------
[Epoch : 14/30]
Pr_Src_cls_loss	: 0.0654
Src_cls_loss	: 0.3428
Trg_adv_loss	: 0.9971
Total_loss	: 1.3399
-------------------------------------
[Epoch : 15/30]
Pr_Src_cls_loss	: 0.0654
Src_cls_loss	: 0.3433
Trg_adv_loss	: 0.9976
Total_loss	: 1.3409
-------------------------------------
[Epoch : 16/30]
Pr_Src_cls_loss	: 0.0654
Src_cls_loss	: 0.3434
Trg_adv_loss	: 0.9984
Total_loss	: 1.3418
-------------------------------------
[Epoch : 17/30]
Pr_Src_cls_loss	: 0.0654
Src_cls_loss	: 0.3435
Trg_adv_loss	: 0.9990
Total_loss	: 1.3425
-------------------------------------
[Epoch : 18/30]
Pr_Src_cls_loss	: 0.0654
Src_cls_loss	: 0.3434
Trg_adv_loss	: 0.9994
Total_loss	: 1.3427
-------------------------------------
[Epoch : 19/30]
Pr_Src_cls_loss	: 0.0654
Src_cls_loss	: 0.3431
Trg_adv_loss	: 1.0000
Total_loss	: 1.3431
-------------------------------------
[Epoch : 20/30]
Pr_Src_cls_loss	: 0.0654
Src_cls_loss	: 0.3429
Trg_adv_loss	: 1.0005
Total_loss	: 1.3434
-------------------------------------
[Epoch : 21/30]
Pr_Src_cls_loss	: 0.0654
Src_cls_loss	: 0.3427
Trg_adv_loss	: 1.0009
Total_loss	: 1.3436
-------------------------------------
[Epoch : 22/30]
Pr_Src_cls_loss	: 0.0654
Src_cls_loss	: 0.3425
Trg_adv_loss	: 1.0015
Total_loss	: 1.3440
-------------------------------------
[Epoch : 23/30]
Pr_Src_cls_loss	: 0.0654
Src_cls_loss	: 0.3426
Trg_adv_loss	: 1.0018
Total_loss	: 1.3443
-------------------------------------
[Epoch : 24/30]
Pr_Src_cls_loss	: 0.0654
Src_cls_loss	: 0.3425
Trg_adv_loss	: 1.0022
Total_loss	: 1.3446
-------------------------------------
[Epoch : 25/30]
Pr_Src_cls_loss	: 0.0654
Src_cls_loss	: 0.3423
Trg_adv_loss	: 1.0025
Total_loss	: 1.3448
-------------------------------------
[Epoch : 26/30]
Pr_Src_cls_loss	: 0.0654
Src_cls_loss	: 0.3422
Trg_adv_loss	: 1.0027
Total_loss	: 1.3448
-------------------------------------
[Epoch : 27/30]
Pr_Src_cls_loss	: 0.0654
Src_cls_loss	: 0.3419
Trg_adv_loss	: 1.0029
Total_loss	: 1.3448
-------------------------------------
[Epoch : 28/30]
Pr_Src_cls_loss	: 0.0654
Src_cls_loss	: 0.3420
Trg_adv_loss	: 1.0032
Total_loss	: 1.3451
-------------------------------------
[Epoch : 29/30]
Pr_Src_cls_loss	: 0.0654
Src_cls_loss	: 0.3418
Trg_adv_loss	: 1.0034
Total_loss	: 1.3451
-------------------------------------
[Epoch : 30/30]
Pr_Src_cls_loss	: 0.0654
Src_cls_loss	: 0.3416
Trg_adv_loss	: 1.0036
Total_loss	: 1.3452
-------------------------------------
H_score: 0.0000, OS* (acc_c): 0.1969, UNK (acc_p): 0.0000, acc_mix: 0.1969
Uploading logs from: /mnt/data/home/tp2474/OpenSet-AdaTime/experiments_logs/RealWorld to mhealth_closed_set/OSBP_closed_set/RealWorld_to_mhealth_run_1
🏃 View run OSBP_run_1 at: http://127.0.0.1:5001/#/experiments/773515370876137118/runs/67c07da62ad74253a5fce1276499884d
🧪 View experiment at: http://127.0.0.1:5001/#/experiments/773515370876137118
=============================================
Dataset: RealWorld to mhealth_closed_set
Method:  OSBP
=============================================
Source: RealWorld ---> Target: mhealth
Run ID: 2
=============================================
[Pr Epoch : 1/20]
Pr_Src_cls_loss	: 0.3552
-------------------------------------
[Pr Epoch : 2/20]
Pr_Src_cls_loss	: 0.2354
-------------------------------------
[Pr Epoch : 3/20]
Pr_Src_cls_loss	: 0.1891
-------------------------------------
[Pr Epoch : 4/20]
Pr_Src_cls_loss	: 0.1617
-------------------------------------
[Pr Epoch : 5/20]
Pr_Src_cls_loss	: 0.1427
-------------------------------------
[Pr Epoch : 6/20]
Pr_Src_cls_loss	: 0.1288
-------------------------------------
[Pr Epoch : 7/20]
Pr_Src_cls_loss	: 0.1183
-------------------------------------
[Pr Epoch : 8/20]
Pr_Src_cls_loss	: 0.1096
-------------------------------------
[Pr Epoch : 9/20]
Pr_Src_cls_loss	: 0.1026
-------------------------------------
[Pr Epoch : 10/20]
Pr_Src_cls_loss	: 0.0965
-------------------------------------
[Pr Epoch : 11/20]
Pr_Src_cls_loss	: 0.0914
-------------------------------------
[Pr Epoch : 12/20]
Pr_Src_cls_loss	: 0.0867
-------------------------------------
[Pr Epoch : 13/20]
Pr_Src_cls_loss	: 0.0829
-------------------------------------
[Pr Epoch : 14/20]
Pr_Src_cls_loss	: 0.0795
-------------------------------------
[Pr Epoch : 15/20]
Pr_Src_cls_loss	: 0.0762
-------------------------------------
[Pr Epoch : 16/20]
Pr_Src_cls_loss	: 0.0732
-------------------------------------
[Pr Epoch : 17/20]
Pr_Src_cls_loss	: 0.0707
-------------------------------------
[Pr Epoch : 18/20]
Pr_Src_cls_loss	: 0.0683
-------------------------------------
[Pr Epoch : 19/20]
Pr_Src_cls_loss	: 0.0660
-------------------------------------
[Pr Epoch : 20/20]
Pr_Src_cls_loss	: 0.0641
-------------------------------------
[Epoch : 1/30]
Pr_Src_cls_loss	: 0.0641
Src_cls_loss	: 0.3340
Trg_adv_loss	: 1.4337
Total_loss	: 1.7676
-------------------------------------
[Epoch : 2/30]
Pr_Src_cls_loss	: 0.0641
Src_cls_loss	: 0.3442
Trg_adv_loss	: 1.1459
Total_loss	: 1.4900
-------------------------------------
[Epoch : 3/30]
Pr_Src_cls_loss	: 0.0641
Src_cls_loss	: 0.3445
Trg_adv_loss	: 1.0525
Total_loss	: 1.3970
-------------------------------------
[Epoch : 4/30]
Pr_Src_cls_loss	: 0.0641
Src_cls_loss	: 0.3423
Trg_adv_loss	: 1.0121
Total_loss	: 1.3544
-------------------------------------
[Epoch : 5/30]
Pr_Src_cls_loss	: 0.0641
Src_cls_loss	: 0.3387
Trg_adv_loss	: 0.9958
Total_loss	: 1.3345
-------------------------------------
[Epoch : 6/30]
Pr_Src_cls_loss	: 0.0641
Src_cls_loss	: 0.3362
Trg_adv_loss	: 0.9908
Total_loss	: 1.3269
-------------------------------------
[Epoch : 7/30]
Pr_Src_cls_loss	: 0.0641
Src_cls_loss	: 0.3351
Trg_adv_loss	: 0.9897
Total_loss	: 1.3249
-------------------------------------
[Epoch : 8/30]
Pr_Src_cls_loss	: 0.0641
Src_cls_loss	: 0.3367
Trg_adv_loss	: 0.9879
Total_loss	: 1.3246
-------------------------------------
[Epoch : 9/30]
Pr_Src_cls_loss	: 0.0641
Src_cls_loss	: 0.3391
Trg_adv_loss	: 0.9891
Total_loss	: 1.3282
-------------------------------------
[Epoch : 10/30]
Pr_Src_cls_loss	: 0.0641
Src_cls_loss	: 0.3404
Trg_adv_loss	: 0.9919
Total_loss	: 1.3323
-------------------------------------
[Epoch : 11/30]
Pr_Src_cls_loss	: 0.0641
Src_cls_loss	: 0.3421
Trg_adv_loss	: 0.9928
Total_loss	: 1.3349
-------------------------------------
[Epoch : 12/30]
Pr_Src_cls_loss	: 0.0641
Src_cls_loss	: 0.3436
Trg_adv_loss	: 0.9934
Total_loss	: 1.3370
-------------------------------------
[Epoch : 13/30]
Pr_Src_cls_loss	: 0.0641
Src_cls_loss	: 0.3444
Trg_adv_loss	: 0.9942
Total_loss	: 1.3386
-------------------------------------
[Epoch : 14/30]
Pr_Src_cls_loss	: 0.0641
Src_cls_loss	: 0.3451
Trg_adv_loss	: 0.9950
Total_loss	: 1.3401
-------------------------------------
[Epoch : 15/30]
Pr_Src_cls_loss	: 0.0641
Src_cls_loss	: 0.3456
Trg_adv_loss	: 0.9956
Total_loss	: 1.3412
-------------------------------------
[Epoch : 16/30]
Pr_Src_cls_loss	: 0.0641
Src_cls_loss	: 0.3458
Trg_adv_loss	: 0.9963
Total_loss	: 1.3421
-------------------------------------
[Epoch : 17/30]
Pr_Src_cls_loss	: 0.0641
Src_cls_loss	: 0.3461
Trg_adv_loss	: 0.9967
Total_loss	: 1.3428
-------------------------------------
[Epoch : 18/30]
Pr_Src_cls_loss	: 0.0641
Src_cls_loss	: 0.3462
Trg_adv_loss	: 0.9974
Total_loss	: 1.3435
-------------------------------------
[Epoch : 19/30]
Pr_Src_cls_loss	: 0.0641
Src_cls_loss	: 0.3463
Trg_adv_loss	: 0.9979
Total_loss	: 1.3441
-------------------------------------
[Epoch : 20/30]
Pr_Src_cls_loss	: 0.0641
Src_cls_loss	: 0.3462
Trg_adv_loss	: 0.9983
Total_loss	: 1.3444
-------------------------------------
[Epoch : 21/30]
Pr_Src_cls_loss	: 0.0641
Src_cls_loss	: 0.3464
Trg_adv_loss	: 0.9987
Total_loss	: 1.3451
-------------------------------------
[Epoch : 22/30]
Pr_Src_cls_loss	: 0.0641
Src_cls_loss	: 0.3463
Trg_adv_loss	: 0.9990
Total_loss	: 1.3452
-------------------------------------
[Epoch : 23/30]
Pr_Src_cls_loss	: 0.0641
Src_cls_loss	: 0.3461
Trg_adv_loss	: 0.9992
Total_loss	: 1.3453
-------------------------------------
[Epoch : 24/30]
Pr_Src_cls_loss	: 0.0641
Src_cls_loss	: 0.3461
Trg_adv_loss	: 0.9995
Total_loss	: 1.3456
-------------------------------------
[Epoch : 25/30]
Pr_Src_cls_loss	: 0.0641
Src_cls_loss	: 0.3461
Trg_adv_loss	: 0.9999
Total_loss	: 1.3459
-------------------------------------
[Epoch : 26/30]
Pr_Src_cls_loss	: 0.0641
Src_cls_loss	: 0.3459
Trg_adv_loss	: 1.0001
Total_loss	: 1.3459
-------------------------------------
[Epoch : 27/30]
Pr_Src_cls_loss	: 0.0641
Src_cls_loss	: 0.3457
Trg_adv_loss	: 1.0003
Total_loss	: 1.3460
-------------------------------------
[Epoch : 28/30]
Pr_Src_cls_loss	: 0.0641
Src_cls_loss	: 0.3455
Trg_adv_loss	: 1.0005
Total_loss	: 1.3460
-------------------------------------
[Epoch : 29/30]
Pr_Src_cls_loss	: 0.0641
Src_cls_loss	: 0.3454
Trg_adv_loss	: 1.0007
Total_loss	: 1.3461
-------------------------------------
[Epoch : 30/30]
Pr_Src_cls_loss	: 0.0641
Src_cls_loss	: 0.3452
Trg_adv_loss	: 1.0008
Total_loss	: 1.3460
-------------------------------------
H_score: 0.0000, OS* (acc_c): 0.3389, UNK (acc_p): 0.0000, acc_mix: 0.3389
Uploading logs from: /mnt/data/home/tp2474/OpenSet-AdaTime/experiments_logs/RealWorld to mhealth_closed_set/OSBP_closed_set/RealWorld_to_mhealth_run_2
🏃 View run OSBP_run_2 at: http://127.0.0.1:5001/#/experiments/773515370876137118/runs/a058e863f17447b2b451b61d729804c4
🧪 View experiment at: http://127.0.0.1:5001/#/experiments/773515370876137118
=============================================
Dataset: RealWorld to mhealth_closed_set
Method:  OSBP
=============================================
Source: RealWorld ---> Target: mhealth
Run ID: 3
=============================================
[Pr Epoch : 1/20]
Pr_Src_cls_loss	: 0.3637
-------------------------------------
[Pr Epoch : 2/20]
Pr_Src_cls_loss	: 0.2430
-------------------------------------
[Pr Epoch : 3/20]
Pr_Src_cls_loss	: 0.1931
-------------------------------------
[Pr Epoch : 4/20]
Pr_Src_cls_loss	: 0.1645
-------------------------------------
[Pr Epoch : 5/20]
Pr_Src_cls_loss	: 0.1450
-------------------------------------
[Pr Epoch : 6/20]
Pr_Src_cls_loss	: 0.1310
-------------------------------------
[Pr Epoch : 7/20]
Pr_Src_cls_loss	: 0.1202
-------------------------------------
[Pr Epoch : 8/20]
Pr_Src_cls_loss	: 0.1111
-------------------------------------
[Pr Epoch : 9/20]
Pr_Src_cls_loss	: 0.1041
-------------------------------------
[Pr Epoch : 10/20]
Pr_Src_cls_loss	: 0.0983
-------------------------------------
[Pr Epoch : 11/20]
Pr_Src_cls_loss	: 0.0928
-------------------------------------
[Pr Epoch : 12/20]
Pr_Src_cls_loss	: 0.0882
-------------------------------------
[Pr Epoch : 13/20]
Pr_Src_cls_loss	: 0.0843
-------------------------------------
[Pr Epoch : 14/20]
Pr_Src_cls_loss	: 0.0806
-------------------------------------
[Pr Epoch : 15/20]
Pr_Src_cls_loss	: 0.0773
-------------------------------------
[Pr Epoch : 16/20]
Pr_Src_cls_loss	: 0.0745
-------------------------------------
[Pr Epoch : 17/20]
Pr_Src_cls_loss	: 0.0717
-------------------------------------
[Pr Epoch : 18/20]
Pr_Src_cls_loss	: 0.0693
-------------------------------------
[Pr Epoch : 19/20]
Pr_Src_cls_loss	: 0.0670
-------------------------------------
[Pr Epoch : 20/20]
Pr_Src_cls_loss	: 0.0650
-------------------------------------
[Epoch : 1/30]
Pr_Src_cls_loss	: 0.0650
Src_cls_loss	: 0.3296
Trg_adv_loss	: 1.4334
Total_loss	: 1.7630
-------------------------------------
[Epoch : 2/30]
Pr_Src_cls_loss	: 0.0650
Src_cls_loss	: 0.3442
Trg_adv_loss	: 1.1459
Total_loss	: 1.4900
-------------------------------------
[Epoch : 3/30]
Pr_Src_cls_loss	: 0.0650
Src_cls_loss	: 0.3452
Trg_adv_loss	: 1.0503
Total_loss	: 1.3955
-------------------------------------
[Epoch : 4/30]
Pr_Src_cls_loss	: 0.0650
Src_cls_loss	: 0.3439
Trg_adv_loss	: 1.0046
Total_loss	: 1.3485
-------------------------------------
[Epoch : 5/30]
Pr_Src_cls_loss	: 0.0650
Src_cls_loss	: 0.3421
Trg_adv_loss	: 0.9811
Total_loss	: 1.3233
-------------------------------------
[Epoch : 6/30]
Pr_Src_cls_loss	: 0.0650
Src_cls_loss	: 0.3382
Trg_adv_loss	: 0.9762
Total_loss	: 1.3145
-------------------------------------
[Epoch : 7/30]
Pr_Src_cls_loss	: 0.0650
Src_cls_loss	: 0.3352
Trg_adv_loss	: 0.9793
Total_loss	: 1.3144
-------------------------------------
[Epoch : 8/30]
Pr_Src_cls_loss	: 0.0650
Src_cls_loss	: 0.3360
Trg_adv_loss	: 0.9813
Total_loss	: 1.3173
-------------------------------------
[Epoch : 9/30]
Pr_Src_cls_loss	: 0.0650
Src_cls_loss	: 0.3379
Trg_adv_loss	: 0.9842
Total_loss	: 1.3221
-------------------------------------
[Epoch : 10/30]
Pr_Src_cls_loss	: 0.0650
Src_cls_loss	: 0.3389
Trg_adv_loss	: 0.9885
Total_loss	: 1.3274
-------------------------------------
[Epoch : 11/30]
Pr_Src_cls_loss	: 0.0650
Src_cls_loss	: 0.3404
Trg_adv_loss	: 0.9904
Total_loss	: 1.3308
-------------------------------------
[Epoch : 12/30]
Pr_Src_cls_loss	: 0.0650
Src_cls_loss	: 0.3417
Trg_adv_loss	: 0.9921
Total_loss	: 1.3338
-------------------------------------
[Epoch : 13/30]
Pr_Src_cls_loss	: 0.0650
Src_cls_loss	: 0.3427
Trg_adv_loss	: 0.9933
Total_loss	: 1.3360
-------------------------------------
[Epoch : 14/30]
Pr_Src_cls_loss	: 0.0650
Src_cls_loss	: 0.3432
Trg_adv_loss	: 0.9945
Total_loss	: 1.3377
-------------------------------------
[Epoch : 15/30]
Pr_Src_cls_loss	: 0.0650
Src_cls_loss	: 0.3435
Trg_adv_loss	: 0.9954
Total_loss	: 1.3389
-------------------------------------
[Epoch : 16/30]
Pr_Src_cls_loss	: 0.0650
Src_cls_loss	: 0.3438
Trg_adv_loss	: 0.9962
Total_loss	: 1.3400
-------------------------------------
[Epoch : 17/30]
Pr_Src_cls_loss	: 0.0650
Src_cls_loss	: 0.3439
Trg_adv_loss	: 0.9969
Total_loss	: 1.3408
-------------------------------------
[Epoch : 18/30]
Pr_Src_cls_loss	: 0.0650
Src_cls_loss	: 0.3441
Trg_adv_loss	: 0.9977
Total_loss	: 1.3418
-------------------------------------
[Epoch : 19/30]
Pr_Src_cls_loss	: 0.0650
Src_cls_loss	: 0.3443
Trg_adv_loss	: 0.9983
Total_loss	: 1.3426
-------------------------------------
[Epoch : 20/30]
Pr_Src_cls_loss	: 0.0650
Src_cls_loss	: 0.3443
Trg_adv_loss	: 0.9990
Total_loss	: 1.3433
-------------------------------------
[Epoch : 21/30]
Pr_Src_cls_loss	: 0.0650
Src_cls_loss	: 0.3444
Trg_adv_loss	: 0.9994
Total_loss	: 1.3438
-------------------------------------
[Epoch : 22/30]
Pr_Src_cls_loss	: 0.0650
Src_cls_loss	: 0.3444
Trg_adv_loss	: 0.9999
Total_loss	: 1.3443
-------------------------------------
[Epoch : 23/30]
Pr_Src_cls_loss	: 0.0650
Src_cls_loss	: 0.3443
Trg_adv_loss	: 1.0003
Total_loss	: 1.3446
-------------------------------------
[Epoch : 24/30]
Pr_Src_cls_loss	: 0.0650
Src_cls_loss	: 0.3441
Trg_adv_loss	: 1.0007
Total_loss	: 1.3448
-------------------------------------
[Epoch : 25/30]
Pr_Src_cls_loss	: 0.0650
Src_cls_loss	: 0.3440
Trg_adv_loss	: 1.0011
Total_loss	: 1.3450
-------------------------------------
[Epoch : 26/30]
Pr_Src_cls_loss	: 0.0650
Src_cls_loss	: 0.3439
Trg_adv_loss	: 1.0014
Total_loss	: 1.3453
-------------------------------------
[Epoch : 27/30]
Pr_Src_cls_loss	: 0.0650
Src_cls_loss	: 0.3438
Trg_adv_loss	: 1.0017
Total_loss	: 1.3455
-------------------------------------
[Epoch : 28/30]
Pr_Src_cls_loss	: 0.0650
Src_cls_loss	: 0.3438
Trg_adv_loss	: 1.0020
Total_loss	: 1.3458
-------------------------------------
[Epoch : 29/30]
Pr_Src_cls_loss	: 0.0650
Src_cls_loss	: 0.3437
Trg_adv_loss	: 1.0024
Total_loss	: 1.3461
-------------------------------------
[Epoch : 30/30]
Pr_Src_cls_loss	: 0.0650
Src_cls_loss	: 0.3436
Trg_adv_loss	: 1.0028
Total_loss	: 1.3464
-------------------------------------
H_score: 0.0000, OS* (acc_c): 0.1963, UNK (acc_p): 0.0000, acc_mix: 0.1963
Uploading logs from: /mnt/data/home/tp2474/OpenSet-AdaTime/experiments_logs/RealWorld to mhealth_closed_set/OSBP_closed_set/RealWorld_to_mhealth_run_3
🏃 View run OSBP_run_3 at: http://127.0.0.1:5001/#/experiments/773515370876137118/runs/4305175f692c4386bb1270d26f9e658a
🧪 View experiment at: http://127.0.0.1:5001/#/experiments/773515370876137118
=============================================
Dataset: RealWorld to mhealth_closed_set
Method:  OSBP
=============================================
Source: RealWorld ---> Target: mhealth
Run ID: 4
=============================================
[Pr Epoch : 1/20]
Pr_Src_cls_loss	: 0.3506
-------------------------------------
[Pr Epoch : 2/20]
Pr_Src_cls_loss	: 0.2356
-------------------------------------
[Pr Epoch : 3/20]
Pr_Src_cls_loss	: 0.1890
-------------------------------------
[Pr Epoch : 4/20]
Pr_Src_cls_loss	: 0.1619
-------------------------------------
[Pr Epoch : 5/20]
Pr_Src_cls_loss	: 0.1432
-------------------------------------
[Pr Epoch : 6/20]
Pr_Src_cls_loss	: 0.1301
-------------------------------------
[Pr Epoch : 7/20]
Pr_Src_cls_loss	: 0.1198
-------------------------------------
[Pr Epoch : 8/20]
Pr_Src_cls_loss	: 0.1115
-------------------------------------
[Pr Epoch : 9/20]
Pr_Src_cls_loss	: 0.1046
-------------------------------------
[Pr Epoch : 10/20]
Pr_Src_cls_loss	: 0.0985
-------------------------------------
[Pr Epoch : 11/20]
Pr_Src_cls_loss	: 0.0933
-------------------------------------
[Pr Epoch : 12/20]
Pr_Src_cls_loss	: 0.0889
-------------------------------------
[Pr Epoch : 13/20]
Pr_Src_cls_loss	: 0.0850
-------------------------------------
[Pr Epoch : 14/20]
Pr_Src_cls_loss	: 0.0815
-------------------------------------
[Pr Epoch : 15/20]
Pr_Src_cls_loss	: 0.0784
-------------------------------------
[Pr Epoch : 16/20]
Pr_Src_cls_loss	: 0.0755
-------------------------------------
[Pr Epoch : 17/20]
Pr_Src_cls_loss	: 0.0731
-------------------------------------
[Pr Epoch : 18/20]
Pr_Src_cls_loss	: 0.0708
-------------------------------------
[Pr Epoch : 19/20]
Pr_Src_cls_loss	: 0.0687
-------------------------------------
[Pr Epoch : 20/20]
Pr_Src_cls_loss	: 0.0666
-------------------------------------
[Epoch : 1/30]
Pr_Src_cls_loss	: 0.0666
Src_cls_loss	: 0.3281
Trg_adv_loss	: 1.4408
Total_loss	: 1.7689
-------------------------------------
[Epoch : 2/30]
Pr_Src_cls_loss	: 0.0666
Src_cls_loss	: 0.3388
Trg_adv_loss	: 1.1496
Total_loss	: 1.4884
-------------------------------------
[Epoch : 3/30]
Pr_Src_cls_loss	: 0.0666
Src_cls_loss	: 0.3388
Trg_adv_loss	: 1.0564
Total_loss	: 1.3952
-------------------------------------
[Epoch : 4/30]
Pr_Src_cls_loss	: 0.0666
Src_cls_loss	: 0.3376
Trg_adv_loss	: 1.0199
Total_loss	: 1.3575
-------------------------------------
[Epoch : 5/30]
Pr_Src_cls_loss	: 0.0666
Src_cls_loss	: 0.3347
Trg_adv_loss	: 1.0071
Total_loss	: 1.3417
-------------------------------------
[Epoch : 6/30]
Pr_Src_cls_loss	: 0.0666
Src_cls_loss	: 0.3334
Trg_adv_loss	: 0.9992
Total_loss	: 1.3325
-------------------------------------
[Epoch : 7/30]
Pr_Src_cls_loss	: 0.0666
Src_cls_loss	: 0.3344
Trg_adv_loss	: 0.9932
Total_loss	: 1.3276
-------------------------------------
[Epoch : 8/30]
Pr_Src_cls_loss	: 0.0666
Src_cls_loss	: 0.3370
Trg_adv_loss	: 0.9898
Total_loss	: 1.3269
-------------------------------------
[Epoch : 9/30]
Pr_Src_cls_loss	: 0.0666
Src_cls_loss	: 0.3385
Trg_adv_loss	: 0.9930
Total_loss	: 1.3315
-------------------------------------
[Epoch : 10/30]
Pr_Src_cls_loss	: 0.0666
Src_cls_loss	: 0.3393
Trg_adv_loss	: 0.9951
Total_loss	: 1.3344
-------------------------------------
[Epoch : 11/30]
Pr_Src_cls_loss	: 0.0666
Src_cls_loss	: 0.3410
Trg_adv_loss	: 0.9956
Total_loss	: 1.3366
-------------------------------------
[Epoch : 12/30]
Pr_Src_cls_loss	: 0.0666
Src_cls_loss	: 0.3418
Trg_adv_loss	: 0.9965
Total_loss	: 1.3383
-------------------------------------
[Epoch : 13/30]
Pr_Src_cls_loss	: 0.0666
Src_cls_loss	: 0.3424
Trg_adv_loss	: 0.9973
Total_loss	: 1.3397
-------------------------------------
[Epoch : 14/30]
Pr_Src_cls_loss	: 0.0666
Src_cls_loss	: 0.3431
Trg_adv_loss	: 0.9979
Total_loss	: 1.3409
-------------------------------------
[Epoch : 15/30]
Pr_Src_cls_loss	: 0.0666
Src_cls_loss	: 0.3432
Trg_adv_loss	: 0.9983
Total_loss	: 1.3415
-------------------------------------
[Epoch : 16/30]
Pr_Src_cls_loss	: 0.0666
Src_cls_loss	: 0.3435
Trg_adv_loss	: 0.9987
Total_loss	: 1.3422
-------------------------------------
[Epoch : 17/30]
Pr_Src_cls_loss	: 0.0666
Src_cls_loss	: 0.3435
Trg_adv_loss	: 0.9990
Total_loss	: 1.3425
-------------------------------------
[Epoch : 18/30]
Pr_Src_cls_loss	: 0.0666
Src_cls_loss	: 0.3437
Trg_adv_loss	: 0.9993
Total_loss	: 1.3429
-------------------------------------
[Epoch : 19/30]
Pr_Src_cls_loss	: 0.0666
Src_cls_loss	: 0.3436
Trg_adv_loss	: 0.9997
Total_loss	: 1.3433
-------------------------------------
[Epoch : 20/30]
Pr_Src_cls_loss	: 0.0666
Src_cls_loss	: 0.3435
Trg_adv_loss	: 1.0002
Total_loss	: 1.3437
-------------------------------------
[Epoch : 21/30]
Pr_Src_cls_loss	: 0.0666
Src_cls_loss	: 0.3435
Trg_adv_loss	: 1.0004
Total_loss	: 1.3439
-------------------------------------
[Epoch : 22/30]
Pr_Src_cls_loss	: 0.0666
Src_cls_loss	: 0.3435
Trg_adv_loss	: 1.0007
Total_loss	: 1.3442
-------------------------------------
[Epoch : 23/30]
Pr_Src_cls_loss	: 0.0666
Src_cls_loss	: 0.3436
Trg_adv_loss	: 1.0009
Total_loss	: 1.3445
-------------------------------------
[Epoch : 24/30]
Pr_Src_cls_loss	: 0.0666
Src_cls_loss	: 0.3433
Trg_adv_loss	: 1.0012
Total_loss	: 1.3445
-------------------------------------
[Epoch : 25/30]
Pr_Src_cls_loss	: 0.0666
Src_cls_loss	: 0.3433
Trg_adv_loss	: 1.0014
Total_loss	: 1.3447
-------------------------------------
[Epoch : 26/30]
Pr_Src_cls_loss	: 0.0666
Src_cls_loss	: 0.3431
Trg_adv_loss	: 1.0017
Total_loss	: 1.3448
-------------------------------------
[Epoch : 27/30]
Pr_Src_cls_loss	: 0.0666
Src_cls_loss	: 0.3432
Trg_adv_loss	: 1.0019
Total_loss	: 1.3450
-------------------------------------
[Epoch : 28/30]
Pr_Src_cls_loss	: 0.0666
Src_cls_loss	: 0.3429
Trg_adv_loss	: 1.0022
Total_loss	: 1.3451
-------------------------------------
[Epoch : 29/30]
Pr_Src_cls_loss	: 0.0666
Src_cls_loss	: 0.3428
Trg_adv_loss	: 1.0024
Total_loss	: 1.3452
-------------------------------------
[Epoch : 30/30]
Pr_Src_cls_loss	: 0.0666
Src_cls_loss	: 0.3428
Trg_adv_loss	: 1.0026
Total_loss	: 1.3453
-------------------------------------
H_score: 0.0000, OS* (acc_c): 0.2228, UNK (acc_p): 0.0000, acc_mix: 0.2228
Uploading logs from: /mnt/data/home/tp2474/OpenSet-AdaTime/experiments_logs/RealWorld to mhealth_closed_set/OSBP_closed_set/RealWorld_to_mhealth_run_4
🏃 View run OSBP_run_4 at: http://127.0.0.1:5001/#/experiments/773515370876137118/runs/47790ebdf0c8497dbe260263817b33d2
🧪 View experiment at: http://127.0.0.1:5001/#/experiments/773515370876137118
[scenario] TSFA -> OSDA (uniDA=True)
Unlabeled data shape:  (1620, 150, 18)
Unlabelled Combined shape: (2786, 150, 18)

--- Dataloader Size Check ---
Source Train batches:   592
Target Train batches:   50
-------------------------------

Private classes:  tensor([])
=============================================
Dataset: RealWorld to mhealth_closed_set
Method:  TSFA
=============================================
Source: RealWorld ---> Target: mhealth
Run ID: 0
=============================================
[Pr Epoch : 1/20]
Pr_Src_cls_loss	: 0.2042
-------------------------------------
[Pr Epoch : 2/20]
Pr_Src_cls_loss	: 0.1438
-------------------------------------
[Pr Epoch : 3/20]
Pr_Src_cls_loss	: 0.1176
-------------------------------------
[Pr Epoch : 4/20]
Pr_Src_cls_loss	: 0.1023
-------------------------------------
[Pr Epoch : 5/20]
Pr_Src_cls_loss	: 0.0926
-------------------------------------
[Pr Epoch : 6/20]
Pr_Src_cls_loss	: 0.0845
-------------------------------------
[Pr Epoch : 7/20]
Pr_Src_cls_loss	: 0.0790
-------------------------------------
[Pr Epoch : 8/20]
Pr_Src_cls_loss	: 0.0746
-------------------------------------
[Pr Epoch : 9/20]
Pr_Src_cls_loss	: 0.0718
-------------------------------------
[Pr Epoch : 10/20]
Pr_Src_cls_loss	: 0.0682
-------------------------------------
[Pr Epoch : 11/20]
Pr_Src_cls_loss	: 0.0655
-------------------------------------
[Pr Epoch : 12/20]
Pr_Src_cls_loss	: 0.0628
-------------------------------------
[Pr Epoch : 13/20]
Pr_Src_cls_loss	: 0.0602
-------------------------------------
[Pr Epoch : 14/20]
Pr_Src_cls_loss	: 0.0581
-------------------------------------
[Pr Epoch : 15/20]
Pr_Src_cls_loss	: 0.0561
-------------------------------------
[Pr Epoch : 16/20]
Pr_Src_cls_loss	: 0.0545
-------------------------------------
[Pr Epoch : 17/20]
Pr_Src_cls_loss	: 0.0529
-------------------------------------
[Pr Epoch : 18/20]
Pr_Src_cls_loss	: 0.0514
-------------------------------------
[Pr Epoch : 19/20]
Pr_Src_cls_loss	: 0.0500
-------------------------------------
[Pr Epoch : 20/20]
Pr_Src_cls_loss	: 0.0487
-------------------------------------
[Epoch : 1/30]
Pr_Src_cls_loss	: 0.0487
Src_cls_loss	: 0.0589
SDE_loss	: 0.0053
OSAM_loss	: 0.7860
Total_loss	: 0.3108
-------------------------------------
[Epoch : 2/30]
Pr_Src_cls_loss	: 0.0487
Src_cls_loss	: 0.0493
SDE_loss	: 0.0031
OSAM_loss	: 0.5701
Total_loss	: 0.2297
-------------------------------------
[Epoch : 3/30]
Pr_Src_cls_loss	: 0.0487
Src_cls_loss	: 0.0453
SDE_loss	: 0.0024
OSAM_loss	: 0.4722
Total_loss	: 0.1941
-------------------------------------
[Epoch : 4/30]
Pr_Src_cls_loss	: 0.0487
Src_cls_loss	: 0.0421
SDE_loss	: 0.0020
OSAM_loss	: 0.4130
Total_loss	: 0.1719
-------------------------------------
[Epoch : 5/30]
Pr_Src_cls_loss	: 0.0487
Src_cls_loss	: 0.0399
SDE_loss	: 0.0017
OSAM_loss	: 0.3719
Total_loss	: 0.1566
-------------------------------------
[Epoch : 6/30]
Pr_Src_cls_loss	: 0.0487
Src_cls_loss	: 0.0383
SDE_loss	: 0.0015
OSAM_loss	: 0.3410
Total_loss	: 0.1451
-------------------------------------
[Epoch : 7/30]
Pr_Src_cls_loss	: 0.0487
Src_cls_loss	: 0.0372
SDE_loss	: 0.0014
OSAM_loss	: 0.3166
Total_loss	: 0.1363
-------------------------------------
[Epoch : 8/30]
Pr_Src_cls_loss	: 0.0487
Src_cls_loss	: 0.0361
SDE_loss	: 0.0012
OSAM_loss	: 0.2963
Total_loss	: 0.1288
-------------------------------------
[Epoch : 9/30]
Pr_Src_cls_loss	: 0.0487
Src_cls_loss	: 0.0352
SDE_loss	: 0.0012
OSAM_loss	: 0.2798
Total_loss	: 0.1226
-------------------------------------
[Epoch : 10/30]
Pr_Src_cls_loss	: 0.0487
Src_cls_loss	: 0.0343
SDE_loss	: 0.0011
OSAM_loss	: 0.2651
Total_loss	: 0.1170
-------------------------------------
[Epoch : 11/30]
Pr_Src_cls_loss	: 0.0487
Src_cls_loss	: 0.0337
SDE_loss	: 0.0010
OSAM_loss	: 0.2526
Total_loss	: 0.1126
-------------------------------------
[Epoch : 12/30]
Pr_Src_cls_loss	: 0.0487
Src_cls_loss	: 0.0329
SDE_loss	: 0.0010
OSAM_loss	: 0.2417
Total_loss	: 0.1083
-------------------------------------
[Epoch : 13/30]
Pr_Src_cls_loss	: 0.0487
Src_cls_loss	: 0.0322
SDE_loss	: 0.0009
OSAM_loss	: 0.2317
Total_loss	: 0.1045
-------------------------------------
[Epoch : 14/30]
Pr_Src_cls_loss	: 0.0487
Src_cls_loss	: 0.0317
SDE_loss	: 0.0009
OSAM_loss	: 0.2227
Total_loss	: 0.1011
-------------------------------------
[Epoch : 15/30]
Pr_Src_cls_loss	: 0.0487
Src_cls_loss	: 0.0310
SDE_loss	: 0.0008
OSAM_loss	: 0.2147
Total_loss	: 0.0979
-------------------------------------
[Epoch : 16/30]
Pr_Src_cls_loss	: 0.0487
Src_cls_loss	: 0.0303
SDE_loss	: 0.0008
OSAM_loss	: 0.2072
Total_loss	: 0.0948
-------------------------------------
[Epoch : 17/30]
Pr_Src_cls_loss	: 0.0487
Src_cls_loss	: 0.0297
SDE_loss	: 0.0008
OSAM_loss	: 0.2004
Total_loss	: 0.0921
-------------------------------------
[Epoch : 18/30]
Pr_Src_cls_loss	: 0.0487
Src_cls_loss	: 0.0294
SDE_loss	: 0.0007
OSAM_loss	: 0.1941
Total_loss	: 0.0898
-------------------------------------
[Epoch : 19/30]
Pr_Src_cls_loss	: 0.0487
Src_cls_loss	: 0.0289
SDE_loss	: 0.0007
OSAM_loss	: 0.1885
Total_loss	: 0.0876
-------------------------------------
[Epoch : 20/30]
Pr_Src_cls_loss	: 0.0487
Src_cls_loss	: 0.0284
SDE_loss	: 0.0007
OSAM_loss	: 0.1833
Total_loss	: 0.0855
-------------------------------------
[Epoch : 21/30]
Pr_Src_cls_loss	: 0.0487
Src_cls_loss	: 0.0281
SDE_loss	: 0.0007
OSAM_loss	: 0.1786
Total_loss	: 0.0838
-------------------------------------
[Epoch : 22/30]
Pr_Src_cls_loss	: 0.0487
Src_cls_loss	: 0.0277
SDE_loss	: 0.0007
OSAM_loss	: 0.1740
Total_loss	: 0.0819
-------------------------------------
[Epoch : 23/30]
Pr_Src_cls_loss	: 0.0487
Src_cls_loss	: 0.0274
SDE_loss	: 0.0007
OSAM_loss	: 0.1700
Total_loss	: 0.0804
-------------------------------------
[Epoch : 24/30]
Pr_Src_cls_loss	: 0.0487
Src_cls_loss	: 0.0271
SDE_loss	: 0.0006
OSAM_loss	: 0.1662
Total_loss	: 0.0788
-------------------------------------
[Epoch : 25/30]
Pr_Src_cls_loss	: 0.0487
Src_cls_loss	: nan
SDE_loss	: nan
OSAM_loss	: 0.1616
Total_loss	: nan
-------------------------------------
[Epoch : 26/30]
Pr_Src_cls_loss	: 0.0487
Src_cls_loss	: nan
SDE_loss	: nan
OSAM_loss	: 0.1554
Total_loss	: nan
-------------------------------------
[Epoch : 27/30]
Pr_Src_cls_loss	: 0.0487
Src_cls_loss	: nan
SDE_loss	: nan
OSAM_loss	: 0.1496
Total_loss	: nan
-------------------------------------
[Epoch : 28/30]
Pr_Src_cls_loss	: 0.0487
Src_cls_loss	: nan
SDE_loss	: nan
OSAM_loss	: 0.1443
Total_loss	: nan
-------------------------------------
[Epoch : 29/30]
Pr_Src_cls_loss	: 0.0487
Src_cls_loss	: nan
SDE_loss	: nan
OSAM_loss	: 0.1393
Total_loss	: nan
-------------------------------------
[Epoch : 30/30]
Pr_Src_cls_loss	: 0.0487
Src_cls_loss	: nan
SDE_loss	: nan
OSAM_loss	: 0.1347
Total_loss	: nan
-------------------------------------
/home/tp2474/miniconda3/envs/myenv/lib/python3.9/site-packages/ot/lp/_network_simplex.py:332: UserWarning: Problem infeasible. Check that a and b are in the simplex
  result_code_string = check_result(result_code)
🏃 View run TSFA_run_0 at: http://127.0.0.1:5001/#/experiments/773515370876137118/runs/a81ad260559b49e2ac2291c1d4a2664f
🧪 View experiment at: http://127.0.0.1:5001/#/experiments/773515370876137118
Traceback (most recent call last):
  File "/mnt/data/home/tp2474/OpenSet-AdaTime/main.py", line 98, in <module>
    trainer.fit()
  File "/mnt/data/home/tp2474/OpenSet-AdaTime/trainers/train.py", line 69, in fit
    metrics = self.calculate_metrics()
  File "/mnt/data/home/tp2474/OpenSet-AdaTime/trainers/abstract_trainer.py", line 218, in calculate_metrics
    self.evaluate(self.trg_test_dl)
  File "/mnt/data/home/tp2474/OpenSet-AdaTime/trainers/abstract_trainer.py", line 123, in evaluate
    self.loss, self.full_preds, self.full_labels = self.algorithm.evaluate(
  File "/mnt/data/home/tp2474/OpenSet-AdaTime/algorithms/algorithms.py", line 2770, in evaluate
    full_preds = self._osam_reject(full_preds)
  File "/mnt/data/home/tp2474/OpenSet-AdaTime/algorithms/algorithms.py", line 2810, in _osam_reject
    gamma = ot.partial.partial_wasserstein(a, b, C.cpu().numpy(), m=m)
  File "/home/tp2474/miniconda3/envs/myenv/lib/python3.9/site-packages/ot/partial/partial_solvers.py", line 318, in partial_wasserstein
    raise ValueError(
ValueError: Error in the EMD resolution: try to increase the number of dummy points
[scenario] OSBP -> OSDA (uniDA=True)
Unlabeled data shape:  (4752, 150, 18)
Unlabelled Combined shape: (8054, 150, 18)

--- Dataloader Size Check ---
Source Train batches:   296
Target Train batches:   74
-------------------------------

Private classes:  tensor([])
=============================================
Dataset: RealWorld to Pamap2_closed_set
Method:  OSBP
=============================================
Source: RealWorld ---> Target: Pamap2
Run ID: 0
=============================================
[Pr Epoch : 1/20]
Pr_Src_cls_loss	: 0.3639
-------------------------------------
[Pr Epoch : 2/20]
Pr_Src_cls_loss	: 0.2436
-------------------------------------
[Pr Epoch : 3/20]
Pr_Src_cls_loss	: 0.1936
-------------------------------------
[Pr Epoch : 4/20]
Pr_Src_cls_loss	: 0.1661
-------------------------------------
[Pr Epoch : 5/20]
Pr_Src_cls_loss	: 0.1470
-------------------------------------
[Pr Epoch : 6/20]
Pr_Src_cls_loss	: 0.1329
-------------------------------------
[Pr Epoch : 7/20]
Pr_Src_cls_loss	: 0.1223
-------------------------------------
[Pr Epoch : 8/20]
Pr_Src_cls_loss	: 0.1138
-------------------------------------
[Pr Epoch : 9/20]
Pr_Src_cls_loss	: 0.1065
-------------------------------------
[Pr Epoch : 10/20]
Pr_Src_cls_loss	: 0.1006
-------------------------------------
[Pr Epoch : 11/20]
Pr_Src_cls_loss	: 0.0955
-------------------------------------
[Pr Epoch : 12/20]
Pr_Src_cls_loss	: 0.0911
-------------------------------------
[Pr Epoch : 13/20]
Pr_Src_cls_loss	: 0.0870
-------------------------------------
[Pr Epoch : 14/20]
Pr_Src_cls_loss	: 0.0835
-------------------------------------
[Pr Epoch : 15/20]
Pr_Src_cls_loss	: 0.0803
-------------------------------------
[Pr Epoch : 16/20]
Pr_Src_cls_loss	: 0.0772
-------------------------------------
[Pr Epoch : 17/20]
Pr_Src_cls_loss	: 0.0744
-------------------------------------
[Pr Epoch : 18/20]
Pr_Src_cls_loss	: 0.0720
-------------------------------------
[Pr Epoch : 19/20]
Pr_Src_cls_loss	: 0.0698
-------------------------------------
[Pr Epoch : 20/20]
Pr_Src_cls_loss	: 0.0678
-------------------------------------
[Epoch : 1/30]
Pr_Src_cls_loss	: 0.0678
Src_cls_loss	: 0.3340
Trg_adv_loss	: 1.4313
Total_loss	: 1.7654
-------------------------------------
[Epoch : 2/30]
Pr_Src_cls_loss	: 0.0678
Src_cls_loss	: 0.3467
Trg_adv_loss	: 1.1470
Total_loss	: 1.4937
-------------------------------------
[Epoch : 3/30]
Pr_Src_cls_loss	: 0.0678
Src_cls_loss	: 0.3461
Trg_adv_loss	: 1.0673
Total_loss	: 1.4134
-------------------------------------
[Epoch : 4/30]
Pr_Src_cls_loss	: 0.0678
Src_cls_loss	: 0.3457
Trg_adv_loss	: 1.0768
Total_loss	: 1.4225
-------------------------------------
[Epoch : 5/30]
Pr_Src_cls_loss	: 0.0678
Src_cls_loss	: 0.3476
Trg_adv_loss	: 1.0637
Total_loss	: 1.4113
-------------------------------------
[Epoch : 6/30]
Pr_Src_cls_loss	: 0.0678
Src_cls_loss	: 0.3508
Trg_adv_loss	: 1.0529
Total_loss	: 1.4036
-------------------------------------
[Epoch : 7/30]
Pr_Src_cls_loss	: 0.0678
Src_cls_loss	: 0.3542
Trg_adv_loss	: 1.0434
Total_loss	: 1.3976
-------------------------------------
[Epoch : 8/30]
Pr_Src_cls_loss	: 0.0678
Src_cls_loss	: 0.3570
Trg_adv_loss	: 1.0355
Total_loss	: 1.3924
-------------------------------------
[Epoch : 9/30]
Pr_Src_cls_loss	: 0.0678
Src_cls_loss	: 0.3586
Trg_adv_loss	: 1.0292
Total_loss	: 1.3878
-------------------------------------
[Epoch : 10/30]
Pr_Src_cls_loss	: 0.0678
Src_cls_loss	: 0.3599
Trg_adv_loss	: 1.0244
Total_loss	: 1.3843
-------------------------------------
[Epoch : 11/30]
Pr_Src_cls_loss	: 0.0678
Src_cls_loss	: 0.3604
Trg_adv_loss	: 1.0209
Total_loss	: 1.3814
-------------------------------------
[Epoch : 12/30]
Pr_Src_cls_loss	: 0.0678
Src_cls_loss	: 0.3605
Trg_adv_loss	: 1.0184
Total_loss	: 1.3788
-------------------------------------
[Epoch : 13/30]
Pr_Src_cls_loss	: 0.0678
Src_cls_loss	: 0.3605
Trg_adv_loss	: 1.0163
Total_loss	: 1.3767
-------------------------------------
[Epoch : 14/30]
Pr_Src_cls_loss	: 0.0678
Src_cls_loss	: 0.3604
Trg_adv_loss	: 1.0146
Total_loss	: 1.3750
-------------------------------------
[Epoch : 15/30]
Pr_Src_cls_loss	: 0.0678
Src_cls_loss	: 0.3599
Trg_adv_loss	: 1.0132
Total_loss	: 1.3731
-------------------------------------
[Epoch : 16/30]
Pr_Src_cls_loss	: 0.0678
Src_cls_loss	: 0.3599
Trg_adv_loss	: 1.0120
Total_loss	: 1.3719
-------------------------------------
[Epoch : 17/30]
Pr_Src_cls_loss	: 0.0678
Src_cls_loss	: 0.3594
Trg_adv_loss	: 1.0112
Total_loss	: 1.3706
-------------------------------------
[Epoch : 18/30]
Pr_Src_cls_loss	: 0.0678
Src_cls_loss	: 0.3589
Trg_adv_loss	: 1.0104
Total_loss	: 1.3693
-------------------------------------
[Epoch : 19/30]
Pr_Src_cls_loss	: 0.0678
Src_cls_loss	: 0.3584
Trg_adv_loss	: 1.0098
Total_loss	: 1.3682
-------------------------------------
[Epoch : 20/30]
Pr_Src_cls_loss	: 0.0678
Src_cls_loss	: 0.3579
Trg_adv_loss	: 1.0093
Total_loss	: 1.3673
-------------------------------------
[Epoch : 21/30]
Pr_Src_cls_loss	: 0.0678
Src_cls_loss	: 0.3575
Trg_adv_loss	: 1.0088
Total_loss	: 1.3663
-------------------------------------
[Epoch : 22/30]
Pr_Src_cls_loss	: 0.0678
Src_cls_loss	: 0.3571
Trg_adv_loss	: 1.0084
Total_loss	: 1.3655
-------------------------------------
[Epoch : 23/30]
Pr_Src_cls_loss	: 0.0678
Src_cls_loss	: 0.3567
Trg_adv_loss	: 1.0081
Total_loss	: 1.3648
-------------------------------------
[Epoch : 24/30]
Pr_Src_cls_loss	: 0.0678
Src_cls_loss	: 0.3563
Trg_adv_loss	: 1.0078
Total_loss	: 1.3641
-------------------------------------
[Epoch : 25/30]
Pr_Src_cls_loss	: 0.0678
Src_cls_loss	: 0.3558
Trg_adv_loss	: 1.0076
Total_loss	: 1.3635
-------------------------------------
[Epoch : 26/30]
Pr_Src_cls_loss	: 0.0678
Src_cls_loss	: 0.3555
Trg_adv_loss	: 1.0073
Total_loss	: 1.3629
-------------------------------------
[Epoch : 27/30]
Pr_Src_cls_loss	: 0.0678
Src_cls_loss	: 0.3552
Trg_adv_loss	: 1.0072
Total_loss	: 1.3624
-------------------------------------
[Epoch : 28/30]
Pr_Src_cls_loss	: 0.0678
Src_cls_loss	: 0.3548
Trg_adv_loss	: 1.0070
Total_loss	: 1.3617
-------------------------------------
[Epoch : 29/30]
Pr_Src_cls_loss	: 0.0678
Src_cls_loss	: 0.3544
Trg_adv_loss	: 1.0069
Total_loss	: 1.3612
-------------------------------------
[Epoch : 30/30]
Pr_Src_cls_loss	: 0.0678
Src_cls_loss	: 0.3540
Trg_adv_loss	: 1.0067
Total_loss	: 1.3607
-------------------------------------
/mnt/data/home/tp2474/OpenSet-AdaTime/trainers/abstract_trainer.py:285: FutureWarning: The behavior of DataFrame concatenation with empty or all-NA entries is deprecated. In a future version, this will no longer exclude empty or all-NA columns when determining the result dtypes. To retain the old behavior, exclude the relevant entries before the concat operation.
  table = pd.concat([table, results_df], ignore_index=True)
H_score: 0.0000, OS* (acc_c): 0.3380, UNK (acc_p): 0.0000, acc_mix: 0.3380
Uploading logs from: /mnt/data/home/tp2474/OpenSet-AdaTime/experiments_logs/RealWorld to Pamap2_closed_set/OSBP_closed_set/RealWorld_to_Pamap2_run_0
🏃 View run OSBP_run_0 at: http://127.0.0.1:5001/#/experiments/869196474879197795/runs/25a0705f45d242e787f2b4faa173d5df
🧪 View experiment at: http://127.0.0.1:5001/#/experiments/869196474879197795
=============================================
Dataset: RealWorld to Pamap2_closed_set
Method:  OSBP
=============================================
Source: RealWorld ---> Target: Pamap2
Run ID: 1
=============================================
[Pr Epoch : 1/20]
Pr_Src_cls_loss	: 0.3833
-------------------------------------
[Pr Epoch : 2/20]
Pr_Src_cls_loss	: 0.2529
-------------------------------------
[Pr Epoch : 3/20]
Pr_Src_cls_loss	: 0.1991
-------------------------------------
[Pr Epoch : 4/20]
Pr_Src_cls_loss	: 0.1680
-------------------------------------
[Pr Epoch : 5/20]
Pr_Src_cls_loss	: 0.1474
-------------------------------------
[Pr Epoch : 6/20]
Pr_Src_cls_loss	: 0.1324
-------------------------------------
[Pr Epoch : 7/20]
Pr_Src_cls_loss	: 0.1213
-------------------------------------
[Pr Epoch : 8/20]
Pr_Src_cls_loss	: 0.1126
-------------------------------------
[Pr Epoch : 9/20]
Pr_Src_cls_loss	: 0.1051
-------------------------------------
[Pr Epoch : 10/20]
Pr_Src_cls_loss	: 0.0987
-------------------------------------
[Pr Epoch : 11/20]
Pr_Src_cls_loss	: 0.0935
-------------------------------------
[Pr Epoch : 12/20]
Pr_Src_cls_loss	: 0.0890
-------------------------------------
[Pr Epoch : 13/20]
Pr_Src_cls_loss	: 0.0849
-------------------------------------
[Pr Epoch : 14/20]
Pr_Src_cls_loss	: 0.0812
-------------------------------------
[Pr Epoch : 15/20]
Pr_Src_cls_loss	: 0.0779
-------------------------------------
[Pr Epoch : 16/20]
Pr_Src_cls_loss	: 0.0749
-------------------------------------
[Pr Epoch : 17/20]
Pr_Src_cls_loss	: 0.0723
-------------------------------------
[Pr Epoch : 18/20]
Pr_Src_cls_loss	: 0.0697
-------------------------------------
[Pr Epoch : 19/20]
Pr_Src_cls_loss	: 0.0674
-------------------------------------
[Pr Epoch : 20/20]
Pr_Src_cls_loss	: 0.0654
-------------------------------------
[Epoch : 1/30]
Pr_Src_cls_loss	: 0.0654
Src_cls_loss	: 0.3396
Trg_adv_loss	: 1.4265
Total_loss	: 1.7661
-------------------------------------
[Epoch : 2/30]
Pr_Src_cls_loss	: 0.0654
Src_cls_loss	: 0.3488
Trg_adv_loss	: 1.1425
Total_loss	: 1.4913
-------------------------------------
[Epoch : 3/30]
Pr_Src_cls_loss	: 0.0654
Src_cls_loss	: 0.3487
Trg_adv_loss	: 1.0566
Total_loss	: 1.4053
-------------------------------------
[Epoch : 4/30]
Pr_Src_cls_loss	: 0.0654
Src_cls_loss	: 0.3444
Trg_adv_loss	: 1.0256
Total_loss	: 1.3700
-------------------------------------
[Epoch : 5/30]
Pr_Src_cls_loss	: 0.0654
Src_cls_loss	: 0.3399
Trg_adv_loss	: 1.0126
Total_loss	: 1.3525
-------------------------------------
[Epoch : 6/30]
Pr_Src_cls_loss	: 0.0654
Src_cls_loss	: 0.3383
Trg_adv_loss	: 1.0040
Total_loss	: 1.3423
-------------------------------------
[Epoch : 7/30]
Pr_Src_cls_loss	: 0.0654
Src_cls_loss	: 0.3397
Trg_adv_loss	: 0.9981
Total_loss	: 1.3378
-------------------------------------
[Epoch : 8/30]
Pr_Src_cls_loss	: 0.0654
Src_cls_loss	: 0.3433
Trg_adv_loss	: 0.9942
Total_loss	: 1.3375
-------------------------------------
[Epoch : 9/30]
Pr_Src_cls_loss	: 0.0654
Src_cls_loss	: 0.3444
Trg_adv_loss	: 0.9985
Total_loss	: 1.3429
-------------------------------------
[Epoch : 10/30]
Pr_Src_cls_loss	: 0.0654
Src_cls_loss	: 0.3463
Trg_adv_loss	: 0.9987
Total_loss	: 1.3450
-------------------------------------
[Epoch : 11/30]
Pr_Src_cls_loss	: 0.0654
Src_cls_loss	: 0.3484
Trg_adv_loss	: 0.9979
Total_loss	: 1.3463
-------------------------------------
[Epoch : 12/30]
Pr_Src_cls_loss	: 0.0654
Src_cls_loss	: 0.3496
Trg_adv_loss	: 0.9975
Total_loss	: 1.3471
-------------------------------------
[Epoch : 13/30]
Pr_Src_cls_loss	: 0.0654
Src_cls_loss	: 0.3504
Trg_adv_loss	: 0.9974
Total_loss	: 1.3477
-------------------------------------
[Epoch : 14/30]
Pr_Src_cls_loss	: 0.0654
Src_cls_loss	: 0.3510
Trg_adv_loss	: 0.9972
Total_loss	: 1.3482
-------------------------------------
[Epoch : 15/30]
Pr_Src_cls_loss	: 0.0654
Src_cls_loss	: 0.3515
Trg_adv_loss	: 0.9970
Total_loss	: 1.3485
-------------------------------------
[Epoch : 16/30]
Pr_Src_cls_loss	: 0.0654
Src_cls_loss	: 0.3519
Trg_adv_loss	: 0.9971
Total_loss	: 1.3489
-------------------------------------
[Epoch : 17/30]
Pr_Src_cls_loss	: 0.0654
Src_cls_loss	: 0.3520
Trg_adv_loss	: 0.9972
Total_loss	: 1.3492
-------------------------------------
[Epoch : 18/30]
Pr_Src_cls_loss	: 0.0654
Src_cls_loss	: 0.3519
Trg_adv_loss	: 0.9974
Total_loss	: 1.3493
-------------------------------------
[Epoch : 19/30]
Pr_Src_cls_loss	: 0.0654
Src_cls_loss	: 0.3518
Trg_adv_loss	: 0.9977
Total_loss	: 1.3495
-------------------------------------
[Epoch : 20/30]
Pr_Src_cls_loss	: 0.0654
Src_cls_loss	: 0.3517
Trg_adv_loss	: 0.9979
Total_loss	: 1.3496
-------------------------------------
[Epoch : 21/30]
Pr_Src_cls_loss	: 0.0654
Src_cls_loss	: 0.3514
Trg_adv_loss	: 0.9982
Total_loss	: 1.3497
-------------------------------------
[Epoch : 22/30]
Pr_Src_cls_loss	: 0.0654
Src_cls_loss	: 0.3512
Trg_adv_loss	: 0.9986
Total_loss	: 1.3498
-------------------------------------
[Epoch : 23/30]
Pr_Src_cls_loss	: 0.0654
Src_cls_loss	: 0.3510
Trg_adv_loss	: 0.9990
Total_loss	: 1.3500
-------------------------------------
[Epoch : 24/30]
Pr_Src_cls_loss	: 0.0654
Src_cls_loss	: 0.3508
Trg_adv_loss	: 0.9994
Total_loss	: 1.3502
-------------------------------------
[Epoch : 25/30]
Pr_Src_cls_loss	: 0.0654
Src_cls_loss	: 0.3506
Trg_adv_loss	: 0.9996
Total_loss	: 1.3502
-------------------------------------
[Epoch : 26/30]
Pr_Src_cls_loss	: 0.0654
Src_cls_loss	: 0.3503
Trg_adv_loss	: 0.9998
Total_loss	: 1.3501
-------------------------------------
[Epoch : 27/30]
Pr_Src_cls_loss	: 0.0654
Src_cls_loss	: 0.3500
Trg_adv_loss	: 1.0001
Total_loss	: 1.3501
-------------------------------------
[Epoch : 28/30]
Pr_Src_cls_loss	: 0.0654
Src_cls_loss	: 0.3499
Trg_adv_loss	: 1.0003
Total_loss	: 1.3501
-------------------------------------
[Epoch : 29/30]
Pr_Src_cls_loss	: 0.0654
Src_cls_loss	: 0.3496
Trg_adv_loss	: 1.0005
Total_loss	: 1.3501
-------------------------------------
[Epoch : 30/30]
Pr_Src_cls_loss	: 0.0654
Src_cls_loss	: 0.3494
Trg_adv_loss	: 1.0008
Total_loss	: 1.3501
-------------------------------------
H_score: 0.0000, OS* (acc_c): 0.2957, UNK (acc_p): 0.0000, acc_mix: 0.2957
Uploading logs from: /mnt/data/home/tp2474/OpenSet-AdaTime/experiments_logs/RealWorld to Pamap2_closed_set/OSBP_closed_set/RealWorld_to_Pamap2_run_1
🏃 View run OSBP_run_1 at: http://127.0.0.1:5001/#/experiments/869196474879197795/runs/907901acf6b045d6a5cac9ca071aaea8
🧪 View experiment at: http://127.0.0.1:5001/#/experiments/869196474879197795
=============================================
Dataset: RealWorld to Pamap2_closed_set
Method:  OSBP
=============================================
Source: RealWorld ---> Target: Pamap2
Run ID: 2
=============================================
[Pr Epoch : 1/20]
Pr_Src_cls_loss	: 0.3552
-------------------------------------
[Pr Epoch : 2/20]
Pr_Src_cls_loss	: 0.2354
-------------------------------------
[Pr Epoch : 3/20]
Pr_Src_cls_loss	: 0.1891
-------------------------------------
[Pr Epoch : 4/20]
Pr_Src_cls_loss	: 0.1617
-------------------------------------
[Pr Epoch : 5/20]
Pr_Src_cls_loss	: 0.1427
-------------------------------------
[Pr Epoch : 6/20]
Pr_Src_cls_loss	: 0.1288
-------------------------------------
[Pr Epoch : 7/20]
Pr_Src_cls_loss	: 0.1183
-------------------------------------
[Pr Epoch : 8/20]
Pr_Src_cls_loss	: 0.1096
-------------------------------------
[Pr Epoch : 9/20]
Pr_Src_cls_loss	: 0.1026
-------------------------------------
[Pr Epoch : 10/20]
Pr_Src_cls_loss	: 0.0965
-------------------------------------
[Pr Epoch : 11/20]
Pr_Src_cls_loss	: 0.0914
-------------------------------------
[Pr Epoch : 12/20]
Pr_Src_cls_loss	: 0.0867
-------------------------------------
[Pr Epoch : 13/20]
Pr_Src_cls_loss	: 0.0829
-------------------------------------
[Pr Epoch : 14/20]
Pr_Src_cls_loss	: 0.0795
-------------------------------------
[Pr Epoch : 15/20]
Pr_Src_cls_loss	: 0.0762
-------------------------------------
[Pr Epoch : 16/20]
Pr_Src_cls_loss	: 0.0732
-------------------------------------
[Pr Epoch : 17/20]
Pr_Src_cls_loss	: 0.0707
-------------------------------------
[Pr Epoch : 18/20]
Pr_Src_cls_loss	: 0.0683
-------------------------------------
[Pr Epoch : 19/20]
Pr_Src_cls_loss	: 0.0660
-------------------------------------
[Pr Epoch : 20/20]
Pr_Src_cls_loss	: 0.0641
-------------------------------------
[Epoch : 1/30]
Pr_Src_cls_loss	: 0.0641
Src_cls_loss	: 0.3401
Trg_adv_loss	: 1.4294
Total_loss	: 1.7695
-------------------------------------
[Epoch : 2/30]
Pr_Src_cls_loss	: 0.0641
Src_cls_loss	: 0.3467
Trg_adv_loss	: 1.1447
Total_loss	: 1.4914
-------------------------------------
[Epoch : 3/30]
Pr_Src_cls_loss	: 0.0641
Src_cls_loss	: 0.3452
Trg_adv_loss	: 1.0568
Total_loss	: 1.4020
-------------------------------------
[Epoch : 4/30]
Pr_Src_cls_loss	: 0.0641
Src_cls_loss	: 0.3409
Trg_adv_loss	: 1.0250
Total_loss	: 1.3659
-------------------------------------
[Epoch : 5/30]
Pr_Src_cls_loss	: 0.0641
Src_cls_loss	: 0.3369
Trg_adv_loss	: 1.0128
Total_loss	: 1.3498
-------------------------------------
[Epoch : 6/30]
Pr_Src_cls_loss	: 0.0641
Src_cls_loss	: 0.3355
Trg_adv_loss	: 1.0037
Total_loss	: 1.3393
-------------------------------------
[Epoch : 7/30]
Pr_Src_cls_loss	: 0.0641
Src_cls_loss	: 0.3364
Trg_adv_loss	: 0.9956
Total_loss	: 1.3320
-------------------------------------
[Epoch : 8/30]
Pr_Src_cls_loss	: 0.0641
Src_cls_loss	: 0.3391
Trg_adv_loss	: 0.9906
Total_loss	: 1.3297
-------------------------------------
[Epoch : 9/30]
Pr_Src_cls_loss	: 0.0641
Src_cls_loss	: 0.3428
Trg_adv_loss	: 0.9915
Total_loss	: 1.3344
-------------------------------------
[Epoch : 10/30]
Pr_Src_cls_loss	: 0.0641
Src_cls_loss	: 0.3445
Trg_adv_loss	: 0.9939
Total_loss	: 1.3384
-------------------------------------
[Epoch : 11/30]
Pr_Src_cls_loss	: 0.0641
Src_cls_loss	: 0.3470
Trg_adv_loss	: 0.9935
Total_loss	: 1.3405
-------------------------------------
[Epoch : 12/30]
Pr_Src_cls_loss	: 0.0641
Src_cls_loss	: 0.3489
Trg_adv_loss	: 0.9933
Total_loss	: 1.3422
-------------------------------------
[Epoch : 13/30]
Pr_Src_cls_loss	: 0.0641
Src_cls_loss	: 0.3501
Trg_adv_loss	: 0.9933
Total_loss	: 1.3435
-------------------------------------
[Epoch : 14/30]
Pr_Src_cls_loss	: 0.0641
Src_cls_loss	: 0.3511
Trg_adv_loss	: 0.9930
Total_loss	: 1.3442
-------------------------------------
[Epoch : 15/30]
Pr_Src_cls_loss	: 0.0641
Src_cls_loss	: 0.3521
Trg_adv_loss	: 0.9929
Total_loss	: 1.3449
-------------------------------------
[Epoch : 16/30]
Pr_Src_cls_loss	: 0.0641
Src_cls_loss	: 0.3526
Trg_adv_loss	: 0.9929
Total_loss	: 1.3455
-------------------------------------
[Epoch : 17/30]
Pr_Src_cls_loss	: 0.0641
Src_cls_loss	: 0.3531
Trg_adv_loss	: 0.9931
Total_loss	: 1.3461
-------------------------------------
[Epoch : 18/30]
Pr_Src_cls_loss	: 0.0641
Src_cls_loss	: 0.3534
Trg_adv_loss	: 0.9933
Total_loss	: 1.3467
-------------------------------------
[Epoch : 19/30]
Pr_Src_cls_loss	: 0.0641
Src_cls_loss	: 0.3536
Trg_adv_loss	: 0.9937
Total_loss	: 1.3473
-------------------------------------
[Epoch : 20/30]
Pr_Src_cls_loss	: 0.0641
Src_cls_loss	: 0.3534
Trg_adv_loss	: 0.9941
Total_loss	: 1.3475
-------------------------------------
[Epoch : 21/30]
Pr_Src_cls_loss	: 0.0641
Src_cls_loss	: 0.3535
Trg_adv_loss	: 0.9943
Total_loss	: 1.3478
-------------------------------------
[Epoch : 22/30]
Pr_Src_cls_loss	: 0.0641
Src_cls_loss	: 0.3535
Trg_adv_loss	: 0.9946
Total_loss	: 1.3481
-------------------------------------
[Epoch : 23/30]
Pr_Src_cls_loss	: 0.0641
Src_cls_loss	: 0.3533
Trg_adv_loss	: 0.9950
Total_loss	: 1.3483
-------------------------------------
[Epoch : 24/30]
Pr_Src_cls_loss	: 0.0641
Src_cls_loss	: 0.3533
Trg_adv_loss	: 0.9953
Total_loss	: 1.3486
-------------------------------------
[Epoch : 25/30]
Pr_Src_cls_loss	: 0.0641
Src_cls_loss	: 0.3534
Trg_adv_loss	: 0.9953
Total_loss	: 1.3487
-------------------------------------
[Epoch : 26/30]
Pr_Src_cls_loss	: 0.0641
Src_cls_loss	: 0.3532
Trg_adv_loss	: 0.9956
Total_loss	: 1.3488
-------------------------------------
[Epoch : 27/30]
Pr_Src_cls_loss	: 0.0641
Src_cls_loss	: 0.3531
Trg_adv_loss	: 0.9958
Total_loss	: 1.3490
-------------------------------------
[Epoch : 28/30]
Pr_Src_cls_loss	: 0.0641
Src_cls_loss	: 0.3530
Trg_adv_loss	: 0.9960
Total_loss	: 1.3490
-------------------------------------
[Epoch : 29/30]
Pr_Src_cls_loss	: 0.0641
Src_cls_loss	: 0.3528
Trg_adv_loss	: 0.9962
Total_loss	: 1.3491
-------------------------------------
[Epoch : 30/30]
Pr_Src_cls_loss	: 0.0641
Src_cls_loss	: 0.3527
Trg_adv_loss	: 0.9964
Total_loss	: 1.3491
-------------------------------------
H_score: 0.0000, OS* (acc_c): 0.3154, UNK (acc_p): 0.0000, acc_mix: 0.3154
Uploading logs from: /mnt/data/home/tp2474/OpenSet-AdaTime/experiments_logs/RealWorld to Pamap2_closed_set/OSBP_closed_set/RealWorld_to_Pamap2_run_2
🏃 View run OSBP_run_2 at: http://127.0.0.1:5001/#/experiments/869196474879197795/runs/099d8c777da44c16bbb5bb8a1a65ec3e
🧪 View experiment at: http://127.0.0.1:5001/#/experiments/869196474879197795
=============================================
Dataset: RealWorld to Pamap2_closed_set
Method:  OSBP
=============================================
Source: RealWorld ---> Target: Pamap2
Run ID: 3
=============================================
[Pr Epoch : 1/20]
Pr_Src_cls_loss	: 0.3637
-------------------------------------
[Pr Epoch : 2/20]
Pr_Src_cls_loss	: 0.2430
-------------------------------------
[Pr Epoch : 3/20]
Pr_Src_cls_loss	: 0.1931
-------------------------------------
[Pr Epoch : 4/20]
Pr_Src_cls_loss	: 0.1645
-------------------------------------
[Pr Epoch : 5/20]
Pr_Src_cls_loss	: 0.1450
-------------------------------------
[Pr Epoch : 6/20]
Pr_Src_cls_loss	: 0.1310
-------------------------------------
[Pr Epoch : 7/20]
Pr_Src_cls_loss	: 0.1202
-------------------------------------
[Pr Epoch : 8/20]
Pr_Src_cls_loss	: 0.1111
-------------------------------------
[Pr Epoch : 9/20]
Pr_Src_cls_loss	: 0.1041
-------------------------------------
[Pr Epoch : 10/20]
Pr_Src_cls_loss	: 0.0983
-------------------------------------
[Pr Epoch : 11/20]
Pr_Src_cls_loss	: 0.0928
-------------------------------------
[Pr Epoch : 12/20]
Pr_Src_cls_loss	: 0.0882
-------------------------------------
[Pr Epoch : 13/20]
Pr_Src_cls_loss	: 0.0843
-------------------------------------
[Pr Epoch : 14/20]
Pr_Src_cls_loss	: 0.0806
-------------------------------------
[Pr Epoch : 15/20]
Pr_Src_cls_loss	: 0.0773
-------------------------------------
[Pr Epoch : 16/20]
Pr_Src_cls_loss	: 0.0745
-------------------------------------
[Pr Epoch : 17/20]
Pr_Src_cls_loss	: 0.0717
-------------------------------------
[Pr Epoch : 18/20]
Pr_Src_cls_loss	: 0.0693
-------------------------------------
[Pr Epoch : 19/20]
Pr_Src_cls_loss	: 0.0670
-------------------------------------
[Pr Epoch : 20/20]
Pr_Src_cls_loss	: 0.0650
-------------------------------------
[Epoch : 1/30]
Pr_Src_cls_loss	: 0.0650
Src_cls_loss	: 0.3347
Trg_adv_loss	: 1.4388
Total_loss	: 1.7735
-------------------------------------
[Epoch : 2/30]
Pr_Src_cls_loss	: 0.0650
Src_cls_loss	: 0.3462
Trg_adv_loss	: 1.1493
Total_loss	: 1.4956
-------------------------------------
[Epoch : 3/30]
Pr_Src_cls_loss	: 0.0650
Src_cls_loss	: 0.3463
Trg_adv_loss	: 1.0565
Total_loss	: 1.4028
-------------------------------------
[Epoch : 4/30]
Pr_Src_cls_loss	: 0.0650
Src_cls_loss	: 0.3445
Trg_adv_loss	: 1.0196
Total_loss	: 1.3640
-------------------------------------
[Epoch : 5/30]
Pr_Src_cls_loss	: 0.0650
Src_cls_loss	: 0.3412
Trg_adv_loss	: 1.0073
Total_loss	: 1.3486
-------------------------------------
[Epoch : 6/30]
Pr_Src_cls_loss	: 0.0650
Src_cls_loss	: 0.3391
Trg_adv_loss	: 1.0015
Total_loss	: 1.3406
-------------------------------------
[Epoch : 7/30]
Pr_Src_cls_loss	: 0.0650
Src_cls_loss	: 0.3404
Trg_adv_loss	: 0.9963
Total_loss	: 1.3367
-------------------------------------
[Epoch : 8/30]
Pr_Src_cls_loss	: 0.0650
Src_cls_loss	: 0.3435
Trg_adv_loss	: 0.9942
Total_loss	: 1.3377
-------------------------------------
[Epoch : 9/30]
Pr_Src_cls_loss	: 0.0650
Src_cls_loss	: 0.3446
Trg_adv_loss	: 0.9979
Total_loss	: 1.3425
-------------------------------------
[Epoch : 10/30]
Pr_Src_cls_loss	: 0.0650
Src_cls_loss	: 0.3464
Trg_adv_loss	: 0.9978
Total_loss	: 1.3442
-------------------------------------
[Epoch : 11/30]
Pr_Src_cls_loss	: 0.0650
Src_cls_loss	: 0.3483
Trg_adv_loss	: 0.9971
Total_loss	: 1.3453
-------------------------------------
[Epoch : 12/30]
Pr_Src_cls_loss	: 0.0650
Src_cls_loss	: 0.3494
Trg_adv_loss	: 0.9969
Total_loss	: 1.3463
-------------------------------------
[Epoch : 13/30]
Pr_Src_cls_loss	: 0.0650
Src_cls_loss	: 0.3506
Trg_adv_loss	: 0.9967
Total_loss	: 1.3472
-------------------------------------
[Epoch : 14/30]
Pr_Src_cls_loss	: 0.0650
Src_cls_loss	: 0.3512
Trg_adv_loss	: 0.9964
Total_loss	: 1.3476
-------------------------------------
[Epoch : 15/30]
Pr_Src_cls_loss	: 0.0650
Src_cls_loss	: 0.3515
Trg_adv_loss	: 0.9963
Total_loss	: 1.3478
-------------------------------------
[Epoch : 16/30]
Pr_Src_cls_loss	: 0.0650
Src_cls_loss	: 0.3517
Trg_adv_loss	: 0.9964
Total_loss	: 1.3481
-------------------------------------
[Epoch : 17/30]
Pr_Src_cls_loss	: 0.0650
Src_cls_loss	: 0.3519
Trg_adv_loss	: 0.9965
Total_loss	: 1.3484
-------------------------------------
[Epoch : 18/30]
Pr_Src_cls_loss	: 0.0650
Src_cls_loss	: 0.3520
Trg_adv_loss	: 0.9967
Total_loss	: 1.3486
-------------------------------------
[Epoch : 19/30]
Pr_Src_cls_loss	: 0.0650
Src_cls_loss	: 0.3520
Trg_adv_loss	: 0.9967
Total_loss	: 1.3487
-------------------------------------
[Epoch : 20/30]
Pr_Src_cls_loss	: 0.0650
Src_cls_loss	: 0.3521
Trg_adv_loss	: 0.9968
Total_loss	: 1.3489
-------------------------------------
[Epoch : 21/30]
Pr_Src_cls_loss	: 0.0650
Src_cls_loss	: 0.3520
Trg_adv_loss	: 0.9970
Total_loss	: 1.3490
-------------------------------------
[Epoch : 22/30]
Pr_Src_cls_loss	: 0.0650
Src_cls_loss	: 0.3520
Trg_adv_loss	: 0.9972
Total_loss	: 1.3493
-------------------------------------
[Epoch : 23/30]
Pr_Src_cls_loss	: 0.0650
Src_cls_loss	: 0.3519
Trg_adv_loss	: 0.9973
Total_loss	: 1.3492
-------------------------------------
[Epoch : 24/30]
Pr_Src_cls_loss	: 0.0650
Src_cls_loss	: 0.3517
Trg_adv_loss	: 0.9975
Total_loss	: 1.3492
-------------------------------------
[Epoch : 25/30]
Pr_Src_cls_loss	: 0.0650
Src_cls_loss	: 0.3515
Trg_adv_loss	: 0.9977
Total_loss	: 1.3492
-------------------------------------
[Epoch : 26/30]
Pr_Src_cls_loss	: 0.0650
Src_cls_loss	: 0.3514
Trg_adv_loss	: 0.9977
Total_loss	: 1.3491
-------------------------------------
[Epoch : 27/30]
Pr_Src_cls_loss	: 0.0650
Src_cls_loss	: 0.3513
Trg_adv_loss	: 0.9979
Total_loss	: 1.3492
-------------------------------------
[Epoch : 28/30]
Pr_Src_cls_loss	: 0.0650
Src_cls_loss	: 0.3512
Trg_adv_loss	: 0.9981
Total_loss	: 1.3492
-------------------------------------
[Epoch : 29/30]
Pr_Src_cls_loss	: 0.0650
Src_cls_loss	: 0.3511
Trg_adv_loss	: 0.9983
Total_loss	: 1.3494
-------------------------------------
[Epoch : 30/30]
Pr_Src_cls_loss	: 0.0650
Src_cls_loss	: 0.3510
Trg_adv_loss	: 0.9983
Total_loss	: 1.3493
-------------------------------------
H_score: 0.0000, OS* (acc_c): 0.2952, UNK (acc_p): 0.0000, acc_mix: 0.2952
Uploading logs from: /mnt/data/home/tp2474/OpenSet-AdaTime/experiments_logs/RealWorld to Pamap2_closed_set/OSBP_closed_set/RealWorld_to_Pamap2_run_3
🏃 View run OSBP_run_3 at: http://127.0.0.1:5001/#/experiments/869196474879197795/runs/8cffe4dbe3014761915ef5c9b74bdbaa
🧪 View experiment at: http://127.0.0.1:5001/#/experiments/869196474879197795
=============================================
Dataset: RealWorld to Pamap2_closed_set
Method:  OSBP
=============================================
Source: RealWorld ---> Target: Pamap2
Run ID: 4
=============================================
[Pr Epoch : 1/20]
Pr_Src_cls_loss	: 0.3506
-------------------------------------
[Pr Epoch : 2/20]
Pr_Src_cls_loss	: 0.2356
-------------------------------------
[Pr Epoch : 3/20]
Pr_Src_cls_loss	: 0.1890
-------------------------------------
[Pr Epoch : 4/20]
Pr_Src_cls_loss	: 0.1619
-------------------------------------
[Pr Epoch : 5/20]
Pr_Src_cls_loss	: 0.1432
-------------------------------------
[Pr Epoch : 6/20]
Pr_Src_cls_loss	: 0.1301
-------------------------------------
[Pr Epoch : 7/20]
Pr_Src_cls_loss	: 0.1198
-------------------------------------
[Pr Epoch : 8/20]
Pr_Src_cls_loss	: 0.1115
-------------------------------------
[Pr Epoch : 9/20]
Pr_Src_cls_loss	: 0.1046
-------------------------------------
[Pr Epoch : 10/20]
Pr_Src_cls_loss	: 0.0985
-------------------------------------
[Pr Epoch : 11/20]
Pr_Src_cls_loss	: 0.0933
-------------------------------------
[Pr Epoch : 12/20]
Pr_Src_cls_loss	: 0.0889
-------------------------------------
[Pr Epoch : 13/20]
Pr_Src_cls_loss	: 0.0850
-------------------------------------
[Pr Epoch : 14/20]
Pr_Src_cls_loss	: 0.0815
-------------------------------------
[Pr Epoch : 15/20]
Pr_Src_cls_loss	: 0.0784
-------------------------------------
[Pr Epoch : 16/20]
Pr_Src_cls_loss	: 0.0755
-------------------------------------
[Pr Epoch : 17/20]
Pr_Src_cls_loss	: 0.0731
-------------------------------------
[Pr Epoch : 18/20]
Pr_Src_cls_loss	: 0.0708
-------------------------------------
[Pr Epoch : 19/20]
Pr_Src_cls_loss	: 0.0687
-------------------------------------
[Pr Epoch : 20/20]
Pr_Src_cls_loss	: 0.0666
-------------------------------------
[Epoch : 1/30]
Pr_Src_cls_loss	: 0.0666
Src_cls_loss	: 0.3381
Trg_adv_loss	: 1.4312
Total_loss	: 1.7693
-------------------------------------
[Epoch : 2/30]
Pr_Src_cls_loss	: 0.0666
Src_cls_loss	: 0.3471
Trg_adv_loss	: 1.1431
Total_loss	: 1.4901
-------------------------------------
[Epoch : 3/30]
Pr_Src_cls_loss	: 0.0666
Src_cls_loss	: 0.3470
Trg_adv_loss	: 1.0489
Total_loss	: 1.3959
-------------------------------------
[Epoch : 4/30]
Pr_Src_cls_loss	: 0.0666
Src_cls_loss	: 0.3463
Trg_adv_loss	: 1.0148
Total_loss	: 1.3610
-------------------------------------
[Epoch : 5/30]
Pr_Src_cls_loss	: 0.0666
Src_cls_loss	: 0.3433
Trg_adv_loss	: 1.0057
Total_loss	: 1.3490
-------------------------------------
[Epoch : 6/30]
Pr_Src_cls_loss	: 0.0666
Src_cls_loss	: 0.3421
Trg_adv_loss	: 0.9994
Total_loss	: 1.3415
-------------------------------------
[Epoch : 7/30]
Pr_Src_cls_loss	: 0.0666
Src_cls_loss	: 0.3435
Trg_adv_loss	: 0.9956
Total_loss	: 1.3391
-------------------------------------
[Epoch : 8/30]
Pr_Src_cls_loss	: 0.0666
Src_cls_loss	: 0.3463
Trg_adv_loss	: 0.9965
Total_loss	: 1.3428
-------------------------------------
[Epoch : 9/30]
Pr_Src_cls_loss	: 0.0666
Src_cls_loss	: 0.3463
Trg_adv_loss	: 0.9997
Total_loss	: 1.3460
-------------------------------------
[Epoch : 10/30]
Pr_Src_cls_loss	: 0.0666
Src_cls_loss	: 0.3476
Trg_adv_loss	: 0.9995
Total_loss	: 1.3471
-------------------------------------
[Epoch : 11/30]
Pr_Src_cls_loss	: 0.0666
Src_cls_loss	: 0.3491
Trg_adv_loss	: 0.9992
Total_loss	: 1.3483
-------------------------------------
[Epoch : 12/30]
Pr_Src_cls_loss	: 0.0666
Src_cls_loss	: 0.3496
Trg_adv_loss	: 0.9990
Total_loss	: 1.3486
-------------------------------------
[Epoch : 13/30]
Pr_Src_cls_loss	: 0.0666
Src_cls_loss	: 0.3501
Trg_adv_loss	: 0.9987
Total_loss	: 1.3488
-------------------------------------
[Epoch : 14/30]
Pr_Src_cls_loss	: 0.0666
Src_cls_loss	: 0.3506
Trg_adv_loss	: 0.9984
Total_loss	: 1.3490
-------------------------------------
[Epoch : 15/30]
Pr_Src_cls_loss	: 0.0666
Src_cls_loss	: 0.3506
Trg_adv_loss	: 0.9985
Total_loss	: 1.3491
-------------------------------------
[Epoch : 16/30]
Pr_Src_cls_loss	: 0.0666
Src_cls_loss	: 0.3507
Trg_adv_loss	: 0.9985
Total_loss	: 1.3492
-------------------------------------
[Epoch : 17/30]
Pr_Src_cls_loss	: 0.0666
Src_cls_loss	: 0.3506
Trg_adv_loss	: 0.9985
Total_loss	: 1.3491
-------------------------------------
[Epoch : 18/30]
Pr_Src_cls_loss	: 0.0666
Src_cls_loss	: 0.3503
Trg_adv_loss	: 0.9988
Total_loss	: 1.3491
-------------------------------------
[Epoch : 19/30]
Pr_Src_cls_loss	: 0.0666
Src_cls_loss	: 0.3502
Trg_adv_loss	: 0.9990
Total_loss	: 1.3491
-------------------------------------
[Epoch : 20/30]
Pr_Src_cls_loss	: 0.0666
Src_cls_loss	: 0.3499
Trg_adv_loss	: 0.9993
Total_loss	: 1.3491
-------------------------------------
[Epoch : 21/30]
Pr_Src_cls_loss	: 0.0666
Src_cls_loss	: 0.3497
Trg_adv_loss	: 0.9995
Total_loss	: 1.3492
-------------------------------------
[Epoch : 22/30]
Pr_Src_cls_loss	: 0.0666
Src_cls_loss	: 0.3497
Trg_adv_loss	: 0.9996
Total_loss	: 1.3494
-------------------------------------
[Epoch : 23/30]
Pr_Src_cls_loss	: 0.0666
Src_cls_loss	: 0.3494
Trg_adv_loss	: 0.9999
Total_loss	: 1.3494
-------------------------------------
[Epoch : 24/30]
Pr_Src_cls_loss	: 0.0666
Src_cls_loss	: 0.3493
Trg_adv_loss	: 1.0001
Total_loss	: 1.3494
-------------------------------------
[Epoch : 25/30]
Pr_Src_cls_loss	: 0.0666
Src_cls_loss	: 0.3491
Trg_adv_loss	: 1.0003
Total_loss	: 1.3494
-------------------------------------
[Epoch : 26/30]
Pr_Src_cls_loss	: 0.0666
Src_cls_loss	: 0.3489
Trg_adv_loss	: 1.0004
Total_loss	: 1.3493
-------------------------------------
[Epoch : 27/30]
Pr_Src_cls_loss	: 0.0666
Src_cls_loss	: 0.3487
Trg_adv_loss	: 1.0006
Total_loss	: 1.3494
-------------------------------------
[Epoch : 28/30]
Pr_Src_cls_loss	: 0.0666
Src_cls_loss	: 0.3484
Trg_adv_loss	: 1.0008
Total_loss	: 1.3491
-------------------------------------
[Epoch : 29/30]
Pr_Src_cls_loss	: 0.0666
Src_cls_loss	: 0.3483
Trg_adv_loss	: 1.0009
Total_loss	: 1.3492
-------------------------------------
[Epoch : 30/30]
Pr_Src_cls_loss	: 0.0666
Src_cls_loss	: 0.3481
Trg_adv_loss	: 1.0011
Total_loss	: 1.3492
-------------------------------------
H_score: 0.0000, OS* (acc_c): 0.2950, UNK (acc_p): 0.0000, acc_mix: 0.2950
Uploading logs from: /mnt/data/home/tp2474/OpenSet-AdaTime/experiments_logs/RealWorld to Pamap2_closed_set/OSBP_closed_set/RealWorld_to_Pamap2_run_4
🏃 View run OSBP_run_4 at: http://127.0.0.1:5001/#/experiments/869196474879197795/runs/6fdfc24c968e41dabe65704bfa4aa422
🧪 View experiment at: http://127.0.0.1:5001/#/experiments/869196474879197795
[scenario] TSFA -> OSDA (uniDA=True)
Unlabeled data shape:  (4752, 150, 18)
Unlabelled Combined shape: (8054, 150, 18)

--- Dataloader Size Check ---
Source Train batches:   592
Target Train batches:   148
-------------------------------

Private classes:  tensor([])
=============================================
Dataset: RealWorld to Pamap2_closed_set
Method:  TSFA
=============================================
Source: RealWorld ---> Target: Pamap2
Run ID: 0
=============================================
[Pr Epoch : 1/20]
Pr_Src_cls_loss	: 0.2042
-------------------------------------
[Pr Epoch : 2/20]
Pr_Src_cls_loss	: 0.1438
-------------------------------------
[Pr Epoch : 3/20]
Pr_Src_cls_loss	: 0.1176
-------------------------------------
[Pr Epoch : 4/20]
Pr_Src_cls_loss	: 0.1023
-------------------------------------
[Pr Epoch : 5/20]
Pr_Src_cls_loss	: 0.0926
-------------------------------------
[Pr Epoch : 6/20]
Pr_Src_cls_loss	: 0.0845
-------------------------------------
[Pr Epoch : 7/20]
Pr_Src_cls_loss	: 0.0790
-------------------------------------
[Pr Epoch : 8/20]
Pr_Src_cls_loss	: 0.0746
-------------------------------------
[Pr Epoch : 9/20]
Pr_Src_cls_loss	: 0.0718
-------------------------------------
[Pr Epoch : 10/20]
Pr_Src_cls_loss	: 0.0682
-------------------------------------
[Pr Epoch : 11/20]
Pr_Src_cls_loss	: 0.0655
-------------------------------------
[Pr Epoch : 12/20]
Pr_Src_cls_loss	: 0.0628
-------------------------------------
[Pr Epoch : 13/20]
Pr_Src_cls_loss	: 0.0602
-------------------------------------
[Pr Epoch : 14/20]
Pr_Src_cls_loss	: 0.0581
-------------------------------------
[Pr Epoch : 15/20]
Pr_Src_cls_loss	: 0.0561
-------------------------------------
[Pr Epoch : 16/20]
Pr_Src_cls_loss	: 0.0545
-------------------------------------
[Pr Epoch : 17/20]
Pr_Src_cls_loss	: 0.0529
-------------------------------------
[Pr Epoch : 18/20]
Pr_Src_cls_loss	: 0.0514
-------------------------------------
[Pr Epoch : 19/20]
Pr_Src_cls_loss	: 0.0500
-------------------------------------
[Pr Epoch : 20/20]
Pr_Src_cls_loss	: 0.0487
-------------------------------------
[Epoch : 1/30]
Pr_Src_cls_loss	: 0.0487
Src_cls_loss	: 0.0574
SDE_loss	: 0.0027
OSAM_loss	: 0.8077
Total_loss	: 0.3079
-------------------------------------
[Epoch : 2/30]
Pr_Src_cls_loss	: 0.0487
Src_cls_loss	: 0.0516
SDE_loss	: 0.0017
OSAM_loss	: 0.5933
Total_loss	: 0.2348
-------------------------------------
[Epoch : 3/30]
Pr_Src_cls_loss	: 0.0487
Src_cls_loss	: 0.0475
SDE_loss	: 0.0014
OSAM_loss	: 0.4941
Total_loss	: 0.1998
-------------------------------------
[Epoch : 4/30]
Pr_Src_cls_loss	: 0.0487
Src_cls_loss	: 0.0455
SDE_loss	: 0.0011
OSAM_loss	: 0.4353
Total_loss	: 0.1795
-------------------------------------
[Epoch : 5/30]
Pr_Src_cls_loss	: 0.0487
Src_cls_loss	: 0.0433
SDE_loss	: 0.0010
OSAM_loss	: 0.3927
Total_loss	: 0.1641
-------------------------------------
[Epoch : 6/30]
Pr_Src_cls_loss	: 0.0487
Src_cls_loss	: 0.0418
SDE_loss	: 0.0009
OSAM_loss	: 0.3606
Total_loss	: 0.1527
-------------------------------------
[Epoch : 7/30]
Pr_Src_cls_loss	: 0.0487
Src_cls_loss	: 0.0407
SDE_loss	: 0.0008
OSAM_loss	: 0.3357
Total_loss	: 0.1439
-------------------------------------
[Epoch : 8/30]
Pr_Src_cls_loss	: 0.0487
Src_cls_loss	: 0.0395
SDE_loss	: 0.0008
OSAM_loss	: 0.3143
Total_loss	: 0.1361
-------------------------------------
[Epoch : 9/30]
Pr_Src_cls_loss	: 0.0487
Src_cls_loss	: 0.0384
SDE_loss	: 0.0007
OSAM_loss	: 0.2969
Total_loss	: 0.1296
-------------------------------------
[Epoch : 10/30]
Pr_Src_cls_loss	: 0.0487
Src_cls_loss	: 0.0373
SDE_loss	: 0.0007
OSAM_loss	: 0.2816
Total_loss	: 0.1238
-------------------------------------
[Epoch : 11/30]
Pr_Src_cls_loss	: 0.0487
Src_cls_loss	: 0.0366
SDE_loss	: 0.0006
OSAM_loss	: 0.2685
Total_loss	: 0.1190
-------------------------------------
[Epoch : 12/30]
Pr_Src_cls_loss	: 0.0487
Src_cls_loss	: 0.0358
SDE_loss	: 0.0006
OSAM_loss	: 0.2570
Total_loss	: 0.1147
-------------------------------------
[Epoch : 13/30]
Pr_Src_cls_loss	: 0.0487
Src_cls_loss	: 0.0350
SDE_loss	: 0.0006
OSAM_loss	: 0.2469
Total_loss	: 0.1108
-------------------------------------
[Epoch : 14/30]
Pr_Src_cls_loss	: 0.0487
Src_cls_loss	: 0.0342
SDE_loss	: 0.0006
OSAM_loss	: 0.2376
Total_loss	: 0.1071
-------------------------------------
[Epoch : 15/30]
Pr_Src_cls_loss	: 0.0487
Src_cls_loss	: 0.0335
SDE_loss	: 0.0005
OSAM_loss	: 0.2291
Total_loss	: 0.1039
-------------------------------------
Terminated
[scenario] OSBP -> OSDA (uniDA=True)
Unlabeled data shape:  (26209, 150, 18)
Unlabelled Combined shape: (45172, 150, 18)

--- Dataloader Size Check ---
Source Train batches:   51
Target Train batches:   409
-------------------------------

Private classes:  tensor([])
=============================================
Dataset: Pamap2 to RealWorld_closed_set
Method:  OSBP
=============================================
Source: Pamap2 ---> Target: RealWorld
Run ID: 0
=============================================
[Pr Epoch : 1/20]
Pr_Src_cls_loss	: 0.8579
-------------------------------------
[Pr Epoch : 2/20]
Pr_Src_cls_loss	: 0.5604
-------------------------------------
[Pr Epoch : 3/20]
Pr_Src_cls_loss	: 0.4290
-------------------------------------
[Pr Epoch : 4/20]
Pr_Src_cls_loss	: 0.3519
-------------------------------------
[Pr Epoch : 5/20]
Pr_Src_cls_loss	: 0.3033
-------------------------------------
[Pr Epoch : 6/20]
Pr_Src_cls_loss	: 0.2686
-------------------------------------
[Pr Epoch : 7/20]
Pr_Src_cls_loss	: 0.2416
-------------------------------------
[Pr Epoch : 8/20]
Pr_Src_cls_loss	: 0.2204
-------------------------------------
[Pr Epoch : 9/20]
Pr_Src_cls_loss	: 0.2034
-------------------------------------
[Pr Epoch : 10/20]
Pr_Src_cls_loss	: 0.1887
-------------------------------------
[Pr Epoch : 11/20]
Pr_Src_cls_loss	: 0.1769
-------------------------------------
[Pr Epoch : 12/20]
Pr_Src_cls_loss	: 0.1671
-------------------------------------
[Pr Epoch : 13/20]
Pr_Src_cls_loss	: 0.1581
-------------------------------------
[Pr Epoch : 14/20]
Pr_Src_cls_loss	: 0.1501
-------------------------------------
[Pr Epoch : 15/20]
Pr_Src_cls_loss	: 0.1429
-------------------------------------
[Pr Epoch : 16/20]
Pr_Src_cls_loss	: 0.1365
-------------------------------------
