==================== [n2 fno_mean] UDA ====================
[curriculum] scenario=OSDA  strategy=hard  n_unknown=2  rank_variant=fno_mean
[curriculum] source mapping (4 classes): {'lying': 'lying', 'sitting': 'sitting', 'walking': 'walking', 'running': 'running'}
[curriculum] target mapping (6 classes): {'Lying down': 'lying', 'Sitting and relaxing': 'sitting', 'Walking': 'walking', 'Running': 'running', 'Climbing stairs': 'Climbing stairs', 'Jogging': 'Jogging'}
[curriculum] unknowns added (in hard order): Climbing stairs,Jogging
[scenario] UDA -> UniDA (uniDA=True)
Unlabeled data shape:  (2440, 150, 18)
Unlabelled Combined shape: (4196, 150, 18)

--- Dataloader Size Check ---
Source Train batches:   296
Target Train batches:   38
-------------------------------

Private classes:  tensor([4., 5.])
=============================================
Dataset: RealWorld to MHEALTH_OSDA_hard_n2_fno_mean
Method:  UDA
=============================================
Source: RealWorld ---> Target: MHEALTH
Run ID: 0
=============================================
[Pr Epoch : 1/20]
Pr_Src_cls_loss	: 0.5860
-------------------------------------
[Pr Epoch : 2/20]
Pr_Src_cls_loss	: 0.3755
-------------------------------------
[Pr Epoch : 3/20]
Pr_Src_cls_loss	: 0.2841
-------------------------------------
[Pr Epoch : 4/20]
Pr_Src_cls_loss	: 0.2309
-------------------------------------
[Pr Epoch : 5/20]
Pr_Src_cls_loss	: 0.1965
-------------------------------------
[Pr Epoch : 6/20]
Pr_Src_cls_loss	: 0.1724
-------------------------------------
[Pr Epoch : 7/20]
Pr_Src_cls_loss	: 0.1541
-------------------------------------
[Pr Epoch : 8/20]
Pr_Src_cls_loss	: 0.1396
-------------------------------------
[Pr Epoch : 9/20]
Pr_Src_cls_loss	: 0.1283
-------------------------------------
[Pr Epoch : 10/20]
Pr_Src_cls_loss	: 0.1189
-------------------------------------
[Pr Epoch : 11/20]
Pr_Src_cls_loss	: 0.1111
-------------------------------------
[Pr Epoch : 12/20]
Pr_Src_cls_loss	: 0.1043
-------------------------------------
[Pr Epoch : 13/20]
Pr_Src_cls_loss	: 0.0985
-------------------------------------
[Pr Epoch : 14/20]
Pr_Src_cls_loss	: 0.0934
-------------------------------------
[Pr Epoch : 15/20]
Pr_Src_cls_loss	: 0.0890
-------------------------------------
[Pr Epoch : 16/20]
Pr_Src_cls_loss	: 0.0851
-------------------------------------
[Pr Epoch : 17/20]
Pr_Src_cls_loss	: 0.0816
-------------------------------------
[Pr Epoch : 18/20]
Pr_Src_cls_loss	: 0.0782
-------------------------------------
[Pr Epoch : 19/20]
Pr_Src_cls_loss	: 0.0754
-------------------------------------
[Pr Epoch : 20/20]
Pr_Src_cls_loss	: 0.0728
-------------------------------------
[Epoch : 1/20]
Pr_Src_cls_loss	: 0.0728
Total_loss	: 5.5452
Domain_loss	: 1.0344
Src_cls_loss	: 0.0747
Adv Loss	: 1.3405
-------------------------------------
[Epoch : 2/20]
Pr_Src_cls_loss	: 0.0728
Total_loss	: 5.5153
Domain_loss	: 0.7378
Src_cls_loss	: 0.0904
Adv Loss	: 1.3196
-------------------------------------
[Epoch : 3/20]
Pr_Src_cls_loss	: 0.0728
Total_loss	: 5.5355
Domain_loss	: 0.5859
Src_cls_loss	: 0.0957
Adv Loss	: 1.3202
-------------------------------------
[Epoch : 4/20]
Pr_Src_cls_loss	: 0.0728
Total_loss	: 5.4942
Domain_loss	: 0.4986
Src_cls_loss	: 0.0948
Adv Loss	: 1.3105
-------------------------------------
[Epoch : 5/20]
Pr_Src_cls_loss	: 0.0728
Total_loss	: 5.4755
Domain_loss	: 0.4293
Src_cls_loss	: 0.0983
Adv Loss	: 1.3028
-------------------------------------
[Epoch : 6/20]
Pr_Src_cls_loss	: 0.0728
Total_loss	: 5.4774
Domain_loss	: 0.3769
Src_cls_loss	: 0.0938
Adv Loss	: 1.3071
-------------------------------------
[Epoch : 7/20]
Pr_Src_cls_loss	: 0.0728
Total_loss	: 5.4654
Domain_loss	: 0.3372
Src_cls_loss	: 0.0897
Adv Loss	: 1.3076
-------------------------------------
[Epoch : 8/20]
Pr_Src_cls_loss	: 0.0728
Total_loss	: 5.4799
Domain_loss	: 0.3117
Src_cls_loss	: 0.0888
Adv Loss	: 1.3120
-------------------------------------
[Epoch : 9/20]
Pr_Src_cls_loss	: 0.0728
Total_loss	: 5.4890
Domain_loss	: 0.2894
Src_cls_loss	: 0.0875
Adv Loss	: 1.3154
-------------------------------------
[Epoch : 10/20]
Pr_Src_cls_loss	: 0.0728
Total_loss	: 5.4995
Domain_loss	: 0.2725
Src_cls_loss	: 0.0870
Adv Loss	: 1.3185
-------------------------------------
[Epoch : 11/20]
Pr_Src_cls_loss	: 0.0728
Total_loss	: 5.5093
Domain_loss	: 0.2585
Src_cls_loss	: 0.0865
Adv Loss	: 1.3214
-------------------------------------
[Epoch : 12/20]
Pr_Src_cls_loss	: 0.0728
Total_loss	: 5.5134
Domain_loss	: 0.2454
Src_cls_loss	: 0.0858
Adv Loss	: 1.3230
-------------------------------------
[Epoch : 13/20]
Pr_Src_cls_loss	: 0.0728
Total_loss	: 5.5110
Domain_loss	: 0.2336
Src_cls_loss	: 0.0848
Adv Loss	: 1.3232
-------------------------------------
[Epoch : 14/20]
Pr_Src_cls_loss	: 0.0728
Total_loss	: 5.5135
Domain_loss	: 0.2229
Src_cls_loss	: 0.0834
Adv Loss	: 1.3251
-------------------------------------
[Epoch : 15/20]
Pr_Src_cls_loss	: 0.0728
Total_loss	: 5.5164
Domain_loss	: 0.2139
Src_cls_loss	: 0.0826
Adv Loss	: 1.3265
-------------------------------------
[Epoch : 16/20]
Pr_Src_cls_loss	: 0.0728
Total_loss	: 5.5144
Domain_loss	: 0.2058
Src_cls_loss	: 0.0812
Adv Loss	: 1.3272
-------------------------------------
[Epoch : 17/20]
Pr_Src_cls_loss	: 0.0728
Total_loss	: 5.5193
Domain_loss	: 0.1972
Src_cls_loss	: 0.0797
Adv Loss	: 1.3297
-------------------------------------
[Epoch : 18/20]
Pr_Src_cls_loss	: 0.0728
Total_loss	: 5.5221
Domain_loss	: 0.1891
Src_cls_loss	: 0.0783
Adv Loss	: 1.3316
-------------------------------------
[Epoch : 19/20]
Pr_Src_cls_loss	: 0.0728
Total_loss	: 5.5270
Domain_loss	: 0.1828
Src_cls_loss	: 0.0772
Adv Loss	: 1.3338
-------------------------------------
/pytorch/aten/src/ATen/native/cuda/Loss.cu:90: operator(): block: [0,0,0], thread: [0,0,0] Assertion `input_val >= zero && input_val <= one` failed.
/pytorch/aten/src/ATen/native/cuda/Loss.cu:90: operator(): block: [0,0,0], thread: [1,0,0] Assertion `input_val >= zero && input_val <= one` failed.
/pytorch/aten/src/ATen/native/cuda/Loss.cu:90: operator(): block: [0,0,0], thread: [2,0,0] Assertion `input_val >= zero && input_val <= one` failed.
/pytorch/aten/src/ATen/native/cuda/Loss.cu:90: operator(): block: [0,0,0], thread: [3,0,0] Assertion `input_val >= zero && input_val <= one` failed.
/pytorch/aten/src/ATen/native/cuda/Loss.cu:90: operator(): block: [0,0,0], thread: [4,0,0] Assertion `input_val >= zero && input_val <= one` failed.
/pytorch/aten/src/ATen/native/cuda/Loss.cu:90: operator(): block: [0,0,0], thread: [5,0,0] Assertion `input_val >= zero && input_val <= one` failed.
/pytorch/aten/src/ATen/native/cuda/Loss.cu:90: operator(): block: [0,0,0], thread: [6,0,0] Assertion `input_val >= zero && input_val <= one` failed.
/pytorch/aten/src/ATen/native/cuda/Loss.cu:90: operator(): block: [0,0,0], thread: [7,0,0] Assertion `input_val >= zero && input_val <= one` failed.
/pytorch/aten/src/ATen/native/cuda/Loss.cu:90: operator(): block: [0,0,0], thread: [8,0,0] Assertion `input_val >= zero && input_val <= one` failed.
/pytorch/aten/src/ATen/native/cuda/Loss.cu:90: operator(): block: [0,0,0], thread: [9,0,0] Assertion `input_val >= zero && input_val <= one` failed.
/pytorch/aten/src/ATen/native/cuda/Loss.cu:90: operator(): block: [0,0,0], thread: [10,0,0] Assertion `input_val >= zero && input_val <= one` failed.
/pytorch/aten/src/ATen/native/cuda/Loss.cu:90: operator(): block: [0,0,0], thread: [11,0,0] Assertion `input_val >= zero && input_val <= one` failed.
/pytorch/aten/src/ATen/native/cuda/Loss.cu:90: operator(): block: [0,0,0], thread: [12,0,0] Assertion `input_val >= zero && input_val <= one` failed.
/pytorch/aten/src/ATen/native/cuda/Loss.cu:90: operator(): block: [0,0,0], thread: [13,0,0] Assertion `input_val >= zero && input_val <= one` failed.
/pytorch/aten/src/ATen/native/cuda/Loss.cu:90: operator(): block: [0,0,0], thread: [14,0,0] Assertion `input_val >= zero && input_val <= one` failed.
/pytorch/aten/src/ATen/native/cuda/Loss.cu:90: operator(): block: [0,0,0], thread: [15,0,0] Assertion `input_val >= zero && input_val <= one` failed.
/pytorch/aten/src/ATen/native/cuda/Loss.cu:90: operator(): block: [0,0,0], thread: [16,0,0] Assertion `input_val >= zero && input_val <= one` failed.
/pytorch/aten/src/ATen/native/cuda/Loss.cu:90: operator(): block: [0,0,0], thread: [17,0,0] Assertion `input_val >= zero && input_val <= one` failed.
/pytorch/aten/src/ATen/native/cuda/Loss.cu:90: operator(): block: [0,0,0], thread: [18,0,0] Assertion `input_val >= zero && input_val <= one` failed.
/pytorch/aten/src/ATen/native/cuda/Loss.cu:90: operator(): block: [0,0,0], thread: [19,0,0] Assertion `input_val >= zero && input_val <= one` failed.
/pytorch/aten/src/ATen/native/cuda/Loss.cu:90: operator(): block: [0,0,0], thread: [20,0,0] Assertion `input_val >= zero && input_val <= one` failed.
/pytorch/aten/src/ATen/native/cuda/Loss.cu:90: operator(): block: [0,0,0], thread: [21,0,0] Assertion `input_val >= zero && input_val <= one` failed.
/pytorch/aten/src/ATen/native/cuda/Loss.cu:90: operator(): block: [0,0,0], thread: [22,0,0] Assertion `input_val >= zero && input_val <= one` failed.
/pytorch/aten/src/ATen/native/cuda/Loss.cu:90: operator(): block: [0,0,0], thread: [23,0,0] Assertion `input_val >= zero && input_val <= one` failed.
/pytorch/aten/src/ATen/native/cuda/Loss.cu:90: operator(): block: [0,0,0], thread: [24,0,0] Assertion `input_val >= zero && input_val <= one` failed.
/pytorch/aten/src/ATen/native/cuda/Loss.cu:90: operator(): block: [0,0,0], thread: [25,0,0] Assertion `input_val >= zero && input_val <= one` failed.
/pytorch/aten/src/ATen/native/cuda/Loss.cu:90: operator(): block: [0,0,0], thread: [26,0,0] Assertion `input_val >= zero && input_val <= one` failed.
/pytorch/aten/src/ATen/native/cuda/Loss.cu:90: operator(): block: [0,0,0], thread: [27,0,0] Assertion `input_val >= zero && input_val <= one` failed.
/pytorch/aten/src/ATen/native/cuda/Loss.cu:90: operator(): block: [0,0,0], thread: [28,0,0] Assertion `input_val >= zero && input_val <= one` failed.
/pytorch/aten/src/ATen/native/cuda/Loss.cu:90: operator(): block: [0,0,0], thread: [29,0,0] Assertion `input_val >= zero && input_val <= one` failed.
/pytorch/aten/src/ATen/native/cuda/Loss.cu:90: operator(): block: [0,0,0], thread: [30,0,0] Assertion `input_val >= zero && input_val <= one` failed.
/pytorch/aten/src/ATen/native/cuda/Loss.cu:90: operator(): block: [0,0,0], thread: [31,0,0] Assertion `input_val >= zero && input_val <= one` failed.
/pytorch/aten/src/ATen/native/cuda/Loss.cu:90: operator(): block: [0,0,0], thread: [32,0,0] Assertion `input_val >= zero && input_val <= one` failed.
/pytorch/aten/src/ATen/native/cuda/Loss.cu:90: operator(): block: [0,0,0], thread: [33,0,0] Assertion `input_val >= zero && input_val <= one` failed.
/pytorch/aten/src/ATen/native/cuda/Loss.cu:90: operator(): block: [0,0,0], thread: [34,0,0] Assertion `input_val >= zero && input_val <= one` failed.
/pytorch/aten/src/ATen/native/cuda/Loss.cu:90: operator(): block: [0,0,0], thread: [35,0,0] Assertion `input_val >= zero && input_val <= one` failed.
/pytorch/aten/src/ATen/native/cuda/Loss.cu:90: operator(): block: [0,0,0], thread: [36,0,0] Assertion `input_val >= zero && input_val <= one` failed.
/pytorch/aten/src/ATen/native/cuda/Loss.cu:90: operator(): block: [0,0,0], thread: [37,0,0] Assertion `input_val >= zero && input_val <= one` failed.
/pytorch/aten/src/ATen/native/cuda/Loss.cu:90: operator(): block: [0,0,0], thread: [38,0,0] Assertion `input_val >= zero && input_val <= one` failed.
/pytorch/aten/src/ATen/native/cuda/Loss.cu:90: operator(): block: [0,0,0], thread: [39,0,0] Assertion `input_val >= zero && input_val <= one` failed.
/pytorch/aten/src/ATen/native/cuda/Loss.cu:90: operator(): block: [0,0,0], thread: [40,0,0] Assertion `input_val >= zero && input_val <= one` failed.
/pytorch/aten/src/ATen/native/cuda/Loss.cu:90: operator(): block: [0,0,0], thread: [41,0,0] Assertion `input_val >= zero && input_val <= one` failed.
/pytorch/aten/src/ATen/native/cuda/Loss.cu:90: operator(): block: [0,0,0], thread: [42,0,0] Assertion `input_val >= zero && input_val <= one` failed.
/pytorch/aten/src/ATen/native/cuda/Loss.cu:90: operator(): block: [0,0,0], thread: [43,0,0] Assertion `input_val >= zero && input_val <= one` failed.
/pytorch/aten/src/ATen/native/cuda/Loss.cu:90: operator(): block: [0,0,0], thread: [44,0,0] Assertion `input_val >= zero && input_val <= one` failed.
/pytorch/aten/src/ATen/native/cuda/Loss.cu:90: operator(): block: [0,0,0], thread: [45,0,0] Assertion `input_val >= zero && input_val <= one` failed.
/pytorch/aten/src/ATen/native/cuda/Loss.cu:90: operator(): block: [0,0,0], thread: [46,0,0] Assertion `input_val >= zero && input_val <= one` failed.
/pytorch/aten/src/ATen/native/cuda/Loss.cu:90: operator(): block: [0,0,0], thread: [47,0,0] Assertion `input_val >= zero && input_val <= one` failed.
/pytorch/aten/src/ATen/native/cuda/Loss.cu:90: operator(): block: [0,0,0], thread: [48,0,0] Assertion `input_val >= zero && input_val <= one` failed.
/pytorch/aten/src/ATen/native/cuda/Loss.cu:90: operator(): block: [0,0,0], thread: [49,0,0] Assertion `input_val >= zero && input_val <= one` failed.
/pytorch/aten/src/ATen/native/cuda/Loss.cu:90: operator(): block: [0,0,0], thread: [50,0,0] Assertion `input_val >= zero && input_val <= one` failed.
/pytorch/aten/src/ATen/native/cuda/Loss.cu:90: operator(): block: [0,0,0], thread: [51,0,0] Assertion `input_val >= zero && input_val <= one` failed.
/pytorch/aten/src/ATen/native/cuda/Loss.cu:90: operator(): block: [0,0,0], thread: [52,0,0] Assertion `input_val >= zero && input_val <= one` failed.
/pytorch/aten/src/ATen/native/cuda/Loss.cu:90: operator(): block: [0,0,0], thread: [53,0,0] Assertion `input_val >= zero && input_val <= one` failed.
/pytorch/aten/src/ATen/native/cuda/Loss.cu:90: operator(): block: [0,0,0], thread: [54,0,0] Assertion `input_val >= zero && input_val <= one` failed.
/pytorch/aten/src/ATen/native/cuda/Loss.cu:90: operator(): block: [0,0,0], thread: [55,0,0] Assertion `input_val >= zero && input_val <= one` failed.
/pytorch/aten/src/ATen/native/cuda/Loss.cu:90: operator(): block: [0,0,0], thread: [56,0,0] Assertion `input_val >= zero && input_val <= one` failed.
/pytorch/aten/src/ATen/native/cuda/Loss.cu:90: operator(): block: [0,0,0], thread: [57,0,0] Assertion `input_val >= zero && input_val <= one` failed.
/pytorch/aten/src/ATen/native/cuda/Loss.cu:90: operator(): block: [0,0,0], thread: [58,0,0] Assertion `input_val >= zero && input_val <= one` failed.
/pytorch/aten/src/ATen/native/cuda/Loss.cu:90: operator(): block: [0,0,0], thread: [59,0,0] Assertion `input_val >= zero && input_val <= one` failed.
/pytorch/aten/src/ATen/native/cuda/Loss.cu:90: operator(): block: [0,0,0], thread: [60,0,0] Assertion `input_val >= zero && input_val <= one` failed.
/pytorch/aten/src/ATen/native/cuda/Loss.cu:90: operator(): block: [0,0,0], thread: [61,0,0] Assertion `input_val >= zero && input_val <= one` failed.
/pytorch/aten/src/ATen/native/cuda/Loss.cu:90: operator(): block: [0,0,0], thread: [62,0,0] Assertion `input_val >= zero && input_val <= one` failed.
/pytorch/aten/src/ATen/native/cuda/Loss.cu:90: operator(): block: [0,0,0], thread: [63,0,0] Assertion `input_val >= zero && input_val <= one` failed.
🏃 View run UDA_run_0 at: http://127.0.0.1:5001/#/experiments/251056716866186756/runs/77818ceb2bf0496cb22adb283d5cac58
🧪 View experiment at: http://127.0.0.1:5001/#/experiments/251056716866186756
Traceback (most recent call last):
  File "/mnt/data/home/tp2474/OpenSet-AdaTime/run_curriculum.py", line 286, in <module>
    main()
  File "/mnt/data/home/tp2474/OpenSet-AdaTime/run_curriculum.py", line 282, in main
    trainer.fit()
  File "/mnt/data/home/tp2474/OpenSet-AdaTime/trainers/train.py", line 62, in fit
    self.last_model, self.best_model = self.algorithm.update(
  File "/mnt/data/home/tp2474/OpenSet-AdaTime/algorithms/algorithms.py", line 369, in update
    self.training_epoch(src_loader, trg_loader, avg_meter, epoch)
  File "/mnt/data/home/tp2474/OpenSet-AdaTime/algorithms/algorithms.py", line 448, in training_epoch
    losses = {'Total_loss': loss.item(), 'Domain_loss': domain_loss.item(), 'Src_cls_loss': src_cls_loss.item(),
RuntimeError: CUDA error: device-side assert triggered
CUDA kernel errors might be asynchronously reported at some other API call, so the stacktrace below might be incorrect.
For debugging consider passing CUDA_LAUNCH_BLOCKING=1
Compile with `TORCH_USE_CUDA_DSA` to enable device-side assertions.

[n2 fno_mean] UDA FAILED — continuing
==================== [n2 fno_mean] done ====================
==================== ALL n done ====================
